Archive member included to satisfy reference by file (symbol)

/usr/local/m68k-elf/lib/libc.a(libc_a-exit.o)
                              crt0.o (exit)
/usr/local/m68k-elf/lib/libc.a(libc_a-findfp.o)
                              /usr/local/m68k-elf/lib/libc.a(libc_a-exit.o) (__stdio_exit_handler)
/usr/local/m68k-elf/lib/libc.a(libc_a-fwalk.o)
                              /usr/local/m68k-elf/lib/libc.a(libc_a-findfp.o) (_fwalk_sglue)
/usr/local/m68k-elf/lib/libc.a(libc_a-putchar.o)
                              test1.o (putchar)
/usr/local/m68k-elf/lib/libc.a(libc_a-scanf.o)
                              test1.o (scanf)
/usr/local/m68k-elf/lib/libc.a(libc_a-stdio.o)
                              /usr/local/m68k-elf/lib/libc.a(libc_a-findfp.o) (__sread)
/usr/local/m68k-elf/lib/libc.a(libc_a-closer.o)
                              /usr/local/m68k-elf/lib/libc.a(libc_a-stdio.o) (_close_r)
/usr/local/m68k-elf/lib/libc.a(libc_a-reent.o)
                              /usr/local/m68k-elf/lib/libc.a(libc_a-closer.o) (errno)
/usr/local/m68k-elf/lib/libc.a(libc_a-impure.o)
                              /usr/local/m68k-elf/lib/libc.a(libc_a-putchar.o) (_impure_ptr)
/usr/local/m68k-elf/lib/libc.a(libc_a-lseekr.o)
                              /usr/local/m68k-elf/lib/libc.a(libc_a-stdio.o) (_lseek_r)
/usr/local/m68k-elf/lib/libc.a(libc_a-readr.o)
                              /usr/local/m68k-elf/lib/libc.a(libc_a-stdio.o) (_read_r)
/usr/local/m68k-elf/lib/libc.a(libc_a-writer.o)
                              /usr/local/m68k-elf/lib/libc.a(libc_a-stdio.o) (_write_r)
/usr/local/m68k-elf/lib/libc.a(libc_a-memset.o)
                              /usr/local/m68k-elf/lib/libc.a(libc_a-findfp.o) (memset)
/usr/local/m68k-elf/lib/libc.a(libc_a-__call_atexit.o)
                              /usr/local/m68k-elf/lib/libc.a(libc_a-exit.o) (__call_exitprocs)
/usr/local/m68k-elf/lib/libc.a(libc_a-freer.o)
                              /usr/local/m68k-elf/lib/libc.a(libc_a-reent.o) (_free_r)
/usr/local/m68k-elf/lib/libc.a(libc_a-mallocr.o)
                              /usr/local/m68k-elf/lib/libc.a(libc_a-findfp.o) (_malloc_r)
/usr/local/m68k-elf/lib/libc.a(libc_a-mlock.o)
                              /usr/local/m68k-elf/lib/libc.a(libc_a-freer.o) (__malloc_lock)
/usr/local/m68k-elf/lib/libc.a(libc_a-vfscanf.o)
                              /usr/local/m68k-elf/lib/libc.a(libc_a-scanf.o) (_vfscanf_r)
/usr/local/m68k-elf/lib/libc.a(libc_a-fclose.o)
                              /usr/local/m68k-elf/lib/libc.a(libc_a-findfp.o) (_fclose_r)
/usr/local/m68k-elf/lib/libc.a(libc_a-fflush.o)
                              /usr/local/m68k-elf/lib/libc.a(libc_a-fclose.o) (__sflush_r)
/usr/local/m68k-elf/lib/libc.a(libc_a-fread.o)
                              /usr/local/m68k-elf/lib/libc.a(libc_a-vfscanf.o) (_fread_r)
/usr/local/m68k-elf/lib/libc.a(libc_a-putc.o)
                              /usr/local/m68k-elf/lib/libc.a(libc_a-putchar.o) (_putc_r)
/usr/local/m68k-elf/lib/libc.a(libc_a-refill.o)
                              /usr/local/m68k-elf/lib/libc.a(libc_a-vfscanf.o) (__srefill_r)
/usr/local/m68k-elf/lib/libc.a(libc_a-sccl.o)
                              /usr/local/m68k-elf/lib/libc.a(libc_a-vfscanf.o) (__sccl)
/usr/local/m68k-elf/lib/libc.a(libc_a-sprintf.o)
                              /usr/local/m68k-elf/lib/libc.a(libc_a-vfscanf.o) (sprintf)
/usr/local/m68k-elf/lib/libc.a(libc_a-ungetc.o)
                              /usr/local/m68k-elf/lib/libc.a(libc_a-vfscanf.o) (_ungetc_r)
/usr/local/m68k-elf/lib/libc.a(libc_a-wbuf.o)
                              /usr/local/m68k-elf/lib/libc.a(libc_a-putc.o) (__swbuf_r)
/usr/local/m68k-elf/lib/libc.a(libc_a-wsetup.o)
                              /usr/local/m68k-elf/lib/libc.a(libc_a-wbuf.o) (__swsetup_r)
/usr/local/m68k-elf/lib/libc.a(libc_a-locale.o)
                              /usr/local/m68k-elf/lib/libc.a(libc_a-vfscanf.o) (__locale_mb_cur_max)
/usr/local/m68k-elf/lib/libc.a(libc_a-localeconv.o)
                              /usr/local/m68k-elf/lib/libc.a(libc_a-vfscanf.o) (_localeconv_r)
/usr/local/m68k-elf/lib/libc.a(libc_a-sbrkr.o)
                              /usr/local/m68k-elf/lib/libc.a(libc_a-freer.o) (_sbrk_r)
/usr/local/m68k-elf/lib/libc.a(libc_a-memcpy.o)
                              /usr/local/m68k-elf/lib/libc.a(libc_a-fread.o) (memcpy)
/usr/local/m68k-elf/lib/libc.a(libm_a-sf_nan.o)
                              /usr/local/m68k-elf/lib/libc.a(libc_a-vfscanf.o) (nanf)
/usr/local/m68k-elf/lib/libc.a(libc_a-mbtowc_r.o)
                              /usr/local/m68k-elf/lib/libc.a(libc_a-locale.o) (__ascii_mbtowc)
/usr/local/m68k-elf/lib/libc.a(libc_a-reallocr.o)
                              /usr/local/m68k-elf/lib/libc.a(libc_a-ungetc.o) (_realloc_r)
/usr/local/m68k-elf/lib/libc.a(libc_a-strtod.o)
                              /usr/local/m68k-elf/lib/libc.a(libc_a-vfscanf.o) (_strtod_r)
/usr/local/m68k-elf/lib/libc.a(libc_a-strtol.o)
[...]
Memory Configuration

Name             Origin             Length             Attributes
ram              0x0000000000000000 0x0000000000040000 xrw
rom0             0x0000000000c00000 0x0000000000080000
device           0x0000000000fff000 0x0000000000001000
*default*        0x0000000000000000 0xffffffffffffffff

Linker script and memory map

LOAD crt0.o
LOAD mon.o
LOAD inchrw.o
LOAD outchr.o
LOAD csys68k.o
LOAD test1.o
START GROUP
LOAD /usr/local/m68k-elf/lib/libidp.a
LOAD /usr/local/m68k-elf/lib/libc.a
LOAD /usr/local/lib/gcc/m68k-elf/11/libgcc.a
END GROUP
                0x0000000000000000                __DYNAMIC = 0x0
                0x000000000003fff0                PROVIDE (__stack = 0x3fff0)
                0x0000000000000000                PROVIDE (hardware_init_hook = 0x0)
                [!provide]                        PROVIDE (_hardware_init_hook = 0x0)
                0x0000000000000000                PROVIDE (software_init_hook = 0x0)
                [!provide]                        PROVIDE (_software_init_hook = 0x0)

.vector
 *(.vector)

.text           0x0000000000000400    0x11290
                0x0000000000000400                __text_start = .
 *(.text)
 .text          0x0000000000000400       0x90 crt0.o
                0x000000000000043c                start
 .text          0x0000000000000490      0x3e0 mon.o
                0x0000000000000490                monitor_begin
 .text          0x0000000000000870       0x28 inchrw.o
                0x0000000000000870                inbyte
 .text          0x0000000000000898       0x30 outchr.o
                0x0000000000000898                outbyte
 .text          0x00000000000008c8       0xe6 csys68k.o
                0x00000000000008c8                read
                0x0000000000000958                write
 *fill*         0x00000000000009ae        0x2 
 .text          0x00000000000009b0        0x0 test1.o
 .text          0x00000000000009b0       0x28 /usr/local/m68k-elf/lib/libc.a(libc_a-exit.o)
                0x00000000000009b0                exit
 .text          0x00000000000009d8      0x362 /usr/local/m68k-elf/lib/libc.a(libc_a-findfp.o)
                0x0000000000000bd8                __sfp
                0x0000000000000ce6                __sinit
                0x0000000000000d06                __sfp_lock_acquire
                0x0000000000000d08                __sfp_lock_release
                0x0000000000000d0a                __fp_lock_all
                0x0000000000000d22                __fp_unlock_all
 *fill*         0x0000000000000d3a        0x2 
 .text          0x0000000000000d3c       0x56 /usr/local/m68k-elf/lib/libc.a(libc_a-fwalk.o)
                0x0000000000000d3c                _fwalk_sglue
 *fill*         0x0000000000000d92        0x2 
 .text          0x0000000000000d94       0x36 /usr/local/m68k-elf/lib/libc.a(libc_a-putchar.o)
                0x0000000000000d94                _putchar_r
                0x0000000000000dae                putchar
 *fill*         0x0000000000000dca        0x2 
 .text          0x0000000000000dcc       0x4a /usr/local/m68k-elf/lib/libc.a(libc_a-scanf.o)
                0x0000000000000dcc                scanf
                0x0000000000000df2                _scanf_r
 *fill*         0x0000000000000e16        0x2 
 .text          0x0000000000000e18      0x114 /usr/local/m68k-elf/lib/libc.a(libc_a-stdio.o)
                0x0000000000000e18                __sread
                0x0000000000000e50                __seofread
                0x0000000000000e54                __swrite
                0x0000000000000eda                __sseek
                0x0000000000000f1a                __sclose
 .text          0x0000000000000f2c       0x2a /usr/local/m68k-elf/lib/libc.a(libc_a-closer.o)
                0x0000000000000f2c                _close_r
 *fill*         0x0000000000000f56        0x2 
 .text          0x0000000000000f58       0x92 /usr/local/m68k-elf/lib/libc.a(libc_a-reent.o)
                0x0000000000000f58                _reclaim_reent
 *fill*         0x0000000000000fea        0x2 
 .text          0x0000000000000fec        0x0 /usr/local/m68k-elf/lib/libc.a(libc_a-impure.o)
 .text          0x0000000000000fec       0x34 /usr/local/m68k-elf/lib/libc.a(libc_a-lseekr.o)
                0x0000000000000fec                _lseek_r
 .text          0x0000000000001020       0x34 /usr/local/m68k-elf/lib/libc.a(libc_a-readr.o)
                0x0000000000001020                _read_r
 .text          0x0000000000001054       0x34 /usr/local/m68k-elf/lib/libc.a(libc_a-writer.o)
                0x0000000000001054                _write_r
 .text          0x0000000000001088       0x72 /usr/local/m68k-elf/lib/libc.a(libc_a-memset.o)
                0x0000000000001088                memset
 *fill*         0x00000000000010fa        0x2 
 .text          0x00000000000010fc       0xaa /usr/local/m68k-elf/lib/libc.a(libc_a-__call_atexit.o)
                0x00000000000010fc                __call_exitprocs
 *fill*         0x00000000000011a6        0x2 
 .text          0x00000000000011a8      0x424 /usr/local/m68k-elf/lib/libc.a(libc_a-freer.o)
                0x00000000000011a8                _malloc_trim_r
                0x0000000000001282                _free_r
 .text          0x00000000000015cc      0x85a /usr/local/m68k-elf/lib/libc.a(libc_a-mallocr.o)
                0x00000000000015cc                _malloc_r
 *fill*         0x0000000000001e26        0x2 
 .text          0x0000000000001e28        0x4 /usr/local/m68k-elf/lib/libc.a(libc_a-mlock.o)
                0x0000000000001e28                __malloc_lock
                0x0000000000001e2a                __malloc_unlock
 .text          0x0000000000001e2c     0x188c /usr/local/m68k-elf/lib/libc.a(libc_a-vfscanf.o)
                0x0000000000001e2c                __svfscanf_r
                0x00000000000035f0                vfscanf
                0x0000000000003642                __svfscanf
                0x000000000000365e                _vfscanf_r
 .text          0x00000000000036b8       0xea /usr/local/m68k-elf/lib/libc.a(libc_a-fclose.o)
                0x00000000000036b8                _fclose_r
                0x0000000000003790                fclose
 *fill*         0x00000000000037a2        0x2 
 .text          0x00000000000037a4      0x296 /usr/local/m68k-elf/lib/libc.a(libc_a-fflush.o)
                0x00000000000037a4                __sflush_r
                0x0000000000003988                _fflush_r
                0x00000000000039ca                fflush
 *fill*         0x0000000000003a3a        0x2 
 .text          0x0000000000003a3c      0x1ee /usr/local/m68k-elf/lib/libc.a(libc_a-fread.o)
                0x0000000000003a3c                _fread_r
                0x0000000000003c0a                fread
 *fill*         0x0000000000003c2a        0x2 
 .text          0x0000000000003c2c       0xec /usr/local/m68k-elf/lib/libc.a(libc_a-putc.o)
                0x0000000000003c2c                _putc_r
                0x0000000000003ca4                putc
 .text          0x0000000000003d18      0x1fc /usr/local/m68k-elf/lib/libc.a(libc_a-refill.o)
                0x0000000000003d40                __srefill_r
 .text          0x0000000000003f14       0xce /usr/local/m68k-elf/lib/libc.a(libc_a-sccl.o)
                0x0000000000003f14                __sccl
 *fill*         0x0000000000003fe2        0x2 
 .text          0x0000000000003fe4       0xa2 /usr/local/m68k-elf/lib/libc.a(libc_a-sprintf.o)
                0x0000000000003fe4                _sprintf_r
                0x0000000000004034                sprintf
 *fill*         0x0000000000004086        0x2 
 .text          0x0000000000004088      0x1fe /usr/local/m68k-elf/lib/libc.a(libc_a-ungetc.o)
                0x0000000000004088                __submore
                0x000000000000412a                _ungetc_r
                0x000000000000426e                ungetc
 *fill*         0x0000000000004286        0x2 
 .text          0x0000000000004288      0x12a /usr/local/m68k-elf/lib/libc.a(libc_a-wbuf.o)
                0x0000000000004288                __swbuf_r
                0x000000000000439a                __swbuf
 *fill*         0x00000000000043b2        0x2 
 .text          0x00000000000043b4      0x12a /usr/local/m68k-elf/lib/libc.a(libc_a-wsetup.o)
                0x00000000000043b4                __swsetup_r
 *fill*         0x00000000000044de        0x2 
 .text          0x00000000000044e0       0xb4 /usr/local/m68k-elf/lib/libc.a(libc_a-locale.o)
                0x00000000000044e0                _setlocale_r
                0x0000000000004534                __locale_mb_cur_max
                0x0000000000004540                setlocale
 .text          0x0000000000004594       0x1c /usr/local/m68k-elf/lib/libc.a(libc_a-localeconv.o)
                0x0000000000004594                __localeconv_l
                0x00000000000045a0                _localeconv_r
                0x00000000000045a8                localeconv
 .text          0x00000000000045b0       0x2a /usr/local/m68k-elf/lib/libc.a(libc_a-sbrkr.o)
                0x00000000000045b0                _sbrk_r
 *fill*         0x00000000000045da        0x2 
 .text          0x00000000000045dc       0x6e /usr/local/m68k-elf/lib/libc.a(libc_a-memcpy.o)
                0x00000000000045dc                memcpy
 *fill*         0x000000000000464a        0x2 
 .text          0x000000000000464c        0x8 /usr/local/m68k-elf/lib/libc.a(libm_a-sf_nan.o)
                0x000000000000464c                nanf
 .text          0x0000000000004654       0x4c /usr/local/m68k-elf/lib/libc.a(libc_a-mbtowc_r.o)
                0x0000000000004654                _mbtowc_r
                0x000000000000465c                __ascii_mbtowc
 .text          0x00000000000046a0      0x61a /usr/local/m68k-elf/lib/libc.a(libc_a-reallocr.o)
                0x00000000000046a0                _realloc_r
 *fill*         0x0000000000004cba        0x2 
 .text          0x0000000000004cbc     0x1980 /usr/local/m68k-elf/lib/libc.a(libc_a-strtod.o)
                0x0000000000004cbc                _strtod_l
                0x00000000000063e2                _strtod_r
                0x00000000000063fe                strtod_l
                0x000000000000641a                strtod
                0x0000000000006438                strtof_l
                0x0000000000006534                strtof
 .text          0x000000000000663c      0x2ba /usr/local/m68k-elf/lib/libc.a(libc_a-strtol.o)
                0x00000000000068b8                _strtol_r
                0x00000000000068bc                strtol_l
                0x00000000000068da                strtol
 *fill*         0x00000000000068f6        0x2 
 .text          0x00000000000068f8      0x240 /usr/local/m68k-elf/lib/libc.a(libc_a-strtoul.o)
                0x0000000000006afa                _strtoul_r
                0x0000000000006afe                strtoul_l
                0x0000000000006b1c                strtoul
 .text          0x0000000000006b38       0x36 /usr/local/m68k-elf/lib/libc.a(libc_a-wctomb_r.o)
                0x0000000000006b38                _wctomb_r
                0x0000000000006b40                __ascii_wctomb
 *fill*         0x0000000000006b6e        0x2 
 .text          0x0000000000006b70       0xc8 /usr/local/m68k-elf/lib/libc.a(libc_a-mbrtowc.o)
                0x0000000000006b70                _mbrtowc_r
                0x0000000000006bd2                mbrtowc
 .text          0x0000000000006c38        0x0 /usr/local/m68k-elf/lib/libc.a(libc_a-ctype_.o)
 .text          0x0000000000006c38       0x10 /usr/local/m68k-elf/lib/libc.a(libc_a-iswspace.o)
                0x0000000000006c38                iswspace
 .text          0x0000000000006c48       0x26 /usr/local/m68k-elf/lib/libc.a(libc_a-iswspace_l.o)
                0x0000000000006c48                iswspace_l
 *fill*         0x0000000000006c6e        0x2 
 .text          0x0000000000006c70     0x1db0 /usr/local/m68k-elf/lib/libc.a(libc_a-svfprintf.o)
                0x0000000000006c70                _svfprintf_r
 .text          0x0000000000008a20      0x1d2 /usr/local/m68k-elf/lib/libc.a(libc_a-makebuf.o)
                0x0000000000008a20                __smakebuf_r
                0x0000000000008b56                __swhatbuf_r
 *fill*         0x0000000000008bf2        0x2 
 .text          0x0000000000008bf4       0x9c /usr/local/m68k-elf/lib/libc.a(libc_a-memchr.o)
                0x0000000000008bf4                memchr
 .text          0x0000000000008c90       0xfa /usr/local/m68k-elf/lib/libc.a(libc_a-memmove.o)
                0x0000000000008c90                memmove
 *fill*         0x0000000000008d8a        0x2 
 .text          0x0000000000008d8c       0x6e /usr/local/m68k-elf/lib/libc.a(libc_a-strcmp.o)
                0x0000000000008d8c                strcmp
 *fill*         0x0000000000008dfa        0x2 
 .text          0x0000000000008dfc       0xa4 /usr/local/m68k-elf/lib/libc.a(libc_a-strncmp.o)
                0x0000000000008dfc                strncmp
 .text          0x0000000000008ea0       0x2e /usr/local/m68k-elf/lib/libc.a(libc_a-fstatr.o)
                0x0000000000008ea0                _fstat_r
 *fill*         0x0000000000008ece        0x2 
 .text          0x0000000000008ed0       0x2a /usr/local/m68k-elf/lib/libc.a(libc_a-isattyr.o)
                0x0000000000008ed0                _isatty_r
 *fill*         0x0000000000008efa        0x2 
 .text          0x0000000000008efc        0x8 /usr/local/m68k-elf/lib/libc.a(libc_a-errno.o)
                0x0000000000008efc                __errno
 .text          0x0000000000008f04       0x14 /usr/local/m68k-elf/lib/libc.a(libc_a-strlen.o)
                0x0000000000008f04                strlen
 .text          0x0000000000008f18        0xa /usr/local/m68k-elf/lib/libc.a(libm_a-s_nan.o)
                0x0000000000008f18                nan
 *fill*         0x0000000000008f22        0x2 
 .text          0x0000000000008f24     0x1ae0 /usr/local/m68k-elf/lib/libc.a(libc_a-dtoa.o)
                0x00000000000090ac                _dtoa_r
 .text          0x000000000000aa04      0x8d0 /usr/local/m68k-elf/lib/libc.a(libc_a-gdtoa-gethex.o)
                0x000000000000aad2                __gethex
 .text          0x000000000000b2d4      0x268 /usr/local/m68k-elf/lib/libc.a(libc_a-gdtoa-hexnan.o)
                0x000000000000b2d4                __match
                0x000000000000b31a                __hexnan
 .text          0x000000000000b53c      0xe1a /usr/local/m68k-elf/lib/libc.a(libc_a-mprec.o)
                0x000000000000b53c                _Balloc
                0x000000000000b5cc                _Bfree
                0x000000000000b5f0                __multadd
                0x000000000000b6ea                __s2b
                0x000000000000b7c6                __hi0bits
                0x000000000000b820                __lo0bits
                0x000000000000b896                __i2b
                0x000000000000b93a                __multiply
                0x000000000000bb4a                __pow5mult
                0x000000000000bc42                __lshift
                0x000000000000bd32                __mcmp
                0x000000000000bd80                __mdiff
                0x000000000000bf56                __ulp
                0x000000000000bfa8                __b2d
                0x000000000000c09a                __d2b
                0x000000000000c1b4                __ratio
                0x000000000000c24c                _mprec_log10
                0x000000000000c2a6                __copybits
                0x000000000000c2fc                __any_on
 *fill*         0x000000000000c356        0x2 
 .text          0x000000000000c358      0xe32 /usr/local/m68k-elf/lib/libc.a(libc_a-svfiprintf.o)
                0x000000000000c358                __ssprint_r
                0x000000000000c4b8                _svfiprintf_r
 *fill*         0x000000000000d18a        0x2 
 .text          0x000000000000d18c       0x80 /usr/local/m68k-elf/lib/libc.a(libc_a-assert.o)
                0x000000000000d18c                __assert_func
                0x000000000000d1fa                __assert
 .text          0x000000000000d20c      0x122 /usr/local/m68k-elf/lib/libc.a(libc_a-callocr.o)
                0x000000000000d20c                _calloc_r
 *fill*         0x000000000000d32e        0x2 
 .text          0x000000000000d330       0x46 /usr/local/m68k-elf/lib/libc.a(libc_a-fiprintf.o)
                0x000000000000d330                _fiprintf_r
                0x000000000000d352                fiprintf
 *fill*         0x000000000000d376        0x2 
 .text          0x000000000000d378     0x11c4 /usr/local/m68k-elf/lib/libc.a(libc_a-vfiprintf.o)
                0x000000000000d414                __sprint_r
                0x000000000000d43e                _vfiprintf_r
                0x000000000000e47e                vfiprintf
 .text          0x000000000000e53c      0x3cc /usr/local/m68k-elf/lib/libc.a(libc_a-fvwrite.o)
                0x000000000000e53c                __sfvwrite_r
 .text          0x000000000000e908      0x166 /usr/local/m68k-elf/lib/libc.a(libc_a-fputwc.o)
                0x000000000000e908                __fputwc
                0x000000000000e9e6                _fputwc_r
                0x000000000000ea1a                fputwc
 *fill*         0x000000000000ea6e        0x2 
 .text          0x000000000000ea70       0x14 /usr/local/m68k-elf/lib/libc.a(libc_a-abort.o)
                0x000000000000ea70                abort
 .text          0x000000000000ea84       0xc8 /usr/local/m68k-elf/lib/libc.a(libc_a-wcrtomb.o)
                0x000000000000ea84                _wcrtomb_r
                0x000000000000eae4                wcrtomb
 .text          0x000000000000eb4c      0x390 /usr/local/m68k-elf/lib/libc.a(libc_a-signal.o)
                0x000000000000eb4c                _init_signal_r
                0x000000000000eb8e                _signal_r
                0x000000000000ebfa                _raise_r
                0x000000000000ec7e                __sigtramp_r
                0x000000000000ed10                raise
                0x000000000000ed96                signal
                0x000000000000ee04                _init_signal
                0x000000000000ee48                __sigtramp
 .text          0x000000000000eedc       0x34 /usr/local/m68k-elf/lib/libc.a(libc_a-signalr.o)
                0x000000000000eedc                _kill_r
                0x000000000000ef0a                _getpid_r
 .text          0x000000000000ef10       0x22 /usr/local/lib/gcc/m68k-elf/11/libgcc.a(_mulsi3.o)
                0x000000000000ef10                __mulsi3
 *fill*         0x000000000000ef32        0x2 
 .text          0x000000000000ef34       0x5c /usr/local/lib/gcc/m68k-elf/11/libgcc.a(_udivsi3.o)
                0x000000000000ef34                __udivsi3
 .text          0x000000000000ef90       0x2e /usr/local/lib/gcc/m68k-elf/11/libgcc.a(_divsi3.o)
                0x000000000000ef90                __divsi3
 *fill*         0x000000000000efbe        0x2 
 .text          0x000000000000efc0       0x2e /usr/local/lib/gcc/m68k-elf/11/libgcc.a(_umodsi3.o)
                0x000000000000efc0                __umodsi3
 *fill*         0x000000000000efee        0x2 
 .text          0x000000000000eff0       0x2e /usr/local/lib/gcc/m68k-elf/11/libgcc.a(_modsi3.o)
                0x000000000000eff0                __modsi3
 *fill*         0x000000000000f01e        0x2 
 .text          0x000000000000f020      0x9cc /usr/local/lib/gcc/m68k-elf/11/libgcc.a(_double.o)
                0x000000000000f07a                __subdf3
                0x000000000000f080                __adddf3
                0x000000000000f416                __muldf3
                0x000000000000f5c4                __divdf3
                0x000000000000f838                __negdf2
                0x000000000000f896                __cmpdf2_internal
                0x000000000000f966                __cmpdf2
 .text          0x000000000000f9ec       0x6a /usr/local/lib/gcc/m68k-elf/11/libgcc.a(_floatex.o)
                0x000000000000f9ec                __clear_sticky_bit
                0x000000000000f9fa                $_exception_handler
 *fill*         0x000000000000fa56        0x2 
 .text          0x000000000000fa58       0x22 /usr/local/lib/gcc/m68k-elf/11/libgcc.a(_eqdf2.o)
                0x000000000000fa58                __eqdf2
 *fill*         0x000000000000fa7a        0x2 
 .text          0x000000000000fa7c       0x22 /usr/local/lib/gcc/m68k-elf/11/libgcc.a(_nedf2.o)
                0x000000000000fa7c                __nedf2
 *fill*         0x000000000000fa9e        0x2 
 .text          0x000000000000faa0       0x22 /usr/local/lib/gcc/m68k-elf/11/libgcc.a(_gtdf2.o)
                0x000000000000faa0                __gtdf2
 *fill*         0x000000000000fac2        0x2 
 .text          0x000000000000fac4       0x22 /usr/local/lib/gcc/m68k-elf/11/libgcc.a(_ltdf2.o)
                0x000000000000fac4                __ltdf2
 *fill*         0x000000000000fae6        0x2 
 .text          0x000000000000fae8       0x22 /usr/local/lib/gcc/m68k-elf/11/libgcc.a(_ledf2.o)
                0x000000000000fae8                __ledf2
 *fill*         0x000000000000fb0a        0x2 
 .text          0x000000000000fb0c       0x1a /usr/local/lib/gcc/m68k-elf/11/libgcc.a(_lesf2.o)
                0x000000000000fb0c                __lesf2
 *fill*         0x000000000000fb26        0x2 
 .text          0x000000000000fb28       0x66 /usr/local/lib/gcc/m68k-elf/11/libgcc.a(_fixunsdfsi.o)
                0x000000000000fb28                __fixunsdfsi
 *fill*         0x000000000000fb8e        0x2 
 .text          0x000000000000fb90       0x52 /usr/local/lib/gcc/m68k-elf/11/libgcc.a(_fixdfdi.o)
                0x000000000000fb90                __fixdfdi
 *fill*         0x000000000000fbe2        0x2 
 .text          0x000000000000fbe4       0x72 /usr/local/lib/gcc/m68k-elf/11/libgcc.a(_fixunsdfdi.o)
                0x000000000000fbe4                __fixunsdfdi
 *fill*         0x000000000000fc56        0x2 
 .text          0x000000000000fc58       0x4a /usr/local/lib/gcc/m68k-elf/11/libgcc.a(_floatdidf.o)
                0x000000000000fc58                __floatdidf
 *fill*         0x000000000000fca2        0x2 
 .text          0x000000000000fca4      0x53a /usr/local/lib/gcc/m68k-elf/11/libgcc.a(fpgnulib.o)
                0x000000000000fd52                __unordsf2
                0x000000000000fda8                __unorddf2
                0x000000000000fe18                __floatunsidf
                0x000000000000fe8e                __floatsidf
                0x000000000000fea2                __floatunsisf
                0x000000000000ff1c                __floatsisf
                0x000000000000ff38                __extendsfdf2
                0x000000000000ffac                __truncdfsf2
                0x00000000000100ba                __fixdfsi
                0x000000000001014a                __fixsfsi
 *fill*         0x00000000000101de        0x2 
 .text          0x00000000000101e0      0x8c0 /usr/local/lib/gcc/m68k-elf/11/libgcc.a(xfgnulib.o)
                0x00000000000101e0                __unordxf2
                0x0000000000010280                __extenddfxf2
                0x0000000000010334                __truncxfdf2
                0x00000000000103fc                __extendsfxf2
                0x00000000000104b6                __truncxfsf2
                0x00000000000105b0                __floatsixf
                0x00000000000105f6                __floatunsixf
                0x000000000001063c                __fixxfsi
                0x000000000001065e                __addxf3
                0x00000000000106d4                __subxf3
                0x000000000001074a                __mulxf3
                0x00000000000107c0                __divxf3
                0x0000000000010836                __negxf2
                0x000000000001088c                __cmpxf2
                0x00000000000108d8                __eqxf2
                0x0000000000010924                __nexf2
                0x0000000000010970                __ltxf2
                0x00000000000109bc                __lexf2
                0x0000000000010a08                __gtxf2
                0x0000000000010a54                __gexf2
 .text          0x0000000000010aa0      0x72a /usr/local/lib/gcc/m68k-elf/11/libgcc.a(_float.o)
                0x0000000000010ae8                __subsf3
                0x0000000000010aee                __addsf3
                0x0000000000010d7c                __mulsf3
                0x0000000000010ea8                __divsf3
                0x000000000001106e                __negsf2
                0x00000000000110c0                __cmpsf2_internal
                0x000000000001115c                __cmpsf2
 *fill*         0x00000000000111ca        0x2 
 .text          0x00000000000111cc       0x22 /usr/local/lib/gcc/m68k-elf/11/libgcc.a(_gedf2.o)
                0x00000000000111cc                __gedf2
 *fill*         0x00000000000111ee        0x2 
 .text          0x00000000000111f0        0x4 /usr/local/m68k-elf/lib/libidp.a(close.o)
                0x00000000000111f0                close
 .text          0x00000000000111f4       0x14 /usr/local/m68k-elf/lib/libidp.a(fstat.o)
                0x00000000000111f4                fstat
 .text          0x0000000000011208        0x4 /usr/local/m68k-elf/lib/libidp.a(getpid.o)
                0x0000000000011208                getpid
 .text          0x000000000001120c        0x4 /usr/local/m68k-elf/lib/libidp.a(isatty.o)
                0x000000000001120c                isatty
 .text          0x0000000000011210       0x16 /usr/local/m68k-elf/lib/libidp.a(kill.o)
                0x0000000000011210                kill
 *fill*         0x0000000000011226        0x2 
 .text          0x0000000000011228       0x10 /usr/local/m68k-elf/lib/libidp.a(lseek.o)
                0x0000000000011228                lseek
 .text          0x0000000000011238       0x2a /usr/local/m68k-elf/lib/libidp.a(sbrk.o)
                0x0000000000011238                sbrk
 *fill*         0x0000000000011262        0x2 
 .text          0x0000000000011264       0x12 /usr/local/m68k-elf/lib/libidp.a(mc68ec.o)
                0x0000000000011264                _exit
                0x0000000000011268                delay
                0x0000000000011278                . = ALIGN (0x4)
 *fill*         0x0000000000011276        0x2 
                0x0000000000011278                __CTOR_LIST__ = .
                0x0000000000011278                ___CTOR_LIST__ = .
                0x0000000000011278        0x4 LONG 0x0 (((__CTOR_END__ - __CTOR_LIST__) / 0x4) - 0x2)
 *(.ctors)
                0x000000000001127c        0x4 LONG 0x0
                0x0000000000011280                __CTOR_END__ = .
                0x0000000000011280                __DTOR_LIST__ = .
                0x0000000000011280                ___DTOR_LIST__ = .
                0x0000000000011280        0x4 LONG 0x0 (((__DTOR_END__ - __DTOR_LIST__) / 0x4) - 0x2)
 *(.dtors)
                0x0000000000011284        0x4 LONG 0x0
                0x0000000000011288                __DTOR_END__ = .
 *(.rodata)
 .rodata        0x0000000000011288       0x22 /usr/local/m68k-elf/lib/libc.a(libc_a-vfscanf.o)
 .rodata        0x00000000000112aa       0x50 /usr/local/m68k-elf/lib/libc.a(libc_a-strtod.o)
 .rodata        0x00000000000112fa      0x101 /usr/local/m68k-elf/lib/libc.a(libc_a-ctype_.o)
                0x00000000000112fa                _ctype_
 .rodata        0x00000000000113fb       0x20 /usr/local/m68k-elf/lib/libc.a(libc_a-svfprintf.o)
 .rodata        0x000000000001141b      0x100 /usr/local/m68k-elf/lib/libc.a(libc_a-gdtoa-gethex.o)
                0x000000000001141b                __hexdig
 *fill*         0x000000000001151b        0x1 
 .rodata        0x000000000001151c      0x124 /usr/local/m68k-elf/lib/libc.a(libc_a-mprec.o)
                0x0000000000011528                __mprec_tinytens
                0x0000000000011550                __mprec_bigtens
                0x0000000000011578                __mprec_tens
 .rodata        0x0000000000011640       0x20 /usr/local/m68k-elf/lib/libc.a(libc_a-svfiprintf.o)
 .rodata        0x0000000000011660       0x20 /usr/local/m68k-elf/lib/libc.a(libc_a-vfiprintf.o)
 *(.gcc_except_table)
                0x0000000000011680                __INIT_SECTION__ = .
                0x0000000000011680        0x4 LONG 0x4e560000
 *(.init)
                0x0000000000011684        0x2 SHORT 0x4e5e
                0x0000000000011686        0x2 SHORT 0x4e75
                0x0000000000011688                __FINI_SECTION__ = .
                0x0000000000011688        0x4 LONG 0x4e560000
 *(.fini)
                0x000000000001168c        0x2 SHORT 0x4e5e
                0x000000000001168e        0x2 SHORT 0x4e75
                0x0000000000011690                _etext = .
 *(.lit)

.text.startup   0x0000000000011690       0x4c
 .text.startup  0x0000000000011690       0x4c test1.o
                0x0000000000011690                main

.rodata.str1.1  0x00000000000116dc      0x1e6
 .rodata.str1.1
                0x00000000000116dc        0x3 test1.o
 .rodata.str1.1
                0x00000000000116df        0x6 /usr/local/m68k-elf/lib/libc.a(libc_a-vfscanf.o)
 .rodata.str1.1
                0x00000000000116e5        0xb /usr/local/m68k-elf/lib/libc.a(libc_a-locale.o)
 .rodata.str1.1
                0x00000000000116f0        0xf /usr/local/m68k-elf/lib/libc.a(libc_a-strtod.o)
 .rodata.str1.1
                0x00000000000116ff        0x1 /usr/local/m68k-elf/lib/libc.a(libc_a-mbrtowc.o)
 .rodata.str1.1
                0x0000000000011700       0x3b /usr/local/m68k-elf/lib/libc.a(libc_a-svfprintf.o)
 .rodata.str1.1
                0x000000000001173b       0x59 /usr/local/m68k-elf/lib/libc.a(libc_a-dtoa.o)
 .rodata.str1.1
                0x0000000000011794       0x54 /usr/local/m68k-elf/lib/libc.a(libc_a-gdtoa-gethex.o)
 .rodata.str1.1
                0x00000000000117e8       0x4b /usr/local/m68k-elf/lib/libc.a(libc_a-mprec.o)
 .rodata.str1.1
                0x0000000000011833       0x29 /usr/local/m68k-elf/lib/libc.a(libc_a-svfiprintf.o)
 .rodata.str1.1
                0x000000000001185c       0x3d /usr/local/m68k-elf/lib/libc.a(libc_a-assert.o)
 .rodata.str1.1
                0x0000000000011899       0x29 /usr/local/m68k-elf/lib/libc.a(libc_a-vfiprintf.o)

.data           0x00000000000118c4      0x8f4
 *(.shdata)
 *(.data)
 .data          0x00000000000118c4        0x4 crt0.o
 .data          0x00000000000118c8      0x232 mon.o
 *fill*         0x0000000000011afa        0x2 
 .data          0x0000000000011afc        0x0 inchrw.o
 .data          0x0000000000011afc        0x0 outchr.o
 .data          0x0000000000011afc        0x0 csys68k.o
 .data          0x0000000000011afc        0x0 test1.o
 .data          0x0000000000011afc        0x0 /usr/local/m68k-elf/lib/libc.a(libc_a-exit.o)
 .data          0x0000000000011afc        0xc /usr/local/m68k-elf/lib/libc.a(libc_a-findfp.o)
                0x0000000000011afc                __sglue
 .data          0x0000000000011b08        0x0 /usr/local/m68k-elf/lib/libc.a(libc_a-fwalk.o)
 .data          0x0000000000011b08        0x0 /usr/local/m68k-elf/lib/libc.a(libc_a-putchar.o)
 .data          0x0000000000011b08        0x0 /usr/local/m68k-elf/lib/libc.a(libc_a-scanf.o)
 .data          0x0000000000011b08        0x0 /usr/local/m68k-elf/lib/libc.a(libc_a-stdio.o)
 .data          0x0000000000011b08        0x0 /usr/local/m68k-elf/lib/libc.a(libc_a-closer.o)
 .data          0x0000000000011b08        0x0 /usr/local/m68k-elf/lib/libc.a(libc_a-reent.o)
 .data          0x0000000000011b08      0x11a /usr/local/m68k-elf/lib/libc.a(libc_a-impure.o)
                0x0000000000011b08                _impure_ptr
                0x0000000000011b0c                _impure_data
 *fill*         0x0000000000011c22        0x2 
 .data          0x0000000000011c24        0x0 /usr/local/m68k-elf/lib/libc.a(libc_a-lseekr.o)
 .data          0x0000000000011c24        0x0 /usr/local/m68k-elf/lib/libc.a(libc_a-readr.o)
 .data          0x0000000000011c24        0x0 /usr/local/m68k-elf/lib/libc.a(libc_a-writer.o)
 .data          0x0000000000011c24        0x0 /usr/local/m68k-elf/lib/libc.a(libc_a-memset.o)
 .data          0x0000000000011c24        0x0 /usr/local/m68k-elf/lib/libc.a(libc_a-__call_atexit.o)
 .data          0x0000000000011c24        0x0 /usr/local/m68k-elf/lib/libc.a(libc_a-freer.o)
 .data          0x0000000000011c24      0x410 /usr/local/m68k-elf/lib/libc.a(libc_a-mallocr.o)
                0x0000000000011c24                __malloc_sbrk_base
                0x0000000000011c28                __malloc_trim_threshold
                0x0000000000011c2c                __malloc_av_
 .data          0x0000000000012034        0x0 /usr/local/m68k-elf/lib/libc.a(libc_a-mlock.o)
 .data          0x0000000000012034        0x0 /usr/local/m68k-elf/lib/libc.a(libc_a-vfscanf.o)
 .data          0x0000000000012034        0x0 /usr/local/m68k-elf/lib/libc.a(libc_a-fclose.o)
 .data          0x0000000000012034        0x0 /usr/local/m68k-elf/lib/libc.a(libc_a-fflush.o)
 .data          0x0000000000012034        0x0 /usr/local/m68k-elf/lib/libc.a(libc_a-fread.o)
 .data          0x0000000000012034        0x0 /usr/local/m68k-elf/lib/libc.a(libc_a-putc.o)
 .data          0x0000000000012034        0x0 /usr/local/m68k-elf/lib/libc.a(libc_a-refill.o)
 .data          0x0000000000012034        0x0 /usr/local/m68k-elf/lib/libc.a(libc_a-sccl.o)
 .data          0x0000000000012034        0x0 /usr/local/m68k-elf/lib/libc.a(libc_a-sprintf.o)
 .data          0x0000000000012034        0x0 /usr/local/m68k-elf/lib/libc.a(libc_a-ungetc.o)
 .data          0x0000000000012034        0x0 /usr/local/m68k-elf/lib/libc.a(libc_a-wbuf.o)
 .data          0x0000000000012034        0x0 /usr/local/m68k-elf/lib/libc.a(libc_a-wsetup.o)
 .data          0x0000000000012034      0x168 /usr/local/m68k-elf/lib/libc.a(libc_a-locale.o)
                0x0000000000012034                __global_locale
 .data          0x000000000001219c        0x0 /usr/local/m68k-elf/lib/libc.a(libc_a-localeconv.o)
 .data          0x000000000001219c        0x0 /usr/local/m68k-elf/lib/libc.a(libc_a-sbrkr.o)
 .data          0x000000000001219c        0x0 /usr/local/m68k-elf/lib/libc.a(libc_a-memcpy.o)
 .data          0x000000000001219c        0x0 /usr/local/m68k-elf/lib/libc.a(libm_a-sf_nan.o)
 .data          0x000000000001219c        0x0 /usr/local/m68k-elf/lib/libc.a(libc_a-mbtowc_r.o)
 .data          0x000000000001219c        0x0 /usr/local/m68k-elf/lib/libc.a(libc_a-reallocr.o)
 .data          0x000000000001219c        0x0 /usr/local/m68k-elf/lib/libc.a(libc_a-strtod.o)
 .data          0x000000000001219c        0x0 /usr/local/m68k-elf/lib/libc.a(libc_a-strtol.o)
 .data          0x000000000001219c        0x0 /usr/local/m68k-elf/lib/libc.a(libc_a-strtoul.o)
 .data          0x000000000001219c        0x0 /usr/local/m68k-elf/lib/libc.a(libc_a-wctomb_r.o)
 .data          0x000000000001219c        0x0 /usr/local/m68k-elf/lib/libc.a(libc_a-mbrtowc.o)
 .data          0x000000000001219c        0x0 /usr/local/m68k-elf/lib/libc.a(libc_a-ctype_.o)
 .data          0x000000000001219c        0x0 /usr/local/m68k-elf/lib/libc.a(libc_a-iswspace.o)
 .data          0x000000000001219c        0x0 /usr/local/m68k-elf/lib/libc.a(libc_a-iswspace_l.o)
 .data          0x000000000001219c        0x0 /usr/local/m68k-elf/lib/libc.a(libc_a-svfprintf.o)
 .data          0x000000000001219c        0x0 /usr/local/m68k-elf/lib/libc.a(libc_a-makebuf.o)
 .data          0x000000000001219c        0x0 /usr/local/m68k-elf/lib/libc.a(libc_a-memchr.o)
 .data          0x000000000001219c        0x0 /usr/local/m68k-elf/lib/libc.a(libc_a-memmove.o)
 .data          0x000000000001219c        0x0 /usr/local/m68k-elf/lib/libc.a(libc_a-strcmp.o)
 .data          0x000000000001219c        0x0 /usr/local/m68k-elf/lib/libc.a(libc_a-strncmp.o)
 .data          0x000000000001219c        0x0 /usr/local/m68k-elf/lib/libc.a(libc_a-fstatr.o)
 .data          0x000000000001219c        0x0 /usr/local/m68k-elf/lib/libc.a(libc_a-isattyr.o)
 .data          0x000000000001219c        0x0 /usr/local/m68k-elf/lib/libc.a(libc_a-errno.o)
 .data          0x000000000001219c        0x0 /usr/local/m68k-elf/lib/libc.a(libc_a-strlen.o)
 .data          0x000000000001219c        0x0 /usr/local/m68k-elf/lib/libc.a(libm_a-s_nan.o)
 .data          0x000000000001219c        0x0 /usr/local/m68k-elf/lib/libc.a(libc_a-dtoa.o)
 .data          0x000000000001219c        0x0 /usr/local/m68k-elf/lib/libc.a(libc_a-gdtoa-gethex.o)
 .data          0x000000000001219c        0x0 /usr/local/m68k-elf/lib/libc.a(libc_a-gdtoa-hexnan.o)
 .data          0x000000000001219c        0x0 /usr/local/m68k-elf/lib/libc.a(libc_a-mprec.o)
 .data          0x000000000001219c        0x0 /usr/local/m68k-elf/lib/libc.a(libc_a-svfiprintf.o)
 .data          0x000000000001219c        0x0 /usr/local/m68k-elf/lib/libc.a(libc_a-assert.o)
 .data          0x000000000001219c        0x0 /usr/local/m68k-elf/lib/libc.a(libc_a-callocr.o)
 .data          0x000000000001219c        0x0 /usr/local/m68k-elf/lib/libc.a(libc_a-fiprintf.o)
 .data          0x000000000001219c        0x0 /usr/local/m68k-elf/lib/libc.a(libc_a-vfiprintf.o)
 .data          0x000000000001219c        0x0 /usr/local/m68k-elf/lib/libc.a(libc_a-fvwrite.o)
 .data          0x000000000001219c        0x0 /usr/local/m68k-elf/lib/libc.a(libc_a-fputwc.o)
 .data          0x000000000001219c        0x0 /usr/local/m68k-elf/lib/libc.a(libc_a-abort.o)
 .data          0x000000000001219c        0x0 /usr/local/m68k-elf/lib/libc.a(libc_a-wcrtomb.o)
 .data          0x000000000001219c        0x0 /usr/local/m68k-elf/lib/libc.a(libc_a-signal.o)
 .data          0x000000000001219c        0x0 /usr/local/m68k-elf/lib/libc.a(libc_a-signalr.o)
 .data          0x000000000001219c        0x0 /usr/local/lib/gcc/m68k-elf/11/libgcc.a(_mulsi3.o)
 .data          0x000000000001219c        0x0 /usr/local/lib/gcc/m68k-elf/11/libgcc.a(_udivsi3.o)
 .data          0x000000000001219c        0x0 /usr/local/lib/gcc/m68k-elf/11/libgcc.a(_divsi3.o)
 .data          0x000000000001219c        0x0 /usr/local/lib/gcc/m68k-elf/11/libgcc.a(_umodsi3.o)
 .data          0x000000000001219c        0x0 /usr/local/lib/gcc/m68k-elf/11/libgcc.a(_modsi3.o)
 .data          0x000000000001219c        0x0 /usr/local/lib/gcc/m68k-elf/11/libgcc.a(_double.o)
 .data          0x000000000001219c       0x1c /usr/local/lib/gcc/m68k-elf/11/libgcc.a(_floatex.o)
                0x000000000001219c                _fpCCR
 .data          0x00000000000121b8        0x0 /usr/local/lib/gcc/m68k-elf/11/libgcc.a(_eqdf2.o)
 .data          0x00000000000121b8        0x0 /usr/local/lib/gcc/m68k-elf/11/libgcc.a(_nedf2.o)
 .data          0x00000000000121b8        0x0 /usr/local/lib/gcc/m68k-elf/11/libgcc.a(_gtdf2.o)
 .data          0x00000000000121b8        0x0 /usr/local/lib/gcc/m68k-elf/11/libgcc.a(_ltdf2.o)
 .data          0x00000000000121b8        0x0 /usr/local/lib/gcc/m68k-elf/11/libgcc.a(_ledf2.o)
 .data          0x00000000000121b8        0x0 /usr/local/lib/gcc/m68k-elf/11/libgcc.a(_lesf2.o)
 .data          0x00000000000121b8        0x0 /usr/local/lib/gcc/m68k-elf/11/libgcc.a(_fixunsdfsi.o)
 .data          0x00000000000121b8        0x0 /usr/local/lib/gcc/m68k-elf/11/libgcc.a(_fixdfdi.o)
 .data          0x00000000000121b8        0x0 /usr/local/lib/gcc/m68k-elf/11/libgcc.a(_fixunsdfdi.o)
 .data          0x00000000000121b8        0x0 /usr/local/lib/gcc/m68k-elf/11/libgcc.a(_floatdidf.o)
 .data          0x00000000000121b8        0x0 /usr/local/lib/gcc/m68k-elf/11/libgcc.a(fpgnulib.o)
 .data          0x00000000000121b8        0x0 /usr/local/lib/gcc/m68k-elf/11/libgcc.a(xfgnulib.o)
 .data          0x00000000000121b8        0x0 /usr/local/lib/gcc/m68k-elf/11/libgcc.a(_float.o)
 .data          0x00000000000121b8        0x0 /usr/local/lib/gcc/m68k-elf/11/libgcc.a(_gedf2.o)
 .data          0x00000000000121b8        0x0 /usr/local/m68k-elf/lib/libidp.a(close.o)
 .data          0x00000000000121b8        0x0 /usr/local/m68k-elf/lib/libidp.a(fstat.o)
 .data          0x00000000000121b8        0x0 /usr/local/m68k-elf/lib/libidp.a(getpid.o)
 .data          0x00000000000121b8        0x0 /usr/local/m68k-elf/lib/libidp.a(isatty.o)
 .data          0x00000000000121b8        0x0 /usr/local/m68k-elf/lib/libidp.a(kill.o)
 .data          0x00000000000121b8        0x0 /usr/local/m68k-elf/lib/libidp.a(lseek.o)
 .data          0x00000000000121b8        0x0 /usr/local/m68k-elf/lib/libidp.a(sbrk.o)
 .data          0x00000000000121b8        0x0 /usr/local/m68k-elf/lib/libidp.a(mc68ec.o)
                0x00000000000121b8                _edata = .

.bss            0x00000000000121b8     0x828c
                0x00000000000121b8                . = ALIGN (0x4)
                0x00000000000121b8                __bss_start = .
 *(.shbss)
 *(.bss)
 .bss           0x00000000000121b8        0x0 crt0.o
 .bss           0x00000000000121b8     0x8104 mon.o
 .bss           0x000000000001a2bc        0x2 inchrw.o
 *fill*         0x000000000001a2be        0x2 
 .bss           0x000000000001a2c0        0x2 outchr.o
 *fill*         0x000000000001a2c2        0x2 
 .bss           0x000000000001a2c4        0x0 csys68k.o
 .bss           0x000000000001a2c4        0x0 test1.o
 .bss           0x000000000001a2c4        0x0 /usr/local/m68k-elf/lib/libc.a(libc_a-exit.o)
 .bss           0x000000000001a2c4      0x13c /usr/local/m68k-elf/lib/libc.a(libc_a-findfp.o)
                0x000000000001a2c4                __sf
                0x000000000001a3fc                __stdio_exit_handler
 .bss           0x000000000001a400        0x0 /usr/local/m68k-elf/lib/libc.a(libc_a-fwalk.o)
 .bss           0x000000000001a400        0x0 /usr/local/m68k-elf/lib/libc.a(libc_a-putchar.o)
 .bss           0x000000000001a400        0x0 /usr/local/m68k-elf/lib/libc.a(libc_a-scanf.o)
 .bss           0x000000000001a400        0x0 /usr/local/m68k-elf/lib/libc.a(libc_a-stdio.o)
 .bss           0x000000000001a400        0x0 /usr/local/m68k-elf/lib/libc.a(libc_a-closer.o)
 .bss           0x000000000001a400        0x4 /usr/local/m68k-elf/lib/libc.a(libc_a-reent.o)
                0x000000000001a400                errno
 .bss           0x000000000001a404        0x0 /usr/local/m68k-elf/lib/libc.a(libc_a-impure.o)
 .bss           0x000000000001a404        0x0 /usr/local/m68k-elf/lib/libc.a(libc_a-lseekr.o)
 .bss           0x000000000001a404        0x0 /usr/local/m68k-elf/lib/libc.a(libc_a-readr.o)
 .bss           0x000000000001a404        0x0 /usr/local/m68k-elf/lib/libc.a(libc_a-writer.o)
 .bss           0x000000000001a404        0x0 /usr/local/m68k-elf/lib/libc.a(libc_a-memset.o)
 .bss           0x000000000001a404        0x4 /usr/local/m68k-elf/lib/libc.a(libc_a-__call_atexit.o)
                0x000000000001a404                __atexit
 .bss           0x000000000001a408        0x0 /usr/local/m68k-elf/lib/libc.a(libc_a-freer.o)
 .bss           0x000000000001a408       0x34 /usr/local/m68k-elf/lib/libc.a(libc_a-mallocr.o)
                0x000000000001a408                __malloc_current_mallinfo
                0x000000000001a430                __malloc_max_total_mem
                0x000000000001a434                __malloc_max_sbrked_mem
                0x000000000001a438                __malloc_top_pad
 .bss           0x000000000001a43c        0x0 /usr/local/m68k-elf/lib/libc.a(libc_a-mlock.o)
 .bss           0x000000000001a43c        0x0 /usr/local/m68k-elf/lib/libc.a(libc_a-vfscanf.o)
 .bss           0x000000000001a43c        0x0 /usr/local/m68k-elf/lib/libc.a(libc_a-fclose.o)
 .bss           0x000000000001a43c        0x0 /usr/local/m68k-elf/lib/libc.a(libc_a-fflush.o)
 .bss           0x000000000001a43c        0x0 /usr/local/m68k-elf/lib/libc.a(libc_a-fread.o)
 .bss           0x000000000001a43c        0x0 /usr/local/m68k-elf/lib/libc.a(libc_a-putc.o)
 .bss           0x000000000001a43c        0x0 /usr/local/m68k-elf/lib/libc.a(libc_a-refill.o)
 .bss           0x000000000001a43c        0x0 /usr/local/m68k-elf/lib/libc.a(libc_a-sccl.o)
 .bss           0x000000000001a43c        0x0 /usr/local/m68k-elf/lib/libc.a(libc_a-sprintf.o)
 .bss           0x000000000001a43c        0x0 /usr/local/m68k-elf/lib/libc.a(libc_a-ungetc.o)
 .bss           0x000000000001a43c        0x0 /usr/local/m68k-elf/lib/libc.a(libc_a-wbuf.o)
 .bss           0x000000000001a43c        0x0 /usr/local/m68k-elf/lib/libc.a(libc_a-wsetup.o)
 .bss           0x000000000001a43c        0x4 /usr/local/m68k-elf/lib/libc.a(libc_a-locale.o)
                0x000000000001a43c                _PathLocale
 .bss           0x000000000001a440        0x0 /usr/local/m68k-elf/lib/libc.a(libc_a-localeconv.o)
 .bss           0x000000000001a440        0x0 /usr/local/m68k-elf/lib/libc.a(libc_a-sbrkr.o)
 .bss           0x000000000001a440        0x0 /usr/local/m68k-elf/lib/libc.a(libc_a-memcpy.o)
 .bss           0x000000000001a440        0x0 /usr/local/m68k-elf/lib/libc.a(libm_a-sf_nan.o)
 .bss           0x000000000001a440        0x0 /usr/local/m68k-elf/lib/libc.a(libc_a-mbtowc_r.o)
 .bss           0x000000000001a440        0x0 /usr/local/m68k-elf/lib/libc.a(libc_a-reallocr.o)
 .bss           0x000000000001a440        0x0 /usr/local/m68k-elf/lib/libc.a(libc_a-strtod.o)
 .bss           0x000000000001a440        0x0 /usr/local/m68k-elf/lib/libc.a(libc_a-strtol.o)
 .bss           0x000000000001a440        0x0 /usr/local/m68k-elf/lib/libc.a(libc_a-strtoul.o)
 .bss           0x000000000001a440        0x0 /usr/local/m68k-elf/lib/libc.a(libc_a-wctomb_r.o)
 .bss           0x000000000001a440        0x0 /usr/local/m68k-elf/lib/libc.a(libc_a-mbrtowc.o)
 .bss           0x000000000001a440        0x0 /usr/local/m68k-elf/lib/libc.a(libc_a-ctype_.o)
 .bss           0x000000000001a440        0x0 /usr/local/m68k-elf/lib/libc.a(libc_a-iswspace.o)
 .bss           0x000000000001a440        0x0 /usr/local/m68k-elf/lib/libc.a(libc_a-iswspace_l.o)
 .bss           0x000000000001a440        0x0 /usr/local/m68k-elf/lib/libc.a(libc_a-svfprintf.o)
 .bss           0x000000000001a440        0x0 /usr/local/m68k-elf/lib/libc.a(libc_a-makebuf.o)
 .bss           0x000000000001a440        0x0 /usr/local/m68k-elf/lib/libc.a(libc_a-memchr.o)
 .bss           0x000000000001a440        0x0 /usr/local/m68k-elf/lib/libc.a(libc_a-memmove.o)
 .bss           0x000000000001a440        0x0 /usr/local/m68k-elf/lib/libc.a(libc_a-strcmp.o)
 .bss           0x000000000001a440        0x0 /usr/local/m68k-elf/lib/libc.a(libc_a-strncmp.o)
 .bss           0x000000000001a440        0x0 /usr/local/m68k-elf/lib/libc.a(libc_a-fstatr.o)
 .bss           0x000000000001a440        0x0 /usr/local/m68k-elf/lib/libc.a(libc_a-isattyr.o)
 .bss           0x000000000001a440        0x0 /usr/local/m68k-elf/lib/libc.a(libc_a-errno.o)
 .bss           0x000000000001a440        0x0 /usr/local/m68k-elf/lib/libc.a(libc_a-strlen.o)
 .bss           0x000000000001a440        0x0 /usr/local/m68k-elf/lib/libc.a(libm_a-s_nan.o)
 .bss           0x000000000001a440        0x0 /usr/local/m68k-elf/lib/libc.a(libc_a-dtoa.o)
 .bss           0x000000000001a440        0x0 /usr/local/m68k-elf/lib/libc.a(libc_a-gdtoa-gethex.o)
 .bss           0x000000000001a440        0x0 /usr/local/m68k-elf/lib/libc.a(libc_a-gdtoa-hexnan.o)
 .bss           0x000000000001a440        0x0 /usr/local/m68k-elf/lib/libc.a(libc_a-mprec.o)
 .bss           0x000000000001a440        0x0 /usr/local/m68k-elf/lib/libc.a(libc_a-svfiprintf.o)
 .bss           0x000000000001a440        0x0 /usr/local/m68k-elf/lib/libc.a(libc_a-assert.o)
 .bss           0x000000000001a440        0x0 /usr/local/m68k-elf/lib/libc.a(libc_a-callocr.o)
 .bss           0x000000000001a440        0x0 /usr/local/m68k-elf/lib/libc.a(libc_a-fiprintf.o)
 .bss           0x000000000001a440        0x0 /usr/local/m68k-elf/lib/libc.a(libc_a-vfiprintf.o)
 .bss           0x000000000001a440        0x0 /usr/local/m68k-elf/lib/libc.a(libc_a-fvwrite.o)
 .bss           0x000000000001a440        0x0 /usr/local/m68k-elf/lib/libc.a(libc_a-fputwc.o)
 .bss           0x000000000001a440        0x0 /usr/local/m68k-elf/lib/libc.a(libc_a-abort.o)
 .bss           0x000000000001a440        0x0 /usr/local/m68k-elf/lib/libc.a(libc_a-wcrtomb.o)
 .bss           0x000000000001a440        0x0 /usr/local/m68k-elf/lib/libc.a(libc_a-signal.o)
 .bss           0x000000000001a440        0x0 /usr/local/m68k-elf/lib/libc.a(libc_a-signalr.o)
 .bss           0x000000000001a440        0x0 /usr/local/lib/gcc/m68k-elf/11/libgcc.a(_mulsi3.o)
 .bss           0x000000000001a440        0x0 /usr/local/lib/gcc/m68k-elf/11/libgcc.a(_udivsi3.o)
 .bss           0x000000000001a440        0x0 /usr/local/lib/gcc/m68k-elf/11/libgcc.a(_divsi3.o)
 .bss           0x000000000001a440        0x0 /usr/local/lib/gcc/m68k-elf/11/libgcc.a(_umodsi3.o)
 .bss           0x000000000001a440        0x0 /usr/local/lib/gcc/m68k-elf/11/libgcc.a(_modsi3.o)
 .bss           0x000000000001a440        0x0 /usr/local/lib/gcc/m68k-elf/11/libgcc.a(_double.o)
 .bss           0x000000000001a440        0x0 /usr/local/lib/gcc/m68k-elf/11/libgcc.a(_floatex.o)
 .bss           0x000000000001a440        0x0 /usr/local/lib/gcc/m68k-elf/11/libgcc.a(_eqdf2.o)
 .bss           0x000000000001a440        0x0 /usr/local/lib/gcc/m68k-elf/11/libgcc.a(_nedf2.o)
 .bss           0x000000000001a440        0x0 /usr/local/lib/gcc/m68k-elf/11/libgcc.a(_gtdf2.o)
 .bss           0x000000000001a440        0x0 /usr/local/lib/gcc/m68k-elf/11/libgcc.a(_ltdf2.o)
 .bss           0x000000000001a440        0x0 /usr/local/lib/gcc/m68k-elf/11/libgcc.a(_ledf2.o)
 .bss           0x000000000001a440        0x0 /usr/local/lib/gcc/m68k-elf/11/libgcc.a(_lesf2.o)
 .bss           0x000000000001a440        0x0 /usr/local/lib/gcc/m68k-elf/11/libgcc.a(_fixunsdfsi.o)
 .bss           0x000000000001a440        0x0 /usr/local/lib/gcc/m68k-elf/11/libgcc.a(_fixdfdi.o)
 .bss           0x000000000001a440        0x0 /usr/local/lib/gcc/m68k-elf/11/libgcc.a(_fixunsdfdi.o)
 .bss           0x000000000001a440        0x0 /usr/local/lib/gcc/m68k-elf/11/libgcc.a(_floatdidf.o)
 .bss           0x000000000001a440        0x0 /usr/local/lib/gcc/m68k-elf/11/libgcc.a(fpgnulib.o)
 .bss           0x000000000001a440        0x0 /usr/local/lib/gcc/m68k-elf/11/libgcc.a(xfgnulib.o)
 .bss           0x000000000001a440        0x0 /usr/local/lib/gcc/m68k-elf/11/libgcc.a(_float.o)
 .bss           0x000000000001a440        0x0 /usr/local/lib/gcc/m68k-elf/11/libgcc.a(_gedf2.o)
 .bss           0x000000000001a440        0x0 /usr/local/m68k-elf/lib/libidp.a(close.o)
 .bss           0x000000000001a440        0x0 /usr/local/m68k-elf/lib/libidp.a(fstat.o)
 .bss           0x000000000001a440        0x0 /usr/local/m68k-elf/lib/libidp.a(getpid.o)
 .bss           0x000000000001a440        0x0 /usr/local/m68k-elf/lib/libidp.a(isatty.o)
 .bss           0x000000000001a440        0x0 /usr/local/m68k-elf/lib/libidp.a(kill.o)
 .bss           0x000000000001a440        0x0 /usr/local/m68k-elf/lib/libidp.a(lseek.o)
 .bss           0x000000000001a440        0x4 /usr/local/m68k-elf/lib/libidp.a(sbrk.o)
                0x000000000001a440                heap_ptr
 .bss           0x000000000001a444        0x0 /usr/local/m68k-elf/lib/libidp.a(mc68ec.o)
 *(COMMON)
                0x000000000001a448                _end = ALIGN (0x8)
                0x000000000001a448                __end = _end

.stab
 *(.stab)

.stabstr
 *(.stabstr)
OUTPUT(test1.hex srec)

.debug_info     0x0000000000000000    0x281f2
 .debug_info    0x0000000000000000      0x17f csys68k.o
 .debug_info    0x000000000000017f       0xfb test1.o
 .debug_info    0x000000000000027a       0xee /usr/local/m68k-elf/lib/libc.a(libc_a-exit.o)
 .debug_info    0x0000000000000368      0xdee /usr/local/m68k-elf/lib/libc.a(libc_a-findfp.o)
 .debug_info    0x0000000000001156      0x7d6 /usr/local/m68k-elf/lib/libc.a(libc_a-fwalk.o)
 .debug_info    0x000000000000192c      0x7b1 /usr/local/m68k-elf/lib/libc.a(libc_a-putchar.o)
 .debug_info    0x00000000000020dd      0x829 /usr/local/m68k-elf/lib/libc.a(libc_a-scanf.o)
 .debug_info    0x0000000000002906      0x9ff /usr/local/m68k-elf/lib/libc.a(libc_a-stdio.o)
 .debug_info    0x0000000000003305      0x764 /usr/local/m68k-elf/lib/libc.a(libc_a-closer.o)
 .debug_info    0x0000000000003a69      0x7bb /usr/local/m68k-elf/lib/libc.a(libc_a-reent.o)
 .debug_info    0x0000000000004224      0x735 /usr/local/m68k-elf/lib/libc.a(libc_a-impure.o)
 .debug_info    0x0000000000004959      0x7a3 /usr/local/m68k-elf/lib/libc.a(libc_a-lseekr.o)
 .debug_info    0x00000000000050fc      0x796 /usr/local/m68k-elf/lib/libc.a(libc_a-readr.o)
 .debug_info    0x0000000000005892      0x79c /usr/local/m68k-elf/lib/libc.a(libc_a-writer.o)
 .debug_info    0x000000000000602e       0x24 /usr/local/m68k-elf/lib/libc.a(libc_a-memset.o)
 .debug_info    0x0000000000006052      0x21b /usr/local/m68k-elf/lib/libc.a(libc_a-__call_atexit.o)
 .debug_info    0x000000000000626d      0xac7 /usr/local/m68k-elf/lib/libc.a(libc_a-freer.o)
 .debug_info    0x0000000000006d34      0xc29 /usr/local/m68k-elf/lib/libc.a(libc_a-mallocr.o)
 .debug_info    0x000000000000795d      0x747 /usr/local/m68k-elf/lib/libc.a(libc_a-mlock.o)
 .debug_info    0x00000000000080a4     0x149c /usr/local/m68k-elf/lib/libc.a(libc_a-vfscanf.o)
 .debug_info    0x0000000000009540      0x897 /usr/local/m68k-elf/lib/libc.a(libc_a-fclose.o)
 .debug_info    0x0000000000009dd7      0x9ca /usr/local/m68k-elf/lib/libc.a(libc_a-fflush.o)
 .debug_info    0x000000000000a7a1      0x99f /usr/local/m68k-elf/lib/libc.a(libc_a-fread.o)
 .debug_info    0x000000000000b140      0x8e7 /usr/local/m68k-elf/lib/libc.a(libc_a-putc.o)
 .debug_info    0x000000000000ba27      0x931 /usr/local/m68k-elf/lib/libc.a(libc_a-refill.o)
 .debug_info    0x000000000000c358      0x10b /usr/local/m68k-elf/lib/libc.a(libc_a-sccl.o)
 .debug_info    0x000000000000c463      0x85d /usr/local/m68k-elf/lib/libc.a(libc_a-sprintf.o)
 .debug_info    0x000000000000ccc0      0x8e4 /usr/local/m68k-elf/lib/libc.a(libc_a-ungetc.o)
 .debug_info    0x000000000000d5a4      0x830 /usr/local/m68k-elf/lib/libc.a(libc_a-wbuf.o)
 .debug_info    0x000000000000ddd4      0x7b9 /usr/local/m68k-elf/lib/libc.a(libc_a-wsetup.o)
 .debug_info    0x000000000000e58d      0xbc8 /usr/local/m68k-elf/lib/libc.a(libc_a-locale.o)
 .debug_info    0x000000000000f155      0xa2e /usr/local/m68k-elf/lib/libc.a(libc_a-localeconv.o)
 .debug_info    0x000000000000fb83      0x783 /usr/local/m68k-elf/lib/libc.a(libc_a-sbrkr.o)
 .debug_info    0x0000000000010306       0x24 /usr/local/m68k-elf/lib/libc.a(libc_a-memcpy.o)
 .debug_info    0x000000000001032a       0xca /usr/local/m68k-elf/lib/libc.a(libm_a-sf_nan.o)
 .debug_info    0x00000000000103f4      0xaa2 /usr/local/m68k-elf/lib/libc.a(libc_a-mbtowc_r.o)
 .debug_info    0x0000000000010e96      0xb69 /usr/local/m68k-elf/lib/libc.a(libc_a-reallocr.o)
 .debug_info    0x00000000000119ff     0x1b8f /usr/local/m68k-elf/lib/libc.a(libc_a-strtod.o)
 .debug_info    0x000000000001358e      0xd78 /usr/local/m68k-elf/lib/libc.a(libc_a-strtol.o)
 .debug_info    0x0000000000014306      0xcc1 /usr/local/m68k-elf/lib/libc.a(libc_a-strtoul.o)
 .debug_info    0x0000000000014fc7      0xa63 /usr/local/m68k-elf/lib/libc.a(libc_a-wctomb_r.o)
 .debug_info    0x0000000000015a2a      0xa8a /usr/local/m68k-elf/lib/libc.a(libc_a-mbrtowc.o)
 .debug_info    0x00000000000164b4       0xb9 /usr/local/m68k-elf/lib/libc.a(libc_a-ctype_.o)
 .debug_info    0x000000000001656d       0xd9 /usr/local/m68k-elf/lib/libc.a(libc_a-iswspace.o)
 .debug_info    0x0000000000016646      0x9b7 /usr/local/m68k-elf/lib/libc.a(libc_a-iswspace_l.o)
 .debug_info    0x0000000000016ffd     0x1402 /usr/local/m68k-elf/lib/libc.a(libc_a-svfprintf.o)
 .debug_info    0x00000000000183ff      0xbcc /usr/local/m68k-elf/lib/libc.a(libc_a-makebuf.o)
 .debug_info    0x0000000000018fcb      0x142 /usr/local/m68k-elf/lib/libc.a(libc_a-memchr.o)
 .debug_info    0x000000000001910d      0x144 /usr/local/m68k-elf/lib/libc.a(libc_a-memmove.o)
 .debug_info    0x0000000000019251       0xeb /usr/local/m68k-elf/lib/libc.a(libc_a-strcmp.o)
 .debug_info    0x000000000001933c      0x108 /usr/local/m68k-elf/lib/libc.a(libc_a-strncmp.o)
 .debug_info    0x0000000000019444      0x977 /usr/local/m68k-elf/lib/libc.a(libc_a-fstatr.o)
 .debug_info    0x0000000000019dbb      0x764 /usr/local/m68k-elf/lib/libc.a(libc_a-isattyr.o)
 .debug_info    0x000000000001a51f      0x71b /usr/local/m68k-elf/lib/libc.a(libc_a-errno.o)
 .debug_info    0x000000000001ac3a       0xdb /usr/local/m68k-elf/lib/libc.a(libc_a-strlen.o)
 .debug_info    0x000000000001ad15       0xce /usr/local/m68k-elf/lib/libc.a(libm_a-s_nan.o)
 .debug_info    0x000000000001ade3     0x156f /usr/local/m68k-elf/lib/libc.a(libc_a-dtoa.o)
 .debug_info    0x000000000001c352     0x10ec /usr/local/m68k-elf/lib/libc.a(libc_a-gdtoa-gethex.o)
 .debug_info    0x000000000001d43e      0x3c1 /usr/local/m68k-elf/lib/libc.a(libc_a-gdtoa-hexnan.o)
 .debug_info    0x000000000001d7ff     0x1b9d /usr/local/m68k-elf/lib/libc.a(libc_a-mprec.o)
 .debug_info    0x000000000001f39c      0xfd3 /usr/local/m68k-elf/lib/libc.a(libc_a-svfiprintf.o)
 .debug_info    0x000000000002036f      0x7ef /usr/local/m68k-elf/lib/libc.a(libc_a-assert.o)
 .debug_info    0x0000000000020b5e      0x8a6 /usr/local/m68k-elf/lib/libc.a(libc_a-callocr.o)
 .debug_info    0x0000000000021404      0x830 /usr/local/m68k-elf/lib/libc.a(libc_a-fiprintf.o)
 .debug_info    0x0000000000021c34     0x164c /usr/local/m68k-elf/lib/libc.a(libc_a-vfiprintf.o)
 .debug_info    0x0000000000023280      0xa3c /usr/local/m68k-elf/lib/libc.a(libc_a-fvwrite.o)
 .debug_info    0x0000000000023cbc      0x9e8 /usr/local/m68k-elf/lib/libc.a(libc_a-fputwc.o)
 .debug_info    0x00000000000246a4       0xc8 /usr/local/m68k-elf/lib/libc.a(libc_a-abort.o)
 .debug_info    0x000000000002476c      0xab8 /usr/local/m68k-elf/lib/libc.a(libc_a-wcrtomb.o)
 .debug_info    0x0000000000025224      0xc54 /usr/local/m68k-elf/lib/libc.a(libc_a-signal.o)
 .debug_info    0x0000000000025e78      0x7da /usr/local/m68k-elf/lib/libc.a(libc_a-signalr.o)
 .debug_info    0x0000000000026652       0x24 /usr/local/lib/gcc/m68k-elf/11/libgcc.a(_mulsi3.o)
 .debug_info    0x0000000000026676       0x24 /usr/local/lib/gcc/m68k-elf/11/libgcc.a(_udivsi3.o)
 .debug_info    0x000000000002669a       0x24 /usr/local/lib/gcc/m68k-elf/11/libgcc.a(_divsi3.o)
 .debug_info    0x00000000000266be       0x24 /usr/local/lib/gcc/m68k-elf/11/libgcc.a(_umodsi3.o)
 .debug_info    0x00000000000266e2       0x24 /usr/local/lib/gcc/m68k-elf/11/libgcc.a(_modsi3.o)
 .debug_info    0x0000000000026706       0x25 /usr/local/lib/gcc/m68k-elf/11/libgcc.a(_double.o)
 .debug_info    0x000000000002672b       0x24 /usr/local/lib/gcc/m68k-elf/11/libgcc.a(_floatex.o)
 .debug_info    0x000000000002674f       0x24 /usr/local/lib/gcc/m68k-elf/11/libgcc.a(_eqdf2.o)
 .debug_info    0x0000000000026773       0x24 /usr/local/lib/gcc/m68k-elf/11/libgcc.a(_nedf2.o)
 .debug_info    0x0000000000026797       0x24 /usr/local/lib/gcc/m68k-elf/11/libgcc.a(_gtdf2.o)
 .debug_info    0x00000000000267bb       0x24 /usr/local/lib/gcc/m68k-elf/11/libgcc.a(_ltdf2.o)
 .debug_info    0x00000000000267df       0x24 /usr/local/lib/gcc/m68k-elf/11/libgcc.a(_ledf2.o)
 .debug_info    0x0000000000026803       0x24 /usr/local/lib/gcc/m68k-elf/11/libgcc.a(_lesf2.o)
 .debug_info    0x0000000000026827      0x128 /usr/local/lib/gcc/m68k-elf/11/libgcc.a(_fixunsdfsi.o)
 .debug_info    0x000000000002694f      0x124 /usr/local/lib/gcc/m68k-elf/11/libgcc.a(_fixdfdi.o)
 .debug_info    0x0000000000026a73      0x156 /usr/local/lib/gcc/m68k-elf/11/libgcc.a(_fixunsdfdi.o)
 .debug_info    0x0000000000026bc9      0x14f /usr/local/lib/gcc/m68k-elf/11/libgcc.a(_floatdidf.o)
 .debug_info    0x0000000000026d18      0x5bf /usr/local/lib/gcc/m68k-elf/11/libgcc.a(fpgnulib.o)
 .debug_info    0x00000000000272d7      0x7d0 /usr/local/lib/gcc/m68k-elf/11/libgcc.a(xfgnulib.o)
 .debug_info    0x0000000000027aa7       0x25 /usr/local/lib/gcc/m68k-elf/11/libgcc.a(_float.o)
 .debug_info    0x0000000000027acc       0x24 /usr/local/lib/gcc/m68k-elf/11/libgcc.a(_gedf2.o)
 .debug_info    0x0000000000027af0       0x5e /usr/local/m68k-elf/lib/libidp.a(close.o)
 .debug_info    0x0000000000027b4e      0x2b9 /usr/local/m68k-elf/lib/libidp.a(fstat.o)
 .debug_info    0x0000000000027e07       0x4b /usr/local/m68k-elf/lib/libidp.a(getpid.o)
 .debug_info    0x0000000000027e52       0x5e /usr/local/m68k-elf/lib/libidp.a(isatty.o)
 .debug_info    0x0000000000027eb0       0x9b /usr/local/m68k-elf/lib/libidp.a(kill.o)
 .debug_info    0x0000000000027f4b       0xfb /usr/local/m68k-elf/lib/libidp.a(lseek.o)
 .debug_info    0x0000000000028046       0xe4 /usr/local/m68k-elf/lib/libidp.a(sbrk.o)
 .debug_info    0x000000000002812a       0xc8 /usr/local/m68k-elf/lib/libidp.a(mc68ec.o)

.debug_abbrev   0x0000000000000000     0xa1e7
 .debug_abbrev  0x0000000000000000       0xf3 csys68k.o
 .debug_abbrev  0x00000000000000f3       0xa7 test1.o
 .debug_abbrev  0x000000000000019a       0xbe /usr/local/m68k-elf/lib/libc.a(libc_a-exit.o)
 .debug_abbrev  0x0000000000000258      0x425 /usr/local/m68k-elf/lib/libc.a(libc_a-findfp.o)
 .debug_abbrev  0x000000000000067d      0x1d6 /usr/local/m68k-elf/lib/libc.a(libc_a-fwalk.o)
 .debug_abbrev  0x0000000000000853      0x1fd /usr/local/m68k-elf/lib/libc.a(libc_a-putchar.o)
 .debug_abbrev  0x0000000000000a50      0x23c /usr/local/m68k-elf/lib/libc.a(libc_a-scanf.o)
 .debug_abbrev  0x0000000000000c8c      0x243 /usr/local/m68k-elf/lib/libc.a(libc_a-stdio.o)
 .debug_abbrev  0x0000000000000ecf      0x1e0 /usr/local/m68k-elf/lib/libc.a(libc_a-closer.o)
 .debug_abbrev  0x00000000000010af      0x208 /usr/local/m68k-elf/lib/libc.a(libc_a-reent.o)
 .debug_abbrev  0x00000000000012b7      0x185 /usr/local/m68k-elf/lib/libc.a(libc_a-impure.o)
 .debug_abbrev  0x000000000000143c      0x1f1 /usr/local/m68k-elf/lib/libc.a(libc_a-lseekr.o)
 .debug_abbrev  0x000000000000162d      0x1e0 /usr/local/m68k-elf/lib/libc.a(libc_a-readr.o)
 .debug_abbrev  0x000000000000180d      0x1e5 /usr/local/m68k-elf/lib/libc.a(libc_a-writer.o)
 .debug_abbrev  0x00000000000019f2       0x14 /usr/local/m68k-elf/lib/libc.a(libc_a-memset.o)
 .debug_abbrev  0x0000000000001a06      0x154 /usr/local/m68k-elf/lib/libc.a(libc_a-__call_atexit.o)
 .debug_abbrev  0x0000000000001b5a      0x274 /usr/local/m68k-elf/lib/libc.a(libc_a-freer.o)
 .debug_abbrev  0x0000000000001dce      0x2b7 /usr/local/m68k-elf/lib/libc.a(libc_a-mallocr.o)
 .debug_abbrev  0x0000000000002085      0x1ce /usr/local/m68k-elf/lib/libc.a(libc_a-mlock.o)
 .debug_abbrev  0x0000000000002253      0x44c /usr/local/m68k-elf/lib/libc.a(libc_a-vfscanf.o)
 .debug_abbrev  0x000000000000269f      0x2c1 /usr/local/m68k-elf/lib/libc.a(libc_a-fclose.o)
 .debug_abbrev  0x0000000000002960      0x311 /usr/local/m68k-elf/lib/libc.a(libc_a-fflush.o)
 .debug_abbrev  0x0000000000002c71      0x299 /usr/local/m68k-elf/lib/libc.a(libc_a-fread.o)
 .debug_abbrev  0x0000000000002f0a      0x28f /usr/local/m68k-elf/lib/libc.a(libc_a-putc.o)
 .debug_abbrev  0x0000000000003199      0x2a7 /usr/local/m68k-elf/lib/libc.a(libc_a-refill.o)
 .debug_abbrev  0x0000000000003440       0xaa /usr/local/m68k-elf/lib/libc.a(libc_a-sccl.o)
 .debug_abbrev  0x00000000000034ea      0x23b /usr/local/m68k-elf/lib/libc.a(libc_a-sprintf.o)
 .debug_abbrev  0x0000000000003725      0x297 /usr/local/m68k-elf/lib/libc.a(libc_a-ungetc.o)
 .debug_abbrev  0x00000000000039bc      0x25a /usr/local/m68k-elf/lib/libc.a(libc_a-wbuf.o)
 .debug_abbrev  0x0000000000003c16      0x1fe /usr/local/m68k-elf/lib/libc.a(libc_a-wsetup.o)
 .debug_abbrev  0x0000000000003e14      0x2e5 /usr/local/m68k-elf/lib/libc.a(libc_a-locale.o)
 .debug_abbrev  0x00000000000040f9      0x264 /usr/local/m68k-elf/lib/libc.a(libc_a-localeconv.o)
 .debug_abbrev  0x000000000000435d      0x1f3 /usr/local/m68k-elf/lib/libc.a(libc_a-sbrkr.o)
 .debug_abbrev  0x0000000000004550       0x14 /usr/local/m68k-elf/lib/libc.a(libc_a-memcpy.o)
 .debug_abbrev  0x0000000000004564       0x77 /usr/local/m68k-elf/lib/libc.a(libm_a-sf_nan.o)
 .debug_abbrev  0x00000000000045db      0x252 /usr/local/m68k-elf/lib/libc.a(libc_a-mbtowc_r.o)
 .debug_abbrev  0x000000000000482d      0x256 /usr/local/m68k-elf/lib/libc.a(libc_a-reallocr.o)
 .debug_abbrev  0x0000000000004a83      0x52e /usr/local/m68k-elf/lib/libc.a(libc_a-strtod.o)
 .debug_abbrev  0x0000000000004fb1      0x330 /usr/local/m68k-elf/lib/libc.a(libc_a-strtol.o)
 .debug_abbrev  0x00000000000052e1      0x2f3 /usr/local/m68k-elf/lib/libc.a(libc_a-strtoul.o)
 .debug_abbrev  0x00000000000055d4      0x226 /usr/local/m68k-elf/lib/libc.a(libc_a-wctomb_r.o)
 .debug_abbrev  0x00000000000057fa      0x21d /usr/local/m68k-elf/lib/libc.a(libc_a-mbrtowc.o)
 .debug_abbrev  0x0000000000005a17       0x62 /usr/local/m68k-elf/lib/libc.a(libc_a-ctype_.o)
 .debug_abbrev  0x0000000000005a79       0xad /usr/local/m68k-elf/lib/libc.a(libc_a-iswspace.o)
 .debug_abbrev  0x0000000000005b26      0x1db /usr/local/m68k-elf/lib/libc.a(libc_a-iswspace_l.o)
 .debug_abbrev  0x0000000000005d01      0x3de /usr/local/m68k-elf/lib/libc.a(libc_a-svfprintf.o)
 .debug_abbrev  0x00000000000060df      0x2ad /usr/local/m68k-elf/lib/libc.a(libc_a-makebuf.o)
 .debug_abbrev  0x000000000000638c       0xd4 /usr/local/m68k-elf/lib/libc.a(libc_a-memchr.o)
 .debug_abbrev  0x0000000000006460       0xc3 /usr/local/m68k-elf/lib/libc.a(libc_a-memmove.o)
 .debug_abbrev  0x0000000000006523       0x83 /usr/local/m68k-elf/lib/libc.a(libc_a-strcmp.o)
 .debug_abbrev  0x00000000000065a6       0x92 /usr/local/m68k-elf/lib/libc.a(libc_a-strncmp.o)
 .debug_abbrev  0x0000000000006638      0x1f0 /usr/local/m68k-elf/lib/libc.a(libc_a-fstatr.o)
 .debug_abbrev  0x0000000000006828      0x1e0 /usr/local/m68k-elf/lib/libc.a(libc_a-isattyr.o)
 .debug_abbrev  0x0000000000006a08      0x19a /usr/local/m68k-elf/lib/libc.a(libc_a-errno.o)
 .debug_abbrev  0x0000000000006ba2       0x8a /usr/local/m68k-elf/lib/libc.a(libc_a-strlen.o)
 .debug_abbrev  0x0000000000006c2c       0x77 /usr/local/m68k-elf/lib/libc.a(libm_a-s_nan.o)
 .debug_abbrev  0x0000000000006ca3      0x365 /usr/local/m68k-elf/lib/libc.a(libc_a-dtoa.o)
 .debug_abbrev  0x0000000000007008      0x3e8 /usr/local/m68k-elf/lib/libc.a(libc_a-gdtoa-gethex.o)
 .debug_abbrev  0x00000000000073f0      0x1c8 /usr/local/m68k-elf/lib/libc.a(libc_a-gdtoa-hexnan.o)
 .debug_abbrev  0x00000000000075b8      0x527 /usr/local/m68k-elf/lib/libc.a(libc_a-mprec.o)
 .debug_abbrev  0x0000000000007adf      0x311 /usr/local/m68k-elf/lib/libc.a(libc_a-svfiprintf.o)
 .debug_abbrev  0x0000000000007df0      0x206 /usr/local/m68k-elf/lib/libc.a(libc_a-assert.o)
 .debug_abbrev  0x0000000000007ff6      0x238 /usr/local/m68k-elf/lib/libc.a(libc_a-callocr.o)
 .debug_abbrev  0x000000000000822e      0x221 /usr/local/m68k-elf/lib/libc.a(libc_a-fiprintf.o)
 .debug_abbrev  0x000000000000844f      0x46c /usr/local/m68k-elf/lib/libc.a(libc_a-vfiprintf.o)
 .debug_abbrev  0x00000000000088bb      0x241 /usr/local/m68k-elf/lib/libc.a(libc_a-fvwrite.o)
 .debug_abbrev  0x0000000000008afc      0x34a /usr/local/m68k-elf/lib/libc.a(libc_a-fputwc.o)
 .debug_abbrev  0x0000000000008e46       0x85 /usr/local/m68k-elf/lib/libc.a(libc_a-abort.o)
 .debug_abbrev  0x0000000000008ecb      0x233 /usr/local/m68k-elf/lib/libc.a(libc_a-wcrtomb.o)
 .debug_abbrev  0x00000000000090fe      0x2f9 /usr/local/m68k-elf/lib/libc.a(libc_a-signal.o)
 .debug_abbrev  0x00000000000093f7      0x22d /usr/local/m68k-elf/lib/libc.a(libc_a-signalr.o)
 .debug_abbrev  0x0000000000009624       0x14 /usr/local/lib/gcc/m68k-elf/11/libgcc.a(_mulsi3.o)
 .debug_abbrev  0x0000000000009638       0x14 /usr/local/lib/gcc/m68k-elf/11/libgcc.a(_udivsi3.o)
 .debug_abbrev  0x000000000000964c       0x14 /usr/local/lib/gcc/m68k-elf/11/libgcc.a(_divsi3.o)
 .debug_abbrev  0x0000000000009660       0x14 /usr/local/lib/gcc/m68k-elf/11/libgcc.a(_umodsi3.o)
 .debug_abbrev  0x0000000000009674       0x14 /usr/local/lib/gcc/m68k-elf/11/libgcc.a(_modsi3.o)
 .debug_abbrev  0x0000000000009688       0x14 /usr/local/lib/gcc/m68k-elf/11/libgcc.a(_double.o)
 .debug_abbrev  0x000000000000969c       0x14 /usr/local/lib/gcc/m68k-elf/11/libgcc.a(_floatex.o)
 .debug_abbrev  0x00000000000096b0       0x14 /usr/local/lib/gcc/m68k-elf/11/libgcc.a(_eqdf2.o)
 .debug_abbrev  0x00000000000096c4       0x14 /usr/local/lib/gcc/m68k-elf/11/libgcc.a(_nedf2.o)
 .debug_abbrev  0x00000000000096d8       0x14 /usr/local/lib/gcc/m68k-elf/11/libgcc.a(_gtdf2.o)
 .debug_abbrev  0x00000000000096ec       0x14 /usr/local/lib/gcc/m68k-elf/11/libgcc.a(_ltdf2.o)
 .debug_abbrev  0x0000000000009700       0x14 /usr/local/lib/gcc/m68k-elf/11/libgcc.a(_ledf2.o)
 .debug_abbrev  0x0000000000009714       0x14 /usr/local/lib/gcc/m68k-elf/11/libgcc.a(_lesf2.o)
 .debug_abbrev  0x0000000000009728       0x7e /usr/local/lib/gcc/m68k-elf/11/libgcc.a(_fixunsdfsi.o)
 .debug_abbrev  0x00000000000097a6       0xa8 /usr/local/lib/gcc/m68k-elf/11/libgcc.a(_fixdfdi.o)
 .debug_abbrev  0x000000000000984e       0xa5 /usr/local/lib/gcc/m68k-elf/11/libgcc.a(_fixunsdfdi.o)
 .debug_abbrev  0x00000000000098f3       0x92 /usr/local/lib/gcc/m68k-elf/11/libgcc.a(_floatdidf.o)
 .debug_abbrev  0x0000000000009985      0x25f /usr/local/lib/gcc/m68k-elf/11/libgcc.a(fpgnulib.o)
 .debug_abbrev  0x0000000000009be4      0x1e3 /usr/local/lib/gcc/m68k-elf/11/libgcc.a(xfgnulib.o)
 .debug_abbrev  0x0000000000009dc7       0x14 /usr/local/lib/gcc/m68k-elf/11/libgcc.a(_float.o)
 .debug_abbrev  0x0000000000009ddb       0x14 /usr/local/lib/gcc/m68k-elf/11/libgcc.a(_gedf2.o)
 .debug_abbrev  0x0000000000009def       0x58 /usr/local/m68k-elf/lib/libidp.a(close.o)
 .debug_abbrev  0x0000000000009e47       0xa6 /usr/local/m68k-elf/lib/libidp.a(fstat.o)
 .debug_abbrev  0x0000000000009eed       0x45 /usr/local/m68k-elf/lib/libidp.a(getpid.o)
 .debug_abbrev  0x0000000000009f32       0x58 /usr/local/m68k-elf/lib/libidp.a(isatty.o)
 .debug_abbrev  0x0000000000009f8a       0x99 /usr/local/m68k-elf/lib/libidp.a(kill.o)
 .debug_abbrev  0x000000000000a023       0x9e /usr/local/m68k-elf/lib/libidp.a(lseek.o)
 .debug_abbrev  0x000000000000a0c1       0xa5 /usr/local/m68k-elf/lib/libidp.a(sbrk.o)
 .debug_abbrev  0x000000000000a166       0x81 /usr/local/m68k-elf/lib/libidp.a(mc68ec.o)

.debug_loclists
                0x0000000000000000    0x13bd8
 .debug_loclists
                0x0000000000000000       0xe7 csys68k.o
 .debug_loclists
                0x00000000000000e7      0x19a /usr/local/m68k-elf/lib/libc.a(libc_a-findfp.o)
 .debug_loclists
                0x0000000000000281       0x62 /usr/local/m68k-elf/lib/libc.a(libc_a-fwalk.o)
 .debug_loclists
                0x00000000000002e3       0x14 /usr/local/m68k-elf/lib/libc.a(libc_a-putchar.o)
 .debug_loclists
                0x00000000000002f7       0x87 /usr/local/m68k-elf/lib/libc.a(libc_a-scanf.o)
 .debug_loclists
                0x000000000000037e       0x92 /usr/local/m68k-elf/lib/libc.a(libc_a-stdio.o)
 .debug_loclists
                0x0000000000000410       0x14 /usr/local/m68k-elf/lib/libc.a(libc_a-closer.o)
 .debug_loclists
                0x0000000000000424       0x23 /usr/local/m68k-elf/lib/libc.a(libc_a-reent.o)
 .debug_loclists
                0x0000000000000447       0x14 /usr/local/m68k-elf/lib/libc.a(libc_a-lseekr.o)
 .debug_loclists
                0x000000000000045b       0x14 /usr/local/m68k-elf/lib/libc.a(libc_a-readr.o)
 .debug_loclists
                0x000000000000046f       0x14 /usr/local/m68k-elf/lib/libc.a(libc_a-writer.o)
 .debug_loclists
                0x0000000000000483       0xb1 /usr/local/m68k-elf/lib/libc.a(libc_a-__call_atexit.o)
 .debug_loclists
                0x0000000000000534      0x3eb /usr/local/m68k-elf/lib/libc.a(libc_a-freer.o)
 .debug_loclists
                0x000000000000091f      0x9b7 /usr/local/m68k-elf/lib/libc.a(libc_a-mallocr.o)
 .debug_loclists
                0x00000000000012d6     0x1ed3 /usr/local/m68k-elf/lib/libc.a(libc_a-vfscanf.o)
 .debug_loclists
                0x00000000000031a9       0x6c /usr/local/m68k-elf/lib/libc.a(libc_a-fclose.o)
 .debug_loclists
                0x0000000000003215      0x17d /usr/local/m68k-elf/lib/libc.a(libc_a-fflush.o)
 .debug_loclists
                0x0000000000003392      0x1b8 /usr/local/m68k-elf/lib/libc.a(libc_a-fread.o)
 .debug_loclists
                0x000000000000354a      0x10c /usr/local/m68k-elf/lib/libc.a(libc_a-putc.o)
 .debug_loclists
                0x0000000000003656       0x90 /usr/local/m68k-elf/lib/libc.a(libc_a-refill.o)
 .debug_loclists
                0x00000000000036e6      0x19e /usr/local/m68k-elf/lib/libc.a(libc_a-sccl.o)
 .debug_loclists
                0x0000000000003884       0xa1 /usr/local/m68k-elf/lib/libc.a(libc_a-sprintf.o)
 .debug_loclists
                0x0000000000003925      0x119 /usr/local/m68k-elf/lib/libc.a(libc_a-ungetc.o)
 .debug_loclists
                0x0000000000003a3e       0x7b /usr/local/m68k-elf/lib/libc.a(libc_a-wbuf.o)
 .debug_loclists
                0x0000000000003ab9       0x1d /usr/local/m68k-elf/lib/libc.a(libc_a-wsetup.o)
 .debug_loclists
                0x0000000000003ad6       0x56 /usr/local/m68k-elf/lib/libc.a(libc_a-locale.o)
 .debug_loclists
                0x0000000000003b2c       0x21 /usr/local/m68k-elf/lib/libc.a(libc_a-localeconv.o)
 .debug_loclists
                0x0000000000003b4d       0x14 /usr/local/m68k-elf/lib/libc.a(libc_a-sbrkr.o)
 .debug_loclists
                0x0000000000003b61       0x33 /usr/local/m68k-elf/lib/libc.a(libc_a-mbtowc_r.o)
 .debug_loclists
                0x0000000000003b94     0x131f /usr/local/m68k-elf/lib/libc.a(libc_a-reallocr.o)
 .debug_loclists
                0x0000000000004eb3     0x1efd /usr/local/m68k-elf/lib/libc.a(libc_a-strtod.o)
 .debug_loclists
                0x0000000000006db0      0x3d4 /usr/local/m68k-elf/lib/libc.a(libc_a-strtol.o)
 .debug_loclists
                0x0000000000007184      0x375 /usr/local/m68k-elf/lib/libc.a(libc_a-strtoul.o)
 .debug_loclists
                0x00000000000074f9       0x3a /usr/local/m68k-elf/lib/libc.a(libc_a-wctomb_r.o)
 .debug_loclists
                0x0000000000007533       0x6c /usr/local/m68k-elf/lib/libc.a(libc_a-mbrtowc.o)
 .debug_loclists
                0x000000000000759f     0x265f /usr/local/m68k-elf/lib/libc.a(libc_a-svfprintf.o)
 .debug_loclists
                0x0000000000009bfe      0x32e /usr/local/m68k-elf/lib/libc.a(libc_a-makebuf.o)
 .debug_loclists
                0x0000000000009f2c       0xe3 /usr/local/m68k-elf/lib/libc.a(libc_a-memchr.o)
 .debug_loclists
                0x000000000000a00f      0x2be /usr/local/m68k-elf/lib/libc.a(libc_a-memmove.o)
 .debug_loclists
                0x000000000000a2cd       0x5a /usr/local/m68k-elf/lib/libc.a(libc_a-strcmp.o)
 .debug_loclists
                0x000000000000a327       0xe9 /usr/local/m68k-elf/lib/libc.a(libc_a-strncmp.o)
 .debug_loclists
                0x000000000000a410       0x14 /usr/local/m68k-elf/lib/libc.a(libc_a-fstatr.o)
 .debug_loclists
                0x000000000000a424       0x14 /usr/local/m68k-elf/lib/libc.a(libc_a-isattyr.o)
 .debug_loclists
                0x000000000000a438       0x25 /usr/local/m68k-elf/lib/libc.a(libc_a-strlen.o)
 .debug_loclists
                0x000000000000a45d     0x270b /usr/local/m68k-elf/lib/libc.a(libc_a-dtoa.o)
 .debug_loclists
                0x000000000000cb68      0xece /usr/local/m68k-elf/lib/libc.a(libc_a-gdtoa-gethex.o)
 .debug_loclists
                0x000000000000da36      0x536 /usr/local/m68k-elf/lib/libc.a(libc_a-gdtoa-hexnan.o)
 .debug_loclists
                0x000000000000df6c     0x18c8 /usr/local/m68k-elf/lib/libc.a(libc_a-mprec.o)
 .debug_loclists
                0x000000000000f834     0x1313 /usr/local/m68k-elf/lib/libc.a(libc_a-svfiprintf.o)
 .debug_loclists
                0x0000000000010b47      0x1c1 /usr/local/m68k-elf/lib/libc.a(libc_a-callocr.o)
 .debug_loclists
                0x0000000000010d08       0xc1 /usr/local/m68k-elf/lib/libc.a(libc_a-fiprintf.o)
 .debug_loclists
                0x0000000000010dc9     0x1c2f /usr/local/m68k-elf/lib/libc.a(libc_a-vfiprintf.o)
 .debug_loclists
                0x00000000000129f8      0x3e1 /usr/local/m68k-elf/lib/libc.a(libc_a-fvwrite.o)
 .debug_loclists
                0x0000000000012dd9      0x198 /usr/local/m68k-elf/lib/libc.a(libc_a-fputwc.o)
 .debug_loclists
                0x0000000000012f71      0x1de /usr/local/m68k-elf/lib/libc.a(libc_a-wcrtomb.o)
 .debug_loclists
                0x000000000001314f      0x245 /usr/local/m68k-elf/lib/libc.a(libc_a-signal.o)
 .debug_loclists
                0x0000000000013394       0x14 /usr/local/m68k-elf/lib/libc.a(libc_a-signalr.o)
 .debug_loclists
                0x00000000000133a8       0x82 /usr/local/lib/gcc/m68k-elf/11/libgcc.a(_fixunsdfdi.o)
 .debug_loclists
                0x000000000001342a       0x37 /usr/local/lib/gcc/m68k-elf/11/libgcc.a(_floatdidf.o)
 .debug_loclists
                0x0000000000013461      0x536 /usr/local/lib/gcc/m68k-elf/11/libgcc.a(fpgnulib.o)
 .debug_loclists
                0x0000000000013997      0x1eb /usr/local/lib/gcc/m68k-elf/11/libgcc.a(xfgnulib.o)
 .debug_loclists
                0x0000000000013b82       0x1f /usr/local/m68k-elf/lib/libidp.a(sbrk.o)
 .debug_loclists
                0x0000000000013ba1       0x37 /usr/local/m68k-elf/lib/libidp.a(mc68ec.o)

.debug_aranges  0x0000000000000000      0xc70
 .debug_aranges
                0x0000000000000000       0x20 csys68k.o
 .debug_aranges
                0x0000000000000020       0x20 test1.o
 .debug_aranges
                0x0000000000000040       0x20 /usr/local/m68k-elf/lib/libc.a(libc_a-exit.o)
 .debug_aranges
                0x0000000000000060       0x20 /usr/local/m68k-elf/lib/libc.a(libc_a-findfp.o)
 .debug_aranges
                0x0000000000000080       0x20 /usr/local/m68k-elf/lib/libc.a(libc_a-fwalk.o)
 .debug_aranges
                0x00000000000000a0       0x20 /usr/local/m68k-elf/lib/libc.a(libc_a-putchar.o)
 .debug_aranges
                0x00000000000000c0       0x20 /usr/local/m68k-elf/lib/libc.a(libc_a-scanf.o)
 .debug_aranges
                0x00000000000000e0       0x20 /usr/local/m68k-elf/lib/libc.a(libc_a-stdio.o)
 .debug_aranges
                0x0000000000000100       0x20 /usr/local/m68k-elf/lib/libc.a(libc_a-closer.o)
 .debug_aranges
                0x0000000000000120       0x20 /usr/local/m68k-elf/lib/libc.a(libc_a-reent.o)
 .debug_aranges
                0x0000000000000140       0x18 /usr/local/m68k-elf/lib/libc.a(libc_a-impure.o)
 .debug_aranges
                0x0000000000000158       0x20 /usr/local/m68k-elf/lib/libc.a(libc_a-lseekr.o)
 .debug_aranges
                0x0000000000000178       0x20 /usr/local/m68k-elf/lib/libc.a(libc_a-readr.o)
 .debug_aranges
                0x0000000000000198       0x20 /usr/local/m68k-elf/lib/libc.a(libc_a-writer.o)
 .debug_aranges
                0x00000000000001b8       0x20 /usr/local/m68k-elf/lib/libc.a(libc_a-memset.o)
 .debug_aranges
                0x00000000000001d8       0x20 /usr/local/m68k-elf/lib/libc.a(libc_a-__call_atexit.o)
 .debug_aranges
                0x00000000000001f8       0x20 /usr/local/m68k-elf/lib/libc.a(libc_a-freer.o)
 .debug_aranges
                0x0000000000000218       0x20 /usr/local/m68k-elf/lib/libc.a(libc_a-mallocr.o)
 .debug_aranges
                0x0000000000000238       0x20 /usr/local/m68k-elf/lib/libc.a(libc_a-mlock.o)
 .debug_aranges
                0x0000000000000258       0x20 /usr/local/m68k-elf/lib/libc.a(libc_a-vfscanf.o)
 .debug_aranges
                0x0000000000000278       0x20 /usr/local/m68k-elf/lib/libc.a(libc_a-fclose.o)
 .debug_aranges
                0x0000000000000298       0x20 /usr/local/m68k-elf/lib/libc.a(libc_a-fflush.o)
 .debug_aranges
                0x00000000000002b8       0x20 /usr/local/m68k-elf/lib/libc.a(libc_a-fread.o)
 .debug_aranges
                0x00000000000002d8       0x20 /usr/local/m68k-elf/lib/libc.a(libc_a-putc.o)
 .debug_aranges
                0x00000000000002f8       0x20 /usr/local/m68k-elf/lib/libc.a(libc_a-refill.o)
 .debug_aranges
                0x0000000000000318       0x20 /usr/local/m68k-elf/lib/libc.a(libc_a-sccl.o)
 .debug_aranges
                0x0000000000000338       0x20 /usr/local/m68k-elf/lib/libc.a(libc_a-sprintf.o)
 .debug_aranges
                0x0000000000000358       0x20 /usr/local/m68k-elf/lib/libc.a(libc_a-ungetc.o)
 .debug_aranges
                0x0000000000000378       0x20 /usr/local/m68k-elf/lib/libc.a(libc_a-wbuf.o)
 .debug_aranges
                0x0000000000000398       0x20 /usr/local/m68k-elf/lib/libc.a(libc_a-wsetup.o)
 .debug_aranges
                0x00000000000003b8       0x20 /usr/local/m68k-elf/lib/libc.a(libc_a-locale.o)
 .debug_aranges
                0x00000000000003d8       0x20 /usr/local/m68k-elf/lib/libc.a(libc_a-localeconv.o)
 .debug_aranges
                0x00000000000003f8       0x20 /usr/local/m68k-elf/lib/libc.a(libc_a-sbrkr.o)
 .debug_aranges
                0x0000000000000418       0x20 /usr/local/m68k-elf/lib/libc.a(libc_a-memcpy.o)
 .debug_aranges
                0x0000000000000438       0x20 /usr/local/m68k-elf/lib/libc.a(libm_a-sf_nan.o)
 .debug_aranges
                0x0000000000000458       0x20 /usr/local/m68k-elf/lib/libc.a(libc_a-mbtowc_r.o)
 .debug_aranges
                0x0000000000000478       0x20 /usr/local/m68k-elf/lib/libc.a(libc_a-reallocr.o)
 .debug_aranges
                0x0000000000000498       0x20 /usr/local/m68k-elf/lib/libc.a(libc_a-strtod.o)
 .debug_aranges
                0x00000000000004b8       0x20 /usr/local/m68k-elf/lib/libc.a(libc_a-strtol.o)
 .debug_aranges
                0x00000000000004d8       0x20 /usr/local/m68k-elf/lib/libc.a(libc_a-strtoul.o)
 .debug_aranges
                0x00000000000004f8       0x20 /usr/local/m68k-elf/lib/libc.a(libc_a-wctomb_r.o)
 .debug_aranges
                0x0000000000000518       0x20 /usr/local/m68k-elf/lib/libc.a(libc_a-mbrtowc.o)
 .debug_aranges
                0x0000000000000538       0x18 /usr/local/m68k-elf/lib/libc.a(libc_a-ctype_.o)
 .debug_aranges
                0x0000000000000550       0x20 /usr/local/m68k-elf/lib/libc.a(libc_a-iswspace.o)
 .debug_aranges
                0x0000000000000570       0x20 /usr/local/m68k-elf/lib/libc.a(libc_a-iswspace_l.o)
 .debug_aranges
                0x0000000000000590       0x20 /usr/local/m68k-elf/lib/libc.a(libc_a-svfprintf.o)
 .debug_aranges
                0x00000000000005b0       0x20 /usr/local/m68k-elf/lib/libc.a(libc_a-makebuf.o)
 .debug_aranges
                0x00000000000005d0       0x20 /usr/local/m68k-elf/lib/libc.a(libc_a-memchr.o)
 .debug_aranges
                0x00000000000005f0       0x20 /usr/local/m68k-elf/lib/libc.a(libc_a-memmove.o)
 .debug_aranges
                0x0000000000000610       0x20 /usr/local/m68k-elf/lib/libc.a(libc_a-strcmp.o)
 .debug_aranges
                0x0000000000000630       0x20 /usr/local/m68k-elf/lib/libc.a(libc_a-strncmp.o)
 .debug_aranges
                0x0000000000000650       0x20 /usr/local/m68k-elf/lib/libc.a(libc_a-fstatr.o)
 .debug_aranges
                0x0000000000000670       0x20 /usr/local/m68k-elf/lib/libc.a(libc_a-isattyr.o)
 .debug_aranges
                0x0000000000000690       0x20 /usr/local/m68k-elf/lib/libc.a(libc_a-errno.o)
 .debug_aranges
                0x00000000000006b0       0x20 /usr/local/m68k-elf/lib/libc.a(libc_a-strlen.o)
 .debug_aranges
                0x00000000000006d0       0x20 /usr/local/m68k-elf/lib/libc.a(libm_a-s_nan.o)
 .debug_aranges
                0x00000000000006f0       0x20 /usr/local/m68k-elf/lib/libc.a(libc_a-dtoa.o)
 .debug_aranges
                0x0000000000000710       0x20 /usr/local/m68k-elf/lib/libc.a(libc_a-gdtoa-gethex.o)
 .debug_aranges
                0x0000000000000730       0x20 /usr/local/m68k-elf/lib/libc.a(libc_a-gdtoa-hexnan.o)
 .debug_aranges
                0x0000000000000750       0x20 /usr/local/m68k-elf/lib/libc.a(libc_a-mprec.o)
 .debug_aranges
                0x0000000000000770       0x20 /usr/local/m68k-elf/lib/libc.a(libc_a-svfiprintf.o)
 .debug_aranges
                0x0000000000000790       0x20 /usr/local/m68k-elf/lib/libc.a(libc_a-assert.o)
 .debug_aranges
                0x00000000000007b0       0x20 /usr/local/m68k-elf/lib/libc.a(libc_a-callocr.o)
 .debug_aranges
                0x00000000000007d0       0x20 /usr/local/m68k-elf/lib/libc.a(libc_a-fiprintf.o)
 .debug_aranges
                0x00000000000007f0       0x20 /usr/local/m68k-elf/lib/libc.a(libc_a-vfiprintf.o)
 .debug_aranges
                0x0000000000000810       0x20 /usr/local/m68k-elf/lib/libc.a(libc_a-fvwrite.o)
 .debug_aranges
                0x0000000000000830       0x20 /usr/local/m68k-elf/lib/libc.a(libc_a-fputwc.o)
 .debug_aranges
                0x0000000000000850       0x20 /usr/local/m68k-elf/lib/libc.a(libc_a-abort.o)
 .debug_aranges
                0x0000000000000870       0x20 /usr/local/m68k-elf/lib/libc.a(libc_a-wcrtomb.o)
 .debug_aranges
                0x0000000000000890       0x20 /usr/local/m68k-elf/lib/libc.a(libc_a-signal.o)
 .debug_aranges
                0x00000000000008b0       0x20 /usr/local/m68k-elf/lib/libc.a(libc_a-signalr.o)
 .debug_aranges
                0x00000000000008d0       0x20 /usr/local/lib/gcc/m68k-elf/11/libgcc.a(_mulsi3.o)
 .debug_aranges
                0x00000000000008f0       0x20 /usr/local/lib/gcc/m68k-elf/11/libgcc.a(_udivsi3.o)
 .debug_aranges
                0x0000000000000910       0x20 /usr/local/lib/gcc/m68k-elf/11/libgcc.a(_divsi3.o)
 .debug_aranges
                0x0000000000000930       0x20 /usr/local/lib/gcc/m68k-elf/11/libgcc.a(_umodsi3.o)
 .debug_aranges
                0x0000000000000950       0x20 /usr/local/lib/gcc/m68k-elf/11/libgcc.a(_modsi3.o)
 .debug_aranges
                0x0000000000000970       0x20 /usr/local/lib/gcc/m68k-elf/11/libgcc.a(_double.o)
 .debug_aranges
                0x0000000000000990       0x20 /usr/local/lib/gcc/m68k-elf/11/libgcc.a(_floatex.o)
 .debug_aranges
                0x00000000000009b0       0x20 /usr/local/lib/gcc/m68k-elf/11/libgcc.a(_eqdf2.o)
 .debug_aranges
                0x00000000000009d0       0x20 /usr/local/lib/gcc/m68k-elf/11/libgcc.a(_nedf2.o)
 .debug_aranges
                0x00000000000009f0       0x20 /usr/local/lib/gcc/m68k-elf/11/libgcc.a(_gtdf2.o)
 .debug_aranges
                0x0000000000000a10       0x20 /usr/local/lib/gcc/m68k-elf/11/libgcc.a(_ltdf2.o)
 .debug_aranges
                0x0000000000000a30       0x20 /usr/local/lib/gcc/m68k-elf/11/libgcc.a(_ledf2.o)
 .debug_aranges
                0x0000000000000a50       0x20 /usr/local/lib/gcc/m68k-elf/11/libgcc.a(_lesf2.o)
 .debug_aranges
                0x0000000000000a70       0x20 /usr/local/lib/gcc/m68k-elf/11/libgcc.a(_fixunsdfsi.o)
 .debug_aranges
                0x0000000000000a90       0x20 /usr/local/lib/gcc/m68k-elf/11/libgcc.a(_fixdfdi.o)
 .debug_aranges
                0x0000000000000ab0       0x20 /usr/local/lib/gcc/m68k-elf/11/libgcc.a(_fixunsdfdi.o)
 .debug_aranges
                0x0000000000000ad0       0x20 /usr/local/lib/gcc/m68k-elf/11/libgcc.a(_floatdidf.o)
 .debug_aranges
                0x0000000000000af0       0x20 /usr/local/lib/gcc/m68k-elf/11/libgcc.a(fpgnulib.o)
 .debug_aranges
                0x0000000000000b10       0x20 /usr/local/lib/gcc/m68k-elf/11/libgcc.a(xfgnulib.o)
 .debug_aranges
                0x0000000000000b30       0x20 /usr/local/lib/gcc/m68k-elf/11/libgcc.a(_float.o)
 .debug_aranges
                0x0000000000000b50       0x20 /usr/local/lib/gcc/m68k-elf/11/libgcc.a(_gedf2.o)
 .debug_aranges
                0x0000000000000b70       0x20 /usr/local/m68k-elf/lib/libidp.a(close.o)
 .debug_aranges
                0x0000000000000b90       0x20 /usr/local/m68k-elf/lib/libidp.a(fstat.o)
 .debug_aranges
                0x0000000000000bb0       0x20 /usr/local/m68k-elf/lib/libidp.a(getpid.o)
 .debug_aranges
                0x0000000000000bd0       0x20 /usr/local/m68k-elf/lib/libidp.a(isatty.o)
 .debug_aranges
                0x0000000000000bf0       0x20 /usr/local/m68k-elf/lib/libidp.a(kill.o)
 .debug_aranges
                0x0000000000000c10       0x20 /usr/local/m68k-elf/lib/libidp.a(lseek.o)
 .debug_aranges
                0x0000000000000c30       0x20 /usr/local/m68k-elf/lib/libidp.a(sbrk.o)
 .debug_aranges
                0x0000000000000c50       0x20 /usr/local/m68k-elf/lib/libidp.a(mc68ec.o)

.debug_line     0x0000000000000000    0x15154
 .debug_line    0x0000000000000000      0x118 csys68k.o
 .debug_line    0x0000000000000118       0xbb test1.o
 .debug_line    0x00000000000001d3      0x11f /usr/local/m68k-elf/lib/libc.a(libc_a-exit.o)
 .debug_line    0x00000000000002f2      0x52f /usr/local/m68k-elf/lib/libc.a(libc_a-findfp.o)
 .debug_line    0x0000000000000821      0x199 /usr/local/m68k-elf/lib/libc.a(libc_a-fwalk.o)
 .debug_line    0x00000000000009ba      0x162 /usr/local/m68k-elf/lib/libc.a(libc_a-putchar.o)
 .debug_line    0x0000000000000b1c      0x18f /usr/local/m68k-elf/lib/libc.a(libc_a-scanf.o)
 .debug_line    0x0000000000000cab      0x21e /usr/local/m68k-elf/lib/libc.a(libc_a-stdio.o)
 .debug_line    0x0000000000000ec9      0x178 /usr/local/m68k-elf/lib/libc.a(libc_a-closer.o)
 .debug_line    0x0000000000001041      0x1c1 /usr/local/m68k-elf/lib/libc.a(libc_a-reent.o)
 .debug_line    0x0000000000001202       0xac /usr/local/m68k-elf/lib/libc.a(libc_a-impure.o)
 .debug_line    0x00000000000012ae      0x183 /usr/local/m68k-elf/lib/libc.a(libc_a-lseekr.o)
 .debug_line    0x0000000000001431      0x177 /usr/local/m68k-elf/lib/libc.a(libc_a-readr.o)
 .debug_line    0x00000000000015a8      0x178 /usr/local/m68k-elf/lib/libc.a(libc_a-writer.o)
 .debug_line    0x0000000000001720       0x6d /usr/local/m68k-elf/lib/libc.a(libc_a-memset.o)
 .debug_line    0x000000000000178d      0x1a6 /usr/local/m68k-elf/lib/libc.a(libc_a-__call_atexit.o)
 .debug_line    0x0000000000001933      0x500 /usr/local/m68k-elf/lib/libc.a(libc_a-freer.o)
 .debug_line    0x0000000000001e33      0x99b /usr/local/m68k-elf/lib/libc.a(libc_a-mallocr.o)
 .debug_line    0x00000000000027ce      0x140 /usr/local/m68k-elf/lib/libc.a(libc_a-mlock.o)
 .debug_line    0x000000000000290e     0x1951 /usr/local/m68k-elf/lib/libc.a(libc_a-vfscanf.o)
 .debug_line    0x000000000000425f      0x24c /usr/local/m68k-elf/lib/libc.a(libc_a-fclose.o)
 .debug_line    0x00000000000044ab      0x484 /usr/local/m68k-elf/lib/libc.a(libc_a-fflush.o)
 .debug_line    0x000000000000492f      0x3c5 /usr/local/m68k-elf/lib/libc.a(libc_a-fread.o)
 .debug_line    0x0000000000004cf4      0x279 /usr/local/m68k-elf/lib/libc.a(libc_a-putc.o)
 .debug_line    0x0000000000004f6d      0x37f /usr/local/m68k-elf/lib/libc.a(libc_a-refill.o)
 .debug_line    0x00000000000052ec      0x1b5 /usr/local/m68k-elf/lib/libc.a(libc_a-sccl.o)
 .debug_line    0x00000000000054a1      0x1ef /usr/local/m68k-elf/lib/libc.a(libc_a-sprintf.o)
 .debug_line    0x0000000000005690      0x3e1 /usr/local/m68k-elf/lib/libc.a(libc_a-ungetc.o)
 .debug_line    0x0000000000005a71      0x29f /usr/local/m68k-elf/lib/libc.a(libc_a-wbuf.o)
 .debug_line    0x0000000000005d10      0x2db /usr/local/m68k-elf/lib/libc.a(libc_a-wsetup.o)
 .debug_line    0x0000000000005feb      0x26f /usr/local/m68k-elf/lib/libc.a(libc_a-locale.o)
 .debug_line    0x000000000000625a      0x173 /usr/local/m68k-elf/lib/libc.a(libc_a-localeconv.o)
 .debug_line    0x00000000000063cd      0x16c /usr/local/m68k-elf/lib/libc.a(libc_a-sbrkr.o)
 .debug_line    0x0000000000006539       0x69 /usr/local/m68k-elf/lib/libc.a(libc_a-memcpy.o)
 .debug_line    0x00000000000065a2       0xb0 /usr/local/m68k-elf/lib/libc.a(libm_a-sf_nan.o)
 .debug_line    0x0000000000006652      0x201 /usr/local/m68k-elf/lib/libc.a(libc_a-mbtowc_r.o)
 .debug_line    0x0000000000006853      0x864 /usr/local/m68k-elf/lib/libc.a(libc_a-reallocr.o)
 .debug_line    0x00000000000070b7     0x14c4 /usr/local/m68k-elf/lib/libc.a(libc_a-strtod.o)
 .debug_line    0x000000000000857b      0x483 /usr/local/m68k-elf/lib/libc.a(libc_a-strtol.o)
 .debug_line    0x00000000000089fe      0x402 /usr/local/m68k-elf/lib/libc.a(libc_a-strtoul.o)
 .debug_line    0x0000000000008e00      0x1f4 /usr/local/m68k-elf/lib/libc.a(libc_a-wctomb_r.o)
 .debug_line    0x0000000000008ff4      0x24b /usr/local/m68k-elf/lib/libc.a(libc_a-mbrtowc.o)
 .debug_line    0x000000000000923f       0x5b /usr/local/m68k-elf/lib/libc.a(libc_a-ctype_.o)
 .debug_line    0x000000000000929a      0x132 /usr/local/m68k-elf/lib/libc.a(libc_a-iswspace.o)
 .debug_line    0x00000000000093cc      0x1c7 /usr/local/m68k-elf/lib/libc.a(libc_a-iswspace_l.o)
 .debug_line    0x0000000000009593     0x1967 /usr/local/m68k-elf/lib/libc.a(libc_a-svfprintf.o)
 .debug_line    0x000000000000aefa      0x36d /usr/local/m68k-elf/lib/libc.a(libc_a-makebuf.o)
 .debug_line    0x000000000000b267      0x19f /usr/local/m68k-elf/lib/libc.a(libc_a-memchr.o)
 .debug_line    0x000000000000b406      0x1da /usr/local/m68k-elf/lib/libc.a(libc_a-memmove.o)
 .debug_line    0x000000000000b5e0      0x144 /usr/local/m68k-elf/lib/libc.a(libc_a-strcmp.o)
 .debug_line    0x000000000000b724      0x1bf /usr/local/m68k-elf/lib/libc.a(libc_a-strncmp.o)
 .debug_line    0x000000000000b8e3      0x1ed /usr/local/m68k-elf/lib/libc.a(libc_a-fstatr.o)
 .debug_line    0x000000000000bad0      0x179 /usr/local/m68k-elf/lib/libc.a(libc_a-isattyr.o)
 .debug_line    0x000000000000bc49      0x10b /usr/local/m68k-elf/lib/libc.a(libc_a-errno.o)
 .debug_line    0x000000000000bd54       0xfa /usr/local/m68k-elf/lib/libc.a(libc_a-strlen.o)
 .debug_line    0x000000000000be4e       0xb1 /usr/local/m68k-elf/lib/libc.a(libm_a-s_nan.o)
 .debug_line    0x000000000000beff     0x1617 /usr/local/m68k-elf/lib/libc.a(libc_a-dtoa.o)
 .debug_line    0x000000000000d516      0xb05 /usr/local/m68k-elf/lib/libc.a(libc_a-gdtoa-gethex.o)
 .debug_line    0x000000000000e01b      0x3ea /usr/local/m68k-elf/lib/libc.a(libc_a-gdtoa-hexnan.o)
 .debug_line    0x000000000000e405     0x1599 /usr/local/m68k-elf/lib/libc.a(libc_a-mprec.o)
 .debug_line    0x000000000000f99e     0x1007 /usr/local/m68k-elf/lib/libc.a(libc_a-svfiprintf.o)
 .debug_line    0x00000000000109a5      0x183 /usr/local/m68k-elf/lib/libc.a(libc_a-assert.o)
 .debug_line    0x0000000000010b28      0x226 /usr/local/m68k-elf/lib/libc.a(libc_a-callocr.o)
 .debug_line    0x0000000000010d4e      0x180 /usr/local/m68k-elf/lib/libc.a(libc_a-fiprintf.o)
 .debug_line    0x0000000000010ece     0x12da /usr/local/m68k-elf/lib/libc.a(libc_a-vfiprintf.o)
 .debug_line    0x00000000000121a8      0x610 /usr/local/m68k-elf/lib/libc.a(libc_a-fvwrite.o)