Archive member included to satisfy reference by file (symbol)

/usr/local/m68k-elf/lib/libc.a(libc_a-putchar.o)
                              test1.o (putchar)
/usr/local/m68k-elf/lib/libc.a(libc_a-scanf.o)
                              test1.o (scanf)
/usr/local/m68k-elf/lib/libc.a(libc_a-impure.o)
                              /usr/local/m68k-elf/lib/libc.a(libc_a-putchar.o) (_impure_ptr)
/usr/local/m68k-elf/lib/libc.a(libc_a-vfscanf.o)
                              /usr/local/m68k-elf/lib/libc.a(libc_a-scanf.o) (_vfscanf_r)
/usr/local/m68k-elf/lib/libc.a(libc_a-findfp.o)
                              /usr/local/m68k-elf/lib/libc.a(libc_a-impure.o) (__sf)
/usr/local/m68k-elf/lib/libc.a(libc_a-fread.o)
                              /usr/local/m68k-elf/lib/libc.a(libc_a-vfscanf.o) (_fread_r)
/usr/local/m68k-elf/lib/libc.a(libc_a-fwalk.o)
                              /usr/local/m68k-elf/lib/libc.a(libc_a-findfp.o) (_fwalk_sglue)
/usr/local/m68k-elf/lib/libc.a(libc_a-putc.o)
                              /usr/local/m68k-elf/lib/libc.a(libc_a-putchar.o) (_putc_r)
/usr/local/m68k-elf/lib/libc.a(libc_a-refill.o)
                              /usr/local/m68k-elf/lib/libc.a(libc_a-vfscanf.o) (__srefill_r)
/usr/local/m68k-elf/lib/libc.a(libc_a-sccl.o)
                              /usr/local/m68k-elf/lib/libc.a(libc_a-vfscanf.o) (__sccl)
/usr/local/m68k-elf/lib/libc.a(libc_a-sprintf.o)
                              /usr/local/m68k-elf/lib/libc.a(libc_a-vfscanf.o) (sprintf)
/usr/local/m68k-elf/lib/libc.a(libc_a-stdio.o)
                              /usr/local/m68k-elf/lib/libc.a(libc_a-findfp.o) (__sread)
/usr/local/m68k-elf/lib/libc.a(libc_a-ungetc.o)
                              /usr/local/m68k-elf/lib/libc.a(libc_a-vfscanf.o) (_ungetc_r)
/usr/local/m68k-elf/lib/libc.a(libc_a-wbuf.o)
                              /usr/local/m68k-elf/lib/libc.a(libc_a-putc.o) (__swbuf_r)
/usr/local/m68k-elf/lib/libc.a(libc_a-wsetup.o)
                              /usr/local/m68k-elf/lib/libc.a(libc_a-wbuf.o) (__swsetup_r)
/usr/local/m68k-elf/lib/libc.a(libc_a-locale.o)
                              /usr/local/m68k-elf/lib/libc.a(libc_a-vfscanf.o) (__locale_mb_cur_max)
/usr/local/m68k-elf/lib/libc.a(libc_a-localeconv.o)
                              /usr/local/m68k-elf/lib/libc.a(libc_a-vfscanf.o) (_localeconv_r)
/usr/local/m68k-elf/lib/libc.a(libc_a-closer.o)
                              /usr/local/m68k-elf/lib/libc.a(libc_a-stdio.o) (_close_r)
/usr/local/m68k-elf/lib/libc.a(libc_a-reent.o)
                              /usr/local/m68k-elf/lib/libc.a(libc_a-closer.o) (errno)
/usr/local/m68k-elf/lib/libc.a(libc_a-lseekr.o)
                              /usr/local/m68k-elf/lib/libc.a(libc_a-stdio.o) (_lseek_r)
/usr/local/m68k-elf/lib/libc.a(libc_a-readr.o)
                              /usr/local/m68k-elf/lib/libc.a(libc_a-stdio.o) (_read_r)
/usr/local/m68k-elf/lib/libc.a(libc_a-writer.o)
                              /usr/local/m68k-elf/lib/libc.a(libc_a-stdio.o) (_write_r)
/usr/local/m68k-elf/lib/libc.a(libc_a-memcpy.o)
                              /usr/local/m68k-elf/lib/libc.a(libc_a-fread.o) (memcpy)
/usr/local/m68k-elf/lib/libc.a(libc_a-memset.o)
                              /usr/local/m68k-elf/lib/libc.a(libc_a-vfscanf.o) (memset)
/usr/local/m68k-elf/lib/libc.a(libm_a-sf_nan.o)
                              /usr/local/m68k-elf/lib/libc.a(libc_a-vfscanf.o) (nanf)
/usr/local/m68k-elf/lib/libc.a(libc_a-freer.o)
                              /usr/local/m68k-elf/lib/libc.a(libc_a-fread.o) (_free_r)
/usr/local/m68k-elf/lib/libc.a(libc_a-mallocr.o)
                              /usr/local/m68k-elf/lib/libc.a(libc_a-findfp.o) (_malloc_r)
/usr/local/m68k-elf/lib/libc.a(libc_a-mbtowc_r.o)
                              /usr/local/m68k-elf/lib/libc.a(libc_a-locale.o) (__ascii_mbtowc)
/usr/local/m68k-elf/lib/libc.a(libc_a-mlock.o)
                              /usr/local/m68k-elf/lib/libc.a(libc_a-freer.o) (__malloc_lock)
/usr/local/m68k-elf/lib/libc.a(libc_a-reallocr.o)
                              /usr/local/m68k-elf/lib/libc.a(libc_a-ungetc.o) (_realloc_r)
/usr/local/m68k-elf/lib/libc.a(libc_a-strtod.o)
                              /usr/local/m68k-elf/lib/libc.a(libc_a-vfscanf.o) (_strtod_r)
/usr/local/m68k-elf/lib/libc.a(libc_a-strtol.o)
                              /usr/local/m68k-elf/lib/libc.a(libc_a-vfscanf.o) (_strtol_r)
/usr/local/m68k-elf/lib/libc.a(libc_a-strtoul.o)
                              /usr/local/m68k-elf/lib/libc.a(libc_a-vfscanf.o) (_strtoul_r)
/usr/local/m68k-elf/lib/libc.a(libc_a-wctomb_r.o)
                              /usr/local/m68k-elf/lib/libc.a(libc_a-locale.o) (__ascii_wctomb)
/usr/local/m68k-elf/lib/libc.a(libc_a-mbrtowc.o)
                              /usr/local/m68k-elf/lib/libc.a(libc_a-vfscanf.o) (_mbrtowc_r)
/usr/local/m68k-elf/lib/libc.a(libc_a-ctype_.o)
                              /usr/local/m68k-elf/lib/libc.a(libc_a-vfscanf.o) (_ctype_)
[...]
Memory Configuration

Name             Origin             Length             Attributes
ram              0x0000000000000000 0x0000000000040000 xrw
rom0             0x0000000000c00000 0x0000000000080000
device           0x0000000000fff000 0x0000000000001000
*default*        0x0000000000000000 0xffffffffffffffff

Linker script and memory map

LOAD crt0.o
LOAD mon.o
LOAD inchrw.o
LOAD outchr.o
LOAD csys68k.o
LOAD test1.o
START GROUP
LOAD /usr/local/m68k-elf/lib/libidp.a
LOAD /usr/local/m68k-elf/lib/libc.a
LOAD /usr/local/lib/gcc/m68k-elf/11/libgcc.a
END GROUP
                0x0000000000000000                __DYNAMIC = 0x0
                0x000000000003fff0                PROVIDE (__stack = 0x3fff0)
                0x0000000000000000                PROVIDE (hardware_init_hook = 0x0)
                [!provide]                        PROVIDE (_hardware_init_hook = 0x0)
                0x0000000000000000                PROVIDE (software_init_hook = 0x0)
                [!provide]                        PROVIDE (_software_init_hook = 0x0)

.vector
 *(.vector)

.text           0x0000000000000400    0x111c8
                0x0000000000000400                __text_start = .
 *(.text)
 .text          0x0000000000000400       0x90 crt0.o
                0x000000000000043c                start
 .text          0x0000000000000490      0x3e0 mon.o
                0x0000000000000490                monitor_begin
 .text          0x0000000000000870       0x28 inchrw.o
                0x0000000000000870                inbyte
 .text          0x0000000000000898       0x30 outchr.o
                0x0000000000000898                outbyte
 .text          0x00000000000008c8       0xe6 csys68k.o
                0x00000000000008c8                read
                0x0000000000000958                write
 *fill*         0x00000000000009ae        0x2 
 .text          0x00000000000009b0        0xa test1.o
                0x00000000000009b0                exit
 *fill*         0x00000000000009ba        0x2 
 .text          0x00000000000009bc       0x36 /usr/local/m68k-elf/lib/libc.a(libc_a-putchar.o)
                0x00000000000009bc                _putchar_r
                0x00000000000009d6                putchar
 *fill*         0x00000000000009f2        0x2 
 .text          0x00000000000009f4       0x4a /usr/local/m68k-elf/lib/libc.a(libc_a-scanf.o)
                0x00000000000009f4                scanf
                0x0000000000000a1a                _scanf_r
 *fill*         0x0000000000000a3e        0x2 
 .text          0x0000000000000a40        0x0 /usr/local/m68k-elf/lib/libc.a(libc_a-impure.o)
 .text          0x0000000000000a40     0x188c /usr/local/m68k-elf/lib/libc.a(libc_a-vfscanf.o)
                0x0000000000000a40                __svfscanf_r
                0x0000000000002204                vfscanf
                0x0000000000002256                __svfscanf
                0x0000000000002272                _vfscanf_r
 .text          0x00000000000022cc      0x362 /usr/local/m68k-elf/lib/libc.a(libc_a-findfp.o)
                0x00000000000024cc                __sfp
                0x00000000000025da                __sinit
                0x00000000000025fa                __sfp_lock_acquire
                0x00000000000025fc                __sfp_lock_release
                0x00000000000025fe                __fp_lock_all
                0x0000000000002616                __fp_unlock_all
 *fill*         0x000000000000262e        0x2 
 .text          0x0000000000002630      0x1ee /usr/local/m68k-elf/lib/libc.a(libc_a-fread.o)
                0x0000000000002630                _fread_r
                0x00000000000027fe                fread
 *fill*         0x000000000000281e        0x2 
 .text          0x0000000000002820       0x56 /usr/local/m68k-elf/lib/libc.a(libc_a-fwalk.o)
                0x0000000000002820                _fwalk_sglue
 *fill*         0x0000000000002876        0x2 
 .text          0x0000000000002878       0xec /usr/local/m68k-elf/lib/libc.a(libc_a-putc.o)
                0x0000000000002878                _putc_r
                0x00000000000028f0                putc
 .text          0x0000000000002964      0x1fc /usr/local/m68k-elf/lib/libc.a(libc_a-refill.o)
                0x000000000000298c                __srefill_r
 .text          0x0000000000002b60       0xce /usr/local/m68k-elf/lib/libc.a(libc_a-sccl.o)
                0x0000000000002b60                __sccl
 *fill*         0x0000000000002c2e        0x2 
 .text          0x0000000000002c30       0xa2 /usr/local/m68k-elf/lib/libc.a(libc_a-sprintf.o)
                0x0000000000002c30                _sprintf_r
                0x0000000000002c80                sprintf
 *fill*         0x0000000000002cd2        0x2 
 .text          0x0000000000002cd4      0x114 /usr/local/m68k-elf/lib/libc.a(libc_a-stdio.o)
                0x0000000000002cd4                __sread
                0x0000000000002d0c                __seofread
                0x0000000000002d10                __swrite
                0x0000000000002d96                __sseek
                0x0000000000002dd6                __sclose
 .text          0x0000000000002de8      0x1fe /usr/local/m68k-elf/lib/libc.a(libc_a-ungetc.o)
                0x0000000000002de8                __submore
                0x0000000000002e8a                _ungetc_r
                0x0000000000002fce                ungetc
 *fill*         0x0000000000002fe6        0x2 
 .text          0x0000000000002fe8      0x12a /usr/local/m68k-elf/lib/libc.a(libc_a-wbuf.o)
                0x0000000000002fe8                __swbuf_r
                0x00000000000030fa                __swbuf
 *fill*         0x0000000000003112        0x2 
 .text          0x0000000000003114      0x12a /usr/local/m68k-elf/lib/libc.a(libc_a-wsetup.o)
                0x0000000000003114                __swsetup_r
 *fill*         0x000000000000323e        0x2 
 .text          0x0000000000003240       0xb4 /usr/local/m68k-elf/lib/libc.a(libc_a-locale.o)
                0x0000000000003240                _setlocale_r
                0x0000000000003294                __locale_mb_cur_max
                0x00000000000032a0                setlocale
 .text          0x00000000000032f4       0x1c /usr/local/m68k-elf/lib/libc.a(libc_a-localeconv.o)
                0x00000000000032f4                __localeconv_l
                0x0000000000003300                _localeconv_r
                0x0000000000003308                localeconv
 .text          0x0000000000003310       0x2a /usr/local/m68k-elf/lib/libc.a(libc_a-closer.o)
                0x0000000000003310                _close_r
 *fill*         0x000000000000333a        0x2 
 .text          0x000000000000333c       0x92 /usr/local/m68k-elf/lib/libc.a(libc_a-reent.o)
                0x000000000000333c                _reclaim_reent
 *fill*         0x00000000000033ce        0x2 
 .text          0x00000000000033d0       0x34 /usr/local/m68k-elf/lib/libc.a(libc_a-lseekr.o)
                0x00000000000033d0                _lseek_r
 .text          0x0000000000003404       0x34 /usr/local/m68k-elf/lib/libc.a(libc_a-readr.o)
                0x0000000000003404                _read_r
 .text          0x0000000000003438       0x34 /usr/local/m68k-elf/lib/libc.a(libc_a-writer.o)
                0x0000000000003438                _write_r
 .text          0x000000000000346c       0x6e /usr/local/m68k-elf/lib/libc.a(libc_a-memcpy.o)
                0x000000000000346c                memcpy
 *fill*         0x00000000000034da        0x2 
 .text          0x00000000000034dc       0x72 /usr/local/m68k-elf/lib/libc.a(libc_a-memset.o)
                0x00000000000034dc                memset
 *fill*         0x000000000000354e        0x2 
 .text          0x0000000000003550        0x8 /usr/local/m68k-elf/lib/libc.a(libm_a-sf_nan.o)
                0x0000000000003550                nanf
 .text          0x0000000000003558      0x424 /usr/local/m68k-elf/lib/libc.a(libc_a-freer.o)
                0x0000000000003558                _malloc_trim_r
                0x0000000000003632                _free_r
 .text          0x000000000000397c      0x85a /usr/local/m68k-elf/lib/libc.a(libc_a-mallocr.o)
                0x000000000000397c                _malloc_r
 *fill*         0x00000000000041d6        0x2 
 .text          0x00000000000041d8       0x4c /usr/local/m68k-elf/lib/libc.a(libc_a-mbtowc_r.o)
                0x00000000000041d8                _mbtowc_r
                0x00000000000041e0                __ascii_mbtowc
 .text          0x0000000000004224        0x4 /usr/local/m68k-elf/lib/libc.a(libc_a-mlock.o)
                0x0000000000004224                __malloc_lock
                0x0000000000004226                __malloc_unlock
 .text          0x0000000000004228      0x61a /usr/local/m68k-elf/lib/libc.a(libc_a-reallocr.o)
                0x0000000000004228                _realloc_r
 *fill*         0x0000000000004842        0x2 
 .text          0x0000000000004844     0x1980 /usr/local/m68k-elf/lib/libc.a(libc_a-strtod.o)
                0x0000000000004844                _strtod_l
                0x0000000000005f6a                _strtod_r
                0x0000000000005f86                strtod_l
                0x0000000000005fa2                strtod
                0x0000000000005fc0                strtof_l
                0x00000000000060bc                strtof
 .text          0x00000000000061c4      0x2ba /usr/local/m68k-elf/lib/libc.a(libc_a-strtol.o)
                0x0000000000006440                _strtol_r
                0x0000000000006444                strtol_l
                0x0000000000006462                strtol
 *fill*         0x000000000000647e        0x2 
 .text          0x0000000000006480      0x240 /usr/local/m68k-elf/lib/libc.a(libc_a-strtoul.o)
                0x0000000000006682                _strtoul_r
                0x0000000000006686                strtoul_l
                0x00000000000066a4                strtoul
 .text          0x00000000000066c0       0x36 /usr/local/m68k-elf/lib/libc.a(libc_a-wctomb_r.o)
                0x00000000000066c0                _wctomb_r
                0x00000000000066c8                __ascii_wctomb
 *fill*         0x00000000000066f6        0x2 
 .text          0x00000000000066f8       0xc8 /usr/local/m68k-elf/lib/libc.a(libc_a-mbrtowc.o)
                0x00000000000066f8                _mbrtowc_r
                0x000000000000675a                mbrtowc
 .text          0x00000000000067c0        0x0 /usr/local/m68k-elf/lib/libc.a(libc_a-ctype_.o)
 .text          0x00000000000067c0       0x10 /usr/local/m68k-elf/lib/libc.a(libc_a-iswspace.o)
                0x00000000000067c0                iswspace
 .text          0x00000000000067d0       0x26 /usr/local/m68k-elf/lib/libc.a(libc_a-iswspace_l.o)
                0x00000000000067d0                iswspace_l
 *fill*         0x00000000000067f6        0x2 
 .text          0x00000000000067f8     0x1db0 /usr/local/m68k-elf/lib/libc.a(libc_a-svfprintf.o)
                0x00000000000067f8                _svfprintf_r
 .text          0x00000000000085a8       0xea /usr/local/m68k-elf/lib/libc.a(libc_a-fclose.o)
                0x00000000000085a8                _fclose_r
                0x0000000000008680                fclose
 *fill*         0x0000000000008692        0x2 
 .text          0x0000000000008694      0x296 /usr/local/m68k-elf/lib/libc.a(libc_a-fflush.o)
                0x0000000000008694                __sflush_r
                0x0000000000008878                _fflush_r
                0x00000000000088ba                fflush
 *fill*         0x000000000000892a        0x2 
 .text          0x000000000000892c      0x1d2 /usr/local/m68k-elf/lib/libc.a(libc_a-makebuf.o)
                0x000000000000892c                __smakebuf_r
                0x0000000000008a62                __swhatbuf_r
 *fill*         0x0000000000008afe        0x2 
 .text          0x0000000000008b00       0x9c /usr/local/m68k-elf/lib/libc.a(libc_a-memchr.o)
                0x0000000000008b00                memchr
 .text          0x0000000000008b9c       0xfa /usr/local/m68k-elf/lib/libc.a(libc_a-memmove.o)
                0x0000000000008b9c                memmove
 *fill*         0x0000000000008c96        0x2 
 .text          0x0000000000008c98       0x6e /usr/local/m68k-elf/lib/libc.a(libc_a-strcmp.o)
                0x0000000000008c98                strcmp
 *fill*         0x0000000000008d06        0x2 
 .text          0x0000000000008d08       0xa4 /usr/local/m68k-elf/lib/libc.a(libc_a-strncmp.o)
                0x0000000000008d08                strncmp
 .text          0x0000000000008dac       0x2e /usr/local/m68k-elf/lib/libc.a(libc_a-fstatr.o)
                0x0000000000008dac                _fstat_r
 *fill*         0x0000000000008dda        0x2 
 .text          0x0000000000008ddc       0x2a /usr/local/m68k-elf/lib/libc.a(libc_a-isattyr.o)
                0x0000000000008ddc                _isatty_r
 *fill*         0x0000000000008e06        0x2 
 .text          0x0000000000008e08       0x2a /usr/local/m68k-elf/lib/libc.a(libc_a-sbrkr.o)
                0x0000000000008e08                _sbrk_r
 *fill*         0x0000000000008e32        0x2 
 .text          0x0000000000008e34        0x8 /usr/local/m68k-elf/lib/libc.a(libc_a-errno.o)
                0x0000000000008e34                __errno
 .text          0x0000000000008e3c       0x14 /usr/local/m68k-elf/lib/libc.a(libc_a-strlen.o)
                0x0000000000008e3c                strlen
 .text          0x0000000000008e50        0xa /usr/local/m68k-elf/lib/libc.a(libm_a-s_nan.o)
                0x0000000000008e50                nan
 *fill*         0x0000000000008e5a        0x2 
 .text          0x0000000000008e5c     0x1ae0 /usr/local/m68k-elf/lib/libc.a(libc_a-dtoa.o)
                0x0000000000008fe4                _dtoa_r
 .text          0x000000000000a93c      0x8d0 /usr/local/m68k-elf/lib/libc.a(libc_a-gdtoa-gethex.o)
                0x000000000000aa0a                __gethex
 .text          0x000000000000b20c      0x268 /usr/local/m68k-elf/lib/libc.a(libc_a-gdtoa-hexnan.o)
                0x000000000000b20c                __match
                0x000000000000b252                __hexnan
 .text          0x000000000000b474      0xe1a /usr/local/m68k-elf/lib/libc.a(libc_a-mprec.o)
                0x000000000000b474                _Balloc
                0x000000000000b504                _Bfree
                0x000000000000b528                __multadd
                0x000000000000b622                __s2b
                0x000000000000b6fe                __hi0bits
                0x000000000000b758                __lo0bits
                0x000000000000b7ce                __i2b
                0x000000000000b872                __multiply
                0x000000000000ba82                __pow5mult
                0x000000000000bb7a                __lshift
                0x000000000000bc6a                __mcmp
                0x000000000000bcb8                __mdiff
                0x000000000000be8e                __ulp
                0x000000000000bee0                __b2d
                0x000000000000bfd2                __d2b
                0x000000000000c0ec                __ratio
                0x000000000000c184                _mprec_log10
                0x000000000000c1de                __copybits
                0x000000000000c234                __any_on
 *fill*         0x000000000000c28e        0x2 
 .text          0x000000000000c290      0xe32 /usr/local/m68k-elf/lib/libc.a(libc_a-svfiprintf.o)
                0x000000000000c290                __ssprint_r
                0x000000000000c3f0                _svfiprintf_r
 *fill*         0x000000000000d0c2        0x2 
 .text          0x000000000000d0c4       0x80 /usr/local/m68k-elf/lib/libc.a(libc_a-assert.o)
                0x000000000000d0c4                __assert_func
                0x000000000000d132                __assert
 .text          0x000000000000d144      0x122 /usr/local/m68k-elf/lib/libc.a(libc_a-callocr.o)
                0x000000000000d144                _calloc_r
 *fill*         0x000000000000d266        0x2 
 .text          0x000000000000d268       0x46 /usr/local/m68k-elf/lib/libc.a(libc_a-fiprintf.o)
                0x000000000000d268                _fiprintf_r
                0x000000000000d28a                fiprintf
 *fill*         0x000000000000d2ae        0x2 
 .text          0x000000000000d2b0     0x11c4 /usr/local/m68k-elf/lib/libc.a(libc_a-vfiprintf.o)
                0x000000000000d34c                __sprint_r
                0x000000000000d376                _vfiprintf_r
                0x000000000000e3b6                vfiprintf
 .text          0x000000000000e474      0x3cc /usr/local/m68k-elf/lib/libc.a(libc_a-fvwrite.o)
                0x000000000000e474                __sfvwrite_r
 .text          0x000000000000e840      0x166 /usr/local/m68k-elf/lib/libc.a(libc_a-fputwc.o)
                0x000000000000e840                __fputwc
                0x000000000000e91e                _fputwc_r
                0x000000000000e952                fputwc
 *fill*         0x000000000000e9a6        0x2 
 .text          0x000000000000e9a8       0x14 /usr/local/m68k-elf/lib/libc.a(libc_a-abort.o)
                0x000000000000e9a8                abort
 .text          0x000000000000e9bc       0xc8 /usr/local/m68k-elf/lib/libc.a(libc_a-wcrtomb.o)
                0x000000000000e9bc                _wcrtomb_r
                0x000000000000ea1c                wcrtomb
 .text          0x000000000000ea84      0x390 /usr/local/m68k-elf/lib/libc.a(libc_a-signal.o)
                0x000000000000ea84                _init_signal_r
                0x000000000000eac6                _signal_r
                0x000000000000eb32                _raise_r
                0x000000000000ebb6                __sigtramp_r
                0x000000000000ec48                raise
                0x000000000000ecce                signal
                0x000000000000ed3c                _init_signal
                0x000000000000ed80                __sigtramp
 .text          0x000000000000ee14       0x34 /usr/local/m68k-elf/lib/libc.a(libc_a-signalr.o)
                0x000000000000ee14                _kill_r
                0x000000000000ee42                _getpid_r
 .text          0x000000000000ee48       0x22 /usr/local/lib/gcc/m68k-elf/11/libgcc.a(_mulsi3.o)
                0x000000000000ee48                __mulsi3
 *fill*         0x000000000000ee6a        0x2 
 .text          0x000000000000ee6c       0x5c /usr/local/lib/gcc/m68k-elf/11/libgcc.a(_udivsi3.o)
                0x000000000000ee6c                __udivsi3
 .text          0x000000000000eec8       0x2e /usr/local/lib/gcc/m68k-elf/11/libgcc.a(_divsi3.o)
                0x000000000000eec8                __divsi3
 *fill*         0x000000000000eef6        0x2 
 .text          0x000000000000eef8       0x2e /usr/local/lib/gcc/m68k-elf/11/libgcc.a(_umodsi3.o)
                0x000000000000eef8                __umodsi3
 *fill*         0x000000000000ef26        0x2 
 .text          0x000000000000ef28       0x2e /usr/local/lib/gcc/m68k-elf/11/libgcc.a(_modsi3.o)
                0x000000000000ef28                __modsi3
 *fill*         0x000000000000ef56        0x2 
 .text          0x000000000000ef58      0x9cc /usr/local/lib/gcc/m68k-elf/11/libgcc.a(_double.o)
                0x000000000000efb2                __subdf3
                0x000000000000efb8                __adddf3
                0x000000000000f34e                __muldf3
                0x000000000000f4fc                __divdf3
                0x000000000000f770                __negdf2
                0x000000000000f7ce                __cmpdf2_internal
                0x000000000000f89e                __cmpdf2
 .text          0x000000000000f924       0x6a /usr/local/lib/gcc/m68k-elf/11/libgcc.a(_floatex.o)
                0x000000000000f924                __clear_sticky_bit
                0x000000000000f932                $_exception_handler
 *fill*         0x000000000000f98e        0x2 
 .text          0x000000000000f990       0x22 /usr/local/lib/gcc/m68k-elf/11/libgcc.a(_eqdf2.o)
                0x000000000000f990                __eqdf2
 *fill*         0x000000000000f9b2        0x2 
 .text          0x000000000000f9b4       0x22 /usr/local/lib/gcc/m68k-elf/11/libgcc.a(_nedf2.o)
                0x000000000000f9b4                __nedf2
 *fill*         0x000000000000f9d6        0x2 
 .text          0x000000000000f9d8       0x22 /usr/local/lib/gcc/m68k-elf/11/libgcc.a(_gtdf2.o)
                0x000000000000f9d8                __gtdf2
 *fill*         0x000000000000f9fa        0x2 
 .text          0x000000000000f9fc       0x22 /usr/local/lib/gcc/m68k-elf/11/libgcc.a(_ltdf2.o)
                0x000000000000f9fc                __ltdf2
 *fill*         0x000000000000fa1e        0x2 
 .text          0x000000000000fa20       0x22 /usr/local/lib/gcc/m68k-elf/11/libgcc.a(_ledf2.o)
                0x000000000000fa20                __ledf2
 *fill*         0x000000000000fa42        0x2 
 .text          0x000000000000fa44       0x1a /usr/local/lib/gcc/m68k-elf/11/libgcc.a(_lesf2.o)
                0x000000000000fa44                __lesf2
 *fill*         0x000000000000fa5e        0x2 
 .text          0x000000000000fa60       0x66 /usr/local/lib/gcc/m68k-elf/11/libgcc.a(_fixunsdfsi.o)
                0x000000000000fa60                __fixunsdfsi
 *fill*         0x000000000000fac6        0x2 
 .text          0x000000000000fac8       0x52 /usr/local/lib/gcc/m68k-elf/11/libgcc.a(_fixdfdi.o)
                0x000000000000fac8                __fixdfdi
 *fill*         0x000000000000fb1a        0x2 
 .text          0x000000000000fb1c       0x72 /usr/local/lib/gcc/m68k-elf/11/libgcc.a(_fixunsdfdi.o)
                0x000000000000fb1c                __fixunsdfdi
 *fill*         0x000000000000fb8e        0x2 
 .text          0x000000000000fb90       0x4a /usr/local/lib/gcc/m68k-elf/11/libgcc.a(_floatdidf.o)
                0x000000000000fb90                __floatdidf
 *fill*         0x000000000000fbda        0x2 
 .text          0x000000000000fbdc      0x53a /usr/local/lib/gcc/m68k-elf/11/libgcc.a(fpgnulib.o)
                0x000000000000fc8a                __unordsf2
                0x000000000000fce0                __unorddf2
                0x000000000000fd50                __floatunsidf
                0x000000000000fdc6                __floatsidf
                0x000000000000fdda                __floatunsisf
                0x000000000000fe54                __floatsisf
                0x000000000000fe70                __extendsfdf2
                0x000000000000fee4                __truncdfsf2
                0x000000000000fff2                __fixdfsi
                0x0000000000010082                __fixsfsi
 *fill*         0x0000000000010116        0x2 
 .text          0x0000000000010118      0x8c0 /usr/local/lib/gcc/m68k-elf/11/libgcc.a(xfgnulib.o)
                0x0000000000010118                __unordxf2
                0x00000000000101b8                __extenddfxf2
                0x000000000001026c                __truncxfdf2
                0x0000000000010334                __extendsfxf2
                0x00000000000103ee                __truncxfsf2
                0x00000000000104e8                __floatsixf
                0x000000000001052e                __floatunsixf
                0x0000000000010574                __fixxfsi
                0x0000000000010596                __addxf3
                0x000000000001060c                __subxf3
                0x0000000000010682                __mulxf3
                0x00000000000106f8                __divxf3
                0x000000000001076e                __negxf2
                0x00000000000107c4                __cmpxf2
                0x0000000000010810                __eqxf2
                0x000000000001085c                __nexf2
                0x00000000000108a8                __ltxf2
                0x00000000000108f4                __lexf2
                0x0000000000010940                __gtxf2
                0x000000000001098c                __gexf2
 .text          0x00000000000109d8      0x72a /usr/local/lib/gcc/m68k-elf/11/libgcc.a(_float.o)
                0x0000000000010a20                __subsf3
                0x0000000000010a26                __addsf3
                0x0000000000010cb4                __mulsf3
                0x0000000000010de0                __divsf3
                0x0000000000010fa6                __negsf2
                0x0000000000010ff8                __cmpsf2_internal
                0x0000000000011094                __cmpsf2
 *fill*         0x0000000000011102        0x2 
 .text          0x0000000000011104       0x22 /usr/local/lib/gcc/m68k-elf/11/libgcc.a(_gedf2.o)
                0x0000000000011104                __gedf2
 *fill*         0x0000000000011126        0x2 
 .text          0x0000000000011128        0x4 /usr/local/m68k-elf/lib/libidp.a(close.o)
                0x0000000000011128                close
 .text          0x000000000001112c       0x14 /usr/local/m68k-elf/lib/libidp.a(fstat.o)
                0x000000000001112c                fstat
 .text          0x0000000000011140        0x4 /usr/local/m68k-elf/lib/libidp.a(getpid.o)
                0x0000000000011140                getpid
 .text          0x0000000000011144        0x4 /usr/local/m68k-elf/lib/libidp.a(isatty.o)
                0x0000000000011144                isatty
 .text          0x0000000000011148       0x16 /usr/local/m68k-elf/lib/libidp.a(kill.o)
                0x0000000000011148                kill
 *fill*         0x000000000001115e        0x2 
 .text          0x0000000000011160       0x10 /usr/local/m68k-elf/lib/libidp.a(lseek.o)
                0x0000000000011160                lseek
 .text          0x0000000000011170       0x2a /usr/local/m68k-elf/lib/libidp.a(sbrk.o)
                0x0000000000011170                sbrk
 *fill*         0x000000000001119a        0x2 
 .text          0x000000000001119c       0x12 /usr/local/m68k-elf/lib/libidp.a(mc68ec.o)
                0x000000000001119c                _exit
                0x00000000000111a0                delay
                0x00000000000111b0                . = ALIGN (0x4)
 *fill*         0x00000000000111ae        0x2 
                0x00000000000111b0                __CTOR_LIST__ = .
                0x00000000000111b0                ___CTOR_LIST__ = .
                0x00000000000111b0        0x4 LONG 0x0 (((__CTOR_END__ - __CTOR_LIST__) / 0x4) - 0x2)
 *(.ctors)
                0x00000000000111b4        0x4 LONG 0x0
                0x00000000000111b8                __CTOR_END__ = .
                0x00000000000111b8                __DTOR_LIST__ = .
                0x00000000000111b8                ___DTOR_LIST__ = .
                0x00000000000111b8        0x4 LONG 0x0 (((__DTOR_END__ - __DTOR_LIST__) / 0x4) - 0x2)
 *(.dtors)
                0x00000000000111bc        0x4 LONG 0x0
                0x00000000000111c0                __DTOR_END__ = .
 *(.rodata)
 .rodata        0x00000000000111c0       0x22 /usr/local/m68k-elf/lib/libc.a(libc_a-vfscanf.o)
 .rodata        0x00000000000111e2       0x50 /usr/local/m68k-elf/lib/libc.a(libc_a-strtod.o)
 .rodata        0x0000000000011232      0x101 /usr/local/m68k-elf/lib/libc.a(libc_a-ctype_.o)
                0x0000000000011232                _ctype_
 .rodata        0x0000000000011333       0x20 /usr/local/m68k-elf/lib/libc.a(libc_a-svfprintf.o)
 .rodata        0x0000000000011353      0x100 /usr/local/m68k-elf/lib/libc.a(libc_a-gdtoa-gethex.o)
                0x0000000000011353                __hexdig
 *fill*         0x0000000000011453        0x1 
 .rodata        0x0000000000011454      0x124 /usr/local/m68k-elf/lib/libc.a(libc_a-mprec.o)
                0x0000000000011460                __mprec_tinytens
                0x0000000000011488                __mprec_bigtens
                0x00000000000114b0                __mprec_tens
 .rodata        0x0000000000011578       0x20 /usr/local/m68k-elf/lib/libc.a(libc_a-svfiprintf.o)
 .rodata        0x0000000000011598       0x20 /usr/local/m68k-elf/lib/libc.a(libc_a-vfiprintf.o)
 *(.gcc_except_table)
                0x00000000000115b8                __INIT_SECTION__ = .
                0x00000000000115b8        0x4 LONG 0x4e560000
 *(.init)
                0x00000000000115bc        0x2 SHORT 0x4e5e
                0x00000000000115be        0x2 SHORT 0x4e75
                0x00000000000115c0                __FINI_SECTION__ = .
                0x00000000000115c0        0x4 LONG 0x4e560000
 *(.fini)
                0x00000000000115c4        0x2 SHORT 0x4e5e
                0x00000000000115c6        0x2 SHORT 0x4e75
                0x00000000000115c8                _etext = .
 *(.lit)

.text.startup   0x00000000000115c8       0x4c
 .text.startup  0x00000000000115c8       0x4c test1.o
                0x00000000000115c8                main

.rodata.str1.1  0x0000000000011614      0x1e6
 .rodata.str1.1
                0x0000000000011614        0x3 test1.o
 .rodata.str1.1
                0x0000000000011617        0x6 /usr/local/m68k-elf/lib/libc.a(libc_a-vfscanf.o)
 .rodata.str1.1
                0x000000000001161d        0xb /usr/local/m68k-elf/lib/libc.a(libc_a-locale.o)
 .rodata.str1.1
                0x0000000000011628        0xf /usr/local/m68k-elf/lib/libc.a(libc_a-strtod.o)
 .rodata.str1.1
                0x0000000000011637        0x1 /usr/local/m68k-elf/lib/libc.a(libc_a-mbrtowc.o)
 .rodata.str1.1
                0x0000000000011638       0x3b /usr/local/m68k-elf/lib/libc.a(libc_a-svfprintf.o)
 .rodata.str1.1
                0x0000000000011673       0x59 /usr/local/m68k-elf/lib/libc.a(libc_a-dtoa.o)
 .rodata.str1.1
                0x00000000000116cc       0x54 /usr/local/m68k-elf/lib/libc.a(libc_a-gdtoa-gethex.o)
 .rodata.str1.1
                0x0000000000011720       0x4b /usr/local/m68k-elf/lib/libc.a(libc_a-mprec.o)
 .rodata.str1.1
                0x000000000001176b       0x29 /usr/local/m68k-elf/lib/libc.a(libc_a-svfiprintf.o)
 .rodata.str1.1
                0x0000000000011794       0x3d /usr/local/m68k-elf/lib/libc.a(libc_a-assert.o)
 .rodata.str1.1
                0x00000000000117d1       0x29 /usr/local/m68k-elf/lib/libc.a(libc_a-vfiprintf.o)

.data           0x00000000000117fc      0x8f4
 *(.shdata)
 *(.data)
 .data          0x00000000000117fc        0x4 crt0.o
 .data          0x0000000000011800      0x232 mon.o
 *fill*         0x0000000000011a32        0x2 
 .data          0x0000000000011a34        0x0 inchrw.o
 .data          0x0000000000011a34        0x0 outchr.o
 .data          0x0000000000011a34        0x0 csys68k.o
 .data          0x0000000000011a34        0x0 test1.o
 .data          0x0000000000011a34        0x0 /usr/local/m68k-elf/lib/libc.a(libc_a-putchar.o)
 .data          0x0000000000011a34        0x0 /usr/local/m68k-elf/lib/libc.a(libc_a-scanf.o)
 .data          0x0000000000011a34      0x11a /usr/local/m68k-elf/lib/libc.a(libc_a-impure.o)
                0x0000000000011a34                _impure_ptr
                0x0000000000011a38                _impure_data
 *fill*         0x0000000000011b4e        0x2 
 .data          0x0000000000011b50        0x0 /usr/local/m68k-elf/lib/libc.a(libc_a-vfscanf.o)
 .data          0x0000000000011b50        0xc /usr/local/m68k-elf/lib/libc.a(libc_a-findfp.o)
                0x0000000000011b50                __sglue
 .data          0x0000000000011b5c        0x0 /usr/local/m68k-elf/lib/libc.a(libc_a-fread.o)
 .data          0x0000000000011b5c        0x0 /usr/local/m68k-elf/lib/libc.a(libc_a-fwalk.o)
 .data          0x0000000000011b5c        0x0 /usr/local/m68k-elf/lib/libc.a(libc_a-putc.o)
 .data          0x0000000000011b5c        0x0 /usr/local/m68k-elf/lib/libc.a(libc_a-refill.o)
 .data          0x0000000000011b5c        0x0 /usr/local/m68k-elf/lib/libc.a(libc_a-sccl.o)
 .data          0x0000000000011b5c        0x0 /usr/local/m68k-elf/lib/libc.a(libc_a-sprintf.o)
 .data          0x0000000000011b5c        0x0 /usr/local/m68k-elf/lib/libc.a(libc_a-stdio.o)
 .data          0x0000000000011b5c        0x0 /usr/local/m68k-elf/lib/libc.a(libc_a-ungetc.o)
 .data          0x0000000000011b5c        0x0 /usr/local/m68k-elf/lib/libc.a(libc_a-wbuf.o)
 .data          0x0000000000011b5c        0x0 /usr/local/m68k-elf/lib/libc.a(libc_a-wsetup.o)
 .data          0x0000000000011b5c      0x168 /usr/local/m68k-elf/lib/libc.a(libc_a-locale.o)
                0x0000000000011b5c                __global_locale
 .data          0x0000000000011cc4        0x0 /usr/local/m68k-elf/lib/libc.a(libc_a-localeconv.o)
 .data          0x0000000000011cc4        0x0 /usr/local/m68k-elf/lib/libc.a(libc_a-closer.o)
 .data          0x0000000000011cc4        0x0 /usr/local/m68k-elf/lib/libc.a(libc_a-reent.o)
 .data          0x0000000000011cc4        0x0 /usr/local/m68k-elf/lib/libc.a(libc_a-lseekr.o)
 .data          0x0000000000011cc4        0x0 /usr/local/m68k-elf/lib/libc.a(libc_a-readr.o)
 .data          0x0000000000011cc4        0x0 /usr/local/m68k-elf/lib/libc.a(libc_a-writer.o)
 .data          0x0000000000011cc4        0x0 /usr/local/m68k-elf/lib/libc.a(libc_a-memcpy.o)
 .data          0x0000000000011cc4        0x0 /usr/local/m68k-elf/lib/libc.a(libc_a-memset.o)
 .data          0x0000000000011cc4        0x0 /usr/local/m68k-elf/lib/libc.a(libm_a-sf_nan.o)
 .data          0x0000000000011cc4        0x0 /usr/local/m68k-elf/lib/libc.a(libc_a-freer.o)
 .data          0x0000000000011cc4      0x410 /usr/local/m68k-elf/lib/libc.a(libc_a-mallocr.o)
                0x0000000000011cc4                __malloc_sbrk_base
                0x0000000000011cc8                __malloc_trim_threshold
                0x0000000000011ccc                __malloc_av_
 .data          0x00000000000120d4        0x0 /usr/local/m68k-elf/lib/libc.a(libc_a-mbtowc_r.o)
 .data          0x00000000000120d4        0x0 /usr/local/m68k-elf/lib/libc.a(libc_a-mlock.o)
 .data          0x00000000000120d4        0x0 /usr/local/m68k-elf/lib/libc.a(libc_a-reallocr.o)
 .data          0x00000000000120d4        0x0 /usr/local/m68k-elf/lib/libc.a(libc_a-strtod.o)
 .data          0x00000000000120d4        0x0 /usr/local/m68k-elf/lib/libc.a(libc_a-strtol.o)
 .data          0x00000000000120d4        0x0 /usr/local/m68k-elf/lib/libc.a(libc_a-strtoul.o)
 .data          0x00000000000120d4        0x0 /usr/local/m68k-elf/lib/libc.a(libc_a-wctomb_r.o)
 .data          0x00000000000120d4        0x0 /usr/local/m68k-elf/lib/libc.a(libc_a-mbrtowc.o)
 .data          0x00000000000120d4        0x0 /usr/local/m68k-elf/lib/libc.a(libc_a-ctype_.o)
 .data          0x00000000000120d4        0x0 /usr/local/m68k-elf/lib/libc.a(libc_a-iswspace.o)
 .data          0x00000000000120d4        0x0 /usr/local/m68k-elf/lib/libc.a(libc_a-iswspace_l.o)
 .data          0x00000000000120d4        0x0 /usr/local/m68k-elf/lib/libc.a(libc_a-svfprintf.o)
 .data          0x00000000000120d4        0x0 /usr/local/m68k-elf/lib/libc.a(libc_a-fclose.o)
 .data          0x00000000000120d4        0x0 /usr/local/m68k-elf/lib/libc.a(libc_a-fflush.o)
 .data          0x00000000000120d4        0x0 /usr/local/m68k-elf/lib/libc.a(libc_a-makebuf.o)
 .data          0x00000000000120d4        0x0 /usr/local/m68k-elf/lib/libc.a(libc_a-memchr.o)
 .data          0x00000000000120d4        0x0 /usr/local/m68k-elf/lib/libc.a(libc_a-memmove.o)
 .data          0x00000000000120d4        0x0 /usr/local/m68k-elf/lib/libc.a(libc_a-strcmp.o)
 .data          0x00000000000120d4        0x0 /usr/local/m68k-elf/lib/libc.a(libc_a-strncmp.o)
 .data          0x00000000000120d4        0x0 /usr/local/m68k-elf/lib/libc.a(libc_a-fstatr.o)
 .data          0x00000000000120d4        0x0 /usr/local/m68k-elf/lib/libc.a(libc_a-isattyr.o)
 .data          0x00000000000120d4        0x0 /usr/local/m68k-elf/lib/libc.a(libc_a-sbrkr.o)
 .data          0x00000000000120d4        0x0 /usr/local/m68k-elf/lib/libc.a(libc_a-errno.o)
 .data          0x00000000000120d4        0x0 /usr/local/m68k-elf/lib/libc.a(libc_a-strlen.o)
 .data          0x00000000000120d4        0x0 /usr/local/m68k-elf/lib/libc.a(libm_a-s_nan.o)
 .data          0x00000000000120d4        0x0 /usr/local/m68k-elf/lib/libc.a(libc_a-dtoa.o)
 .data          0x00000000000120d4        0x0 /usr/local/m68k-elf/lib/libc.a(libc_a-gdtoa-gethex.o)
 .data          0x00000000000120d4        0x0 /usr/local/m68k-elf/lib/libc.a(libc_a-gdtoa-hexnan.o)
 .data          0x00000000000120d4        0x0 /usr/local/m68k-elf/lib/libc.a(libc_a-mprec.o)
 .data          0x00000000000120d4        0x0 /usr/local/m68k-elf/lib/libc.a(libc_a-svfiprintf.o)
 .data          0x00000000000120d4        0x0 /usr/local/m68k-elf/lib/libc.a(libc_a-assert.o)
 .data          0x00000000000120d4        0x0 /usr/local/m68k-elf/lib/libc.a(libc_a-callocr.o)
 .data          0x00000000000120d4        0x0 /usr/local/m68k-elf/lib/libc.a(libc_a-fiprintf.o)
 .data          0x00000000000120d4        0x0 /usr/local/m68k-elf/lib/libc.a(libc_a-vfiprintf.o)
 .data          0x00000000000120d4        0x0 /usr/local/m68k-elf/lib/libc.a(libc_a-fvwrite.o)
 .data          0x00000000000120d4        0x0 /usr/local/m68k-elf/lib/libc.a(libc_a-fputwc.o)
 .data          0x00000000000120d4        0x0 /usr/local/m68k-elf/lib/libc.a(libc_a-abort.o)
 .data          0x00000000000120d4        0x0 /usr/local/m68k-elf/lib/libc.a(libc_a-wcrtomb.o)
 .data          0x00000000000120d4        0x0 /usr/local/m68k-elf/lib/libc.a(libc_a-signal.o)
 .data          0x00000000000120d4        0x0 /usr/local/m68k-elf/lib/libc.a(libc_a-signalr.o)
 .data          0x00000000000120d4        0x0 /usr/local/lib/gcc/m68k-elf/11/libgcc.a(_mulsi3.o)
 .data          0x00000000000120d4        0x0 /usr/local/lib/gcc/m68k-elf/11/libgcc.a(_udivsi3.o)
 .data          0x00000000000120d4        0x0 /usr/local/lib/gcc/m68k-elf/11/libgcc.a(_divsi3.o)
 .data          0x00000000000120d4        0x0 /usr/local/lib/gcc/m68k-elf/11/libgcc.a(_umodsi3.o)
 .data          0x00000000000120d4        0x0 /usr/local/lib/gcc/m68k-elf/11/libgcc.a(_modsi3.o)
 .data          0x00000000000120d4        0x0 /usr/local/lib/gcc/m68k-elf/11/libgcc.a(_double.o)
 .data          0x00000000000120d4       0x1c /usr/local/lib/gcc/m68k-elf/11/libgcc.a(_floatex.o)
                0x00000000000120d4                _fpCCR
 .data          0x00000000000120f0        0x0 /usr/local/lib/gcc/m68k-elf/11/libgcc.a(_eqdf2.o)
 .data          0x00000000000120f0        0x0 /usr/local/lib/gcc/m68k-elf/11/libgcc.a(_nedf2.o)
 .data          0x00000000000120f0        0x0 /usr/local/lib/gcc/m68k-elf/11/libgcc.a(_gtdf2.o)
 .data          0x00000000000120f0        0x0 /usr/local/lib/gcc/m68k-elf/11/libgcc.a(_ltdf2.o)
 .data          0x00000000000120f0        0x0 /usr/local/lib/gcc/m68k-elf/11/libgcc.a(_ledf2.o)
 .data          0x00000000000120f0        0x0 /usr/local/lib/gcc/m68k-elf/11/libgcc.a(_lesf2.o)
 .data          0x00000000000120f0        0x0 /usr/local/lib/gcc/m68k-elf/11/libgcc.a(_fixunsdfsi.o)
 .data          0x00000000000120f0        0x0 /usr/local/lib/gcc/m68k-elf/11/libgcc.a(_fixdfdi.o)
 .data          0x00000000000120f0        0x0 /usr/local/lib/gcc/m68k-elf/11/libgcc.a(_fixunsdfdi.o)
 .data          0x00000000000120f0        0x0 /usr/local/lib/gcc/m68k-elf/11/libgcc.a(_floatdidf.o)
 .data          0x00000000000120f0        0x0 /usr/local/lib/gcc/m68k-elf/11/libgcc.a(fpgnulib.o)
 .data          0x00000000000120f0        0x0 /usr/local/lib/gcc/m68k-elf/11/libgcc.a(xfgnulib.o)
 .data          0x00000000000120f0        0x0 /usr/local/lib/gcc/m68k-elf/11/libgcc.a(_float.o)
 .data          0x00000000000120f0        0x0 /usr/local/lib/gcc/m68k-elf/11/libgcc.a(_gedf2.o)
 .data          0x00000000000120f0        0x0 /usr/local/m68k-elf/lib/libidp.a(close.o)
 .data          0x00000000000120f0        0x0 /usr/local/m68k-elf/lib/libidp.a(fstat.o)
 .data          0x00000000000120f0        0x0 /usr/local/m68k-elf/lib/libidp.a(getpid.o)
 .data          0x00000000000120f0        0x0 /usr/local/m68k-elf/lib/libidp.a(isatty.o)
 .data          0x00000000000120f0        0x0 /usr/local/m68k-elf/lib/libidp.a(kill.o)
 .data          0x00000000000120f0        0x0 /usr/local/m68k-elf/lib/libidp.a(lseek.o)
 .data          0x00000000000120f0        0x0 /usr/local/m68k-elf/lib/libidp.a(sbrk.o)
 .data          0x00000000000120f0        0x0 /usr/local/m68k-elf/lib/libidp.a(mc68ec.o)
                0x00000000000120f0                _edata = .

.bss            0x00000000000120f0     0x8288
                0x00000000000120f0                . = ALIGN (0x4)
                0x00000000000120f0                __bss_start = .
 *(.shbss)
 *(.bss)
 .bss           0x00000000000120f0        0x0 crt0.o
 .bss           0x00000000000120f0     0x8104 mon.o
 .bss           0x000000000001a1f4        0x2 inchrw.o
 *fill*         0x000000000001a1f6        0x2 
 .bss           0x000000000001a1f8        0x2 outchr.o
 *fill*         0x000000000001a1fa        0x2 
 .bss           0x000000000001a1fc        0x0 csys68k.o
 .bss           0x000000000001a1fc        0x0 test1.o
 .bss           0x000000000001a1fc        0x0 /usr/local/m68k-elf/lib/libc.a(libc_a-putchar.o)
 .bss           0x000000000001a1fc        0x0 /usr/local/m68k-elf/lib/libc.a(libc_a-scanf.o)
 .bss           0x000000000001a1fc        0x0 /usr/local/m68k-elf/lib/libc.a(libc_a-impure.o)
 .bss           0x000000000001a1fc        0x0 /usr/local/m68k-elf/lib/libc.a(libc_a-vfscanf.o)
 .bss           0x000000000001a1fc      0x13c /usr/local/m68k-elf/lib/libc.a(libc_a-findfp.o)
                0x000000000001a1fc                __sf
                0x000000000001a334                __stdio_exit_handler
 .bss           0x000000000001a338        0x0 /usr/local/m68k-elf/lib/libc.a(libc_a-fread.o)
 .bss           0x000000000001a338        0x0 /usr/local/m68k-elf/lib/libc.a(libc_a-fwalk.o)
 .bss           0x000000000001a338        0x0 /usr/local/m68k-elf/lib/libc.a(libc_a-putc.o)
 .bss           0x000000000001a338        0x0 /usr/local/m68k-elf/lib/libc.a(libc_a-refill.o)
 .bss           0x000000000001a338        0x0 /usr/local/m68k-elf/lib/libc.a(libc_a-sccl.o)
 .bss           0x000000000001a338        0x0 /usr/local/m68k-elf/lib/libc.a(libc_a-sprintf.o)
 .bss           0x000000000001a338        0x0 /usr/local/m68k-elf/lib/libc.a(libc_a-stdio.o)
 .bss           0x000000000001a338        0x0 /usr/local/m68k-elf/lib/libc.a(libc_a-ungetc.o)
 .bss           0x000000000001a338        0x0 /usr/local/m68k-elf/lib/libc.a(libc_a-wbuf.o)
 .bss           0x000000000001a338        0x0 /usr/local/m68k-elf/lib/libc.a(libc_a-wsetup.o)
 .bss           0x000000000001a338        0x4 /usr/local/m68k-elf/lib/libc.a(libc_a-locale.o)
                0x000000000001a338                _PathLocale
 .bss           0x000000000001a33c        0x0 /usr/local/m68k-elf/lib/libc.a(libc_a-localeconv.o)
 .bss           0x000000000001a33c        0x0 /usr/local/m68k-elf/lib/libc.a(libc_a-closer.o)
 .bss           0x000000000001a33c        0x4 /usr/local/m68k-elf/lib/libc.a(libc_a-reent.o)
                0x000000000001a33c                errno
 .bss           0x000000000001a340        0x0 /usr/local/m68k-elf/lib/libc.a(libc_a-lseekr.o)
 .bss           0x000000000001a340        0x0 /usr/local/m68k-elf/lib/libc.a(libc_a-readr.o)
 .bss           0x000000000001a340        0x0 /usr/local/m68k-elf/lib/libc.a(libc_a-writer.o)
 .bss           0x000000000001a340        0x0 /usr/local/m68k-elf/lib/libc.a(libc_a-memcpy.o)
 .bss           0x000000000001a340        0x0 /usr/local/m68k-elf/lib/libc.a(libc_a-memset.o)
 .bss           0x000000000001a340        0x0 /usr/local/m68k-elf/lib/libc.a(libm_a-sf_nan.o)
 .bss           0x000000000001a340        0x0 /usr/local/m68k-elf/lib/libc.a(libc_a-freer.o)
 .bss           0x000000000001a340       0x34 /usr/local/m68k-elf/lib/libc.a(libc_a-mallocr.o)
                0x000000000001a340                __malloc_current_mallinfo
                0x000000000001a368                __malloc_max_total_mem
                0x000000000001a36c                __malloc_max_sbrked_mem
                0x000000000001a370                __malloc_top_pad
 .bss           0x000000000001a374        0x0 /usr/local/m68k-elf/lib/libc.a(libc_a-mbtowc_r.o)
 .bss           0x000000000001a374        0x0 /usr/local/m68k-elf/lib/libc.a(libc_a-mlock.o)
 .bss           0x000000000001a374        0x0 /usr/local/m68k-elf/lib/libc.a(libc_a-reallocr.o)
 .bss           0x000000000001a374        0x0 /usr/local/m68k-elf/lib/libc.a(libc_a-strtod.o)
 .bss           0x000000000001a374        0x0 /usr/local/m68k-elf/lib/libc.a(libc_a-strtol.o)
 .bss           0x000000000001a374        0x0 /usr/local/m68k-elf/lib/libc.a(libc_a-strtoul.o)
 .bss           0x000000000001a374        0x0 /usr/local/m68k-elf/lib/libc.a(libc_a-wctomb_r.o)
 .bss           0x000000000001a374        0x0 /usr/local/m68k-elf/lib/libc.a(libc_a-mbrtowc.o)
 .bss           0x000000000001a374        0x0 /usr/local/m68k-elf/lib/libc.a(libc_a-ctype_.o)
 .bss           0x000000000001a374        0x0 /usr/local/m68k-elf/lib/libc.a(libc_a-iswspace.o)
 .bss           0x000000000001a374        0x0 /usr/local/m68k-elf/lib/libc.a(libc_a-iswspace_l.o)
 .bss           0x000000000001a374        0x0 /usr/local/m68k-elf/lib/libc.a(libc_a-svfprintf.o)
 .bss           0x000000000001a374        0x0 /usr/local/m68k-elf/lib/libc.a(libc_a-fclose.o)
 .bss           0x000000000001a374        0x0 /usr/local/m68k-elf/lib/libc.a(libc_a-fflush.o)
 .bss           0x000000000001a374        0x0 /usr/local/m68k-elf/lib/libc.a(libc_a-makebuf.o)
 .bss           0x000000000001a374        0x0 /usr/local/m68k-elf/lib/libc.a(libc_a-memchr.o)
 .bss           0x000000000001a374        0x0 /usr/local/m68k-elf/lib/libc.a(libc_a-memmove.o)
 .bss           0x000000000001a374        0x0 /usr/local/m68k-elf/lib/libc.a(libc_a-strcmp.o)
 .bss           0x000000000001a374        0x0 /usr/local/m68k-elf/lib/libc.a(libc_a-strncmp.o)
 .bss           0x000000000001a374        0x0 /usr/local/m68k-elf/lib/libc.a(libc_a-fstatr.o)
 .bss           0x000000000001a374        0x0 /usr/local/m68k-elf/lib/libc.a(libc_a-isattyr.o)
 .bss           0x000000000001a374        0x0 /usr/local/m68k-elf/lib/libc.a(libc_a-sbrkr.o)
 .bss           0x000000000001a374        0x0 /usr/local/m68k-elf/lib/libc.a(libc_a-errno.o)
 .bss           0x000000000001a374        0x0 /usr/local/m68k-elf/lib/libc.a(libc_a-strlen.o)
 .bss           0x000000000001a374        0x0 /usr/local/m68k-elf/lib/libc.a(libm_a-s_nan.o)
 .bss           0x000000000001a374        0x0 /usr/local/m68k-elf/lib/libc.a(libc_a-dtoa.o)
 .bss           0x000000000001a374        0x0 /usr/local/m68k-elf/lib/libc.a(libc_a-gdtoa-gethex.o)
 .bss           0x000000000001a374        0x0 /usr/local/m68k-elf/lib/libc.a(libc_a-gdtoa-hexnan.o)
 .bss           0x000000000001a374        0x0 /usr/local/m68k-elf/lib/libc.a(libc_a-mprec.o)
 .bss           0x000000000001a374        0x0 /usr/local/m68k-elf/lib/libc.a(libc_a-svfiprintf.o)
 .bss           0x000000000001a374        0x0 /usr/local/m68k-elf/lib/libc.a(libc_a-assert.o)
 .bss           0x000000000001a374        0x0 /usr/local/m68k-elf/lib/libc.a(libc_a-callocr.o)
 .bss           0x000000000001a374        0x0 /usr/local/m68k-elf/lib/libc.a(libc_a-fiprintf.o)
 .bss           0x000000000001a374        0x0 /usr/local/m68k-elf/lib/libc.a(libc_a-vfiprintf.o)
 .bss           0x000000000001a374        0x0 /usr/local/m68k-elf/lib/libc.a(libc_a-fvwrite.o)
 .bss           0x000000000001a374        0x0 /usr/local/m68k-elf/lib/libc.a(libc_a-fputwc.o)
 .bss           0x000000000001a374        0x0 /usr/local/m68k-elf/lib/libc.a(libc_a-abort.o)
 .bss           0x000000000001a374        0x0 /usr/local/m68k-elf/lib/libc.a(libc_a-wcrtomb.o)
 .bss           0x000000000001a374        0x0 /usr/local/m68k-elf/lib/libc.a(libc_a-signal.o)
 .bss           0x000000000001a374        0x0 /usr/local/m68k-elf/lib/libc.a(libc_a-signalr.o)
 .bss           0x000000000001a374        0x0 /usr/local/lib/gcc/m68k-elf/11/libgcc.a(_mulsi3.o)
 .bss           0x000000000001a374        0x0 /usr/local/lib/gcc/m68k-elf/11/libgcc.a(_udivsi3.o)
 .bss           0x000000000001a374        0x0 /usr/local/lib/gcc/m68k-elf/11/libgcc.a(_divsi3.o)
 .bss           0x000000000001a374        0x0 /usr/local/lib/gcc/m68k-elf/11/libgcc.a(_umodsi3.o)
 .bss           0x000000000001a374        0x0 /usr/local/lib/gcc/m68k-elf/11/libgcc.a(_modsi3.o)
 .bss           0x000000000001a374        0x0 /usr/local/lib/gcc/m68k-elf/11/libgcc.a(_double.o)
 .bss           0x000000000001a374        0x0 /usr/local/lib/gcc/m68k-elf/11/libgcc.a(_floatex.o)
 .bss           0x000000000001a374        0x0 /usr/local/lib/gcc/m68k-elf/11/libgcc.a(_eqdf2.o)
 .bss           0x000000000001a374        0x0 /usr/local/lib/gcc/m68k-elf/11/libgcc.a(_nedf2.o)
 .bss           0x000000000001a374        0x0 /usr/local/lib/gcc/m68k-elf/11/libgcc.a(_gtdf2.o)
 .bss           0x000000000001a374        0x0 /usr/local/lib/gcc/m68k-elf/11/libgcc.a(_ltdf2.o)
 .bss           0x000000000001a374        0x0 /usr/local/lib/gcc/m68k-elf/11/libgcc.a(_ledf2.o)
 .bss           0x000000000001a374        0x0 /usr/local/lib/gcc/m68k-elf/11/libgcc.a(_lesf2.o)
 .bss           0x000000000001a374        0x0 /usr/local/lib/gcc/m68k-elf/11/libgcc.a(_fixunsdfsi.o)
 .bss           0x000000000001a374        0x0 /usr/local/lib/gcc/m68k-elf/11/libgcc.a(_fixdfdi.o)
 .bss           0x000000000001a374        0x0 /usr/local/lib/gcc/m68k-elf/11/libgcc.a(_fixunsdfdi.o)
 .bss           0x000000000001a374        0x0 /usr/local/lib/gcc/m68k-elf/11/libgcc.a(_floatdidf.o)
 .bss           0x000000000001a374        0x0 /usr/local/lib/gcc/m68k-elf/11/libgcc.a(fpgnulib.o)
 .bss           0x000000000001a374        0x0 /usr/local/lib/gcc/m68k-elf/11/libgcc.a(xfgnulib.o)
 .bss           0x000000000001a374        0x0 /usr/local/lib/gcc/m68k-elf/11/libgcc.a(_float.o)
 .bss           0x000000000001a374        0x0 /usr/local/lib/gcc/m68k-elf/11/libgcc.a(_gedf2.o)
 .bss           0x000000000001a374        0x0 /usr/local/m68k-elf/lib/libidp.a(close.o)
 .bss           0x000000000001a374        0x0 /usr/local/m68k-elf/lib/libidp.a(fstat.o)
 .bss           0x000000000001a374        0x0 /usr/local/m68k-elf/lib/libidp.a(getpid.o)
 .bss           0x000000000001a374        0x0 /usr/local/m68k-elf/lib/libidp.a(isatty.o)
 .bss           0x000000000001a374        0x0 /usr/local/m68k-elf/lib/libidp.a(kill.o)
 .bss           0x000000000001a374        0x0 /usr/local/m68k-elf/lib/libidp.a(lseek.o)
 .bss           0x000000000001a374        0x4 /usr/local/m68k-elf/lib/libidp.a(sbrk.o)
                0x000000000001a374                heap_ptr
 .bss           0x000000000001a378        0x0 /usr/local/m68k-elf/lib/libidp.a(mc68ec.o)
 *(COMMON)
                0x000000000001a378                _end = ALIGN (0x8)
                0x000000000001a378                __end = _end

.stab
 *(.stab)

.stabstr
 *(.stabstr)
OUTPUT(test1.hex srec)

.debug_info     0x0000000000000000    0x27f14
 .debug_info    0x0000000000000000      0x17f csys68k.o
 .debug_info    0x000000000000017f      0x126 test1.o
 .debug_info    0x00000000000002a5      0x7b1 /usr/local/m68k-elf/lib/libc.a(libc_a-putchar.o)
 .debug_info    0x0000000000000a56      0x829 /usr/local/m68k-elf/lib/libc.a(libc_a-scanf.o)
 .debug_info    0x000000000000127f      0x735 /usr/local/m68k-elf/lib/libc.a(libc_a-impure.o)
 .debug_info    0x00000000000019b4     0x149c /usr/local/m68k-elf/lib/libc.a(libc_a-vfscanf.o)
 .debug_info    0x0000000000002e50      0xdee /usr/local/m68k-elf/lib/libc.a(libc_a-findfp.o)
 .debug_info    0x0000000000003c3e      0x99f /usr/local/m68k-elf/lib/libc.a(libc_a-fread.o)
 .debug_info    0x00000000000045dd      0x7d6 /usr/local/m68k-elf/lib/libc.a(libc_a-fwalk.o)
 .debug_info    0x0000000000004db3      0x8e7 /usr/local/m68k-elf/lib/libc.a(libc_a-putc.o)
 .debug_info    0x000000000000569a      0x931 /usr/local/m68k-elf/lib/libc.a(libc_a-refill.o)
 .debug_info    0x0000000000005fcb      0x10b /usr/local/m68k-elf/lib/libc.a(libc_a-sccl.o)
 .debug_info    0x00000000000060d6      0x85d /usr/local/m68k-elf/lib/libc.a(libc_a-sprintf.o)
 .debug_info    0x0000000000006933      0x9ff /usr/local/m68k-elf/lib/libc.a(libc_a-stdio.o)
 .debug_info    0x0000000000007332      0x8e4 /usr/local/m68k-elf/lib/libc.a(libc_a-ungetc.o)
 .debug_info    0x0000000000007c16      0x830 /usr/local/m68k-elf/lib/libc.a(libc_a-wbuf.o)
 .debug_info    0x0000000000008446      0x7b9 /usr/local/m68k-elf/lib/libc.a(libc_a-wsetup.o)
 .debug_info    0x0000000000008bff      0xbc8 /usr/local/m68k-elf/lib/libc.a(libc_a-locale.o)
 .debug_info    0x00000000000097c7      0xa2e /usr/local/m68k-elf/lib/libc.a(libc_a-localeconv.o)
 .debug_info    0x000000000000a1f5      0x764 /usr/local/m68k-elf/lib/libc.a(libc_a-closer.o)
 .debug_info    0x000000000000a959      0x7bb /usr/local/m68k-elf/lib/libc.a(libc_a-reent.o)
 .debug_info    0x000000000000b114      0x7a3 /usr/local/m68k-elf/lib/libc.a(libc_a-lseekr.o)
 .debug_info    0x000000000000b8b7      0x796 /usr/local/m68k-elf/lib/libc.a(libc_a-readr.o)
 .debug_info    0x000000000000c04d      0x79c /usr/local/m68k-elf/lib/libc.a(libc_a-writer.o)
 .debug_info    0x000000000000c7e9       0x24 /usr/local/m68k-elf/lib/libc.a(libc_a-memcpy.o)
 .debug_info    0x000000000000c80d       0x24 /usr/local/m68k-elf/lib/libc.a(libc_a-memset.o)
 .debug_info    0x000000000000c831       0xca /usr/local/m68k-elf/lib/libc.a(libm_a-sf_nan.o)
 .debug_info    0x000000000000c8fb      0xac7 /usr/local/m68k-elf/lib/libc.a(libc_a-freer.o)
 .debug_info    0x000000000000d3c2      0xc29 /usr/local/m68k-elf/lib/libc.a(libc_a-mallocr.o)
 .debug_info    0x000000000000dfeb      0xaa2 /usr/local/m68k-elf/lib/libc.a(libc_a-mbtowc_r.o)
 .debug_info    0x000000000000ea8d      0x747 /usr/local/m68k-elf/lib/libc.a(libc_a-mlock.o)
 .debug_info    0x000000000000f1d4      0xb69 /usr/local/m68k-elf/lib/libc.a(libc_a-reallocr.o)
 .debug_info    0x000000000000fd3d     0x1b8f /usr/local/m68k-elf/lib/libc.a(libc_a-strtod.o)
 .debug_info    0x00000000000118cc      0xd78 /usr/local/m68k-elf/lib/libc.a(libc_a-strtol.o)
 .debug_info    0x0000000000012644      0xcc1 /usr/local/m68k-elf/lib/libc.a(libc_a-strtoul.o)
 .debug_info    0x0000000000013305      0xa63 /usr/local/m68k-elf/lib/libc.a(libc_a-wctomb_r.o)
 .debug_info    0x0000000000013d68      0xa8a /usr/local/m68k-elf/lib/libc.a(libc_a-mbrtowc.o)
 .debug_info    0x00000000000147f2       0xb9 /usr/local/m68k-elf/lib/libc.a(libc_a-ctype_.o)
 .debug_info    0x00000000000148ab       0xd9 /usr/local/m68k-elf/lib/libc.a(libc_a-iswspace.o)
 .debug_info    0x0000000000014984      0x9b7 /usr/local/m68k-elf/lib/libc.a(libc_a-iswspace_l.o)
 .debug_info    0x000000000001533b     0x1402 /usr/local/m68k-elf/lib/libc.a(libc_a-svfprintf.o)
 .debug_info    0x000000000001673d      0x897 /usr/local/m68k-elf/lib/libc.a(libc_a-fclose.o)
 .debug_info    0x0000000000016fd4      0x9ca /usr/local/m68k-elf/lib/libc.a(libc_a-fflush.o)
 .debug_info    0x000000000001799e      0xbcc /usr/local/m68k-elf/lib/libc.a(libc_a-makebuf.o)
 .debug_info    0x000000000001856a      0x142 /usr/local/m68k-elf/lib/libc.a(libc_a-memchr.o)
 .debug_info    0x00000000000186ac      0x144 /usr/local/m68k-elf/lib/libc.a(libc_a-memmove.o)
 .debug_info    0x00000000000187f0       0xeb /usr/local/m68k-elf/lib/libc.a(libc_a-strcmp.o)
 .debug_info    0x00000000000188db      0x108 /usr/local/m68k-elf/lib/libc.a(libc_a-strncmp.o)
 .debug_info    0x00000000000189e3      0x977 /usr/local/m68k-elf/lib/libc.a(libc_a-fstatr.o)
 .debug_info    0x000000000001935a      0x764 /usr/local/m68k-elf/lib/libc.a(libc_a-isattyr.o)
 .debug_info    0x0000000000019abe      0x783 /usr/local/m68k-elf/lib/libc.a(libc_a-sbrkr.o)
 .debug_info    0x000000000001a241      0x71b /usr/local/m68k-elf/lib/libc.a(libc_a-errno.o)
 .debug_info    0x000000000001a95c       0xdb /usr/local/m68k-elf/lib/libc.a(libc_a-strlen.o)
 .debug_info    0x000000000001aa37       0xce /usr/local/m68k-elf/lib/libc.a(libm_a-s_nan.o)
 .debug_info    0x000000000001ab05     0x156f /usr/local/m68k-elf/lib/libc.a(libc_a-dtoa.o)
 .debug_info    0x000000000001c074     0x10ec /usr/local/m68k-elf/lib/libc.a(libc_a-gdtoa-gethex.o)
 .debug_info    0x000000000001d160      0x3c1 /usr/local/m68k-elf/lib/libc.a(libc_a-gdtoa-hexnan.o)
 .debug_info    0x000000000001d521     0x1b9d /usr/local/m68k-elf/lib/libc.a(libc_a-mprec.o)
 .debug_info    0x000000000001f0be      0xfd3 /usr/local/m68k-elf/lib/libc.a(libc_a-svfiprintf.o)
 .debug_info    0x0000000000020091      0x7ef /usr/local/m68k-elf/lib/libc.a(libc_a-assert.o)
 .debug_info    0x0000000000020880      0x8a6 /usr/local/m68k-elf/lib/libc.a(libc_a-callocr.o)
 .debug_info    0x0000000000021126      0x830 /usr/local/m68k-elf/lib/libc.a(libc_a-fiprintf.o)
 .debug_info    0x0000000000021956     0x164c /usr/local/m68k-elf/lib/libc.a(libc_a-vfiprintf.o)
 .debug_info    0x0000000000022fa2      0xa3c /usr/local/m68k-elf/lib/libc.a(libc_a-fvwrite.o)
 .debug_info    0x00000000000239de      0x9e8 /usr/local/m68k-elf/lib/libc.a(libc_a-fputwc.o)
 .debug_info    0x00000000000243c6       0xc8 /usr/local/m68k-elf/lib/libc.a(libc_a-abort.o)
 .debug_info    0x000000000002448e      0xab8 /usr/local/m68k-elf/lib/libc.a(libc_a-wcrtomb.o)
 .debug_info    0x0000000000024f46      0xc54 /usr/local/m68k-elf/lib/libc.a(libc_a-signal.o)
 .debug_info    0x0000000000025b9a      0x7da /usr/local/m68k-elf/lib/libc.a(libc_a-signalr.o)
 .debug_info    0x0000000000026374       0x24 /usr/local/lib/gcc/m68k-elf/11/libgcc.a(_mulsi3.o)
 .debug_info    0x0000000000026398       0x24 /usr/local/lib/gcc/m68k-elf/11/libgcc.a(_udivsi3.o)
 .debug_info    0x00000000000263bc       0x24 /usr/local/lib/gcc/m68k-elf/11/libgcc.a(_divsi3.o)
 .debug_info    0x00000000000263e0       0x24 /usr/local/lib/gcc/m68k-elf/11/libgcc.a(_umodsi3.o)
 .debug_info    0x0000000000026404       0x24 /usr/local/lib/gcc/m68k-elf/11/libgcc.a(_modsi3.o)
 .debug_info    0x0000000000026428       0x25 /usr/local/lib/gcc/m68k-elf/11/libgcc.a(_double.o)
 .debug_info    0x000000000002644d       0x24 /usr/local/lib/gcc/m68k-elf/11/libgcc.a(_floatex.o)
 .debug_info    0x0000000000026471       0x24 /usr/local/lib/gcc/m68k-elf/11/libgcc.a(_eqdf2.o)
 .debug_info    0x0000000000026495       0x24 /usr/local/lib/gcc/m68k-elf/11/libgcc.a(_nedf2.o)
 .debug_info    0x00000000000264b9       0x24 /usr/local/lib/gcc/m68k-elf/11/libgcc.a(_gtdf2.o)
 .debug_info    0x00000000000264dd       0x24 /usr/local/lib/gcc/m68k-elf/11/libgcc.a(_ltdf2.o)
 .debug_info    0x0000000000026501       0x24 /usr/local/lib/gcc/m68k-elf/11/libgcc.a(_ledf2.o)
 .debug_info    0x0000000000026525       0x24 /usr/local/lib/gcc/m68k-elf/11/libgcc.a(_lesf2.o)
 .debug_info    0x0000000000026549      0x128 /usr/local/lib/gcc/m68k-elf/11/libgcc.a(_fixunsdfsi.o)
 .debug_info    0x0000000000026671      0x124 /usr/local/lib/gcc/m68k-elf/11/libgcc.a(_fixdfdi.o)
 .debug_info    0x0000000000026795      0x156 /usr/local/lib/gcc/m68k-elf/11/libgcc.a(_fixunsdfdi.o)
 .debug_info    0x00000000000268eb      0x14f /usr/local/lib/gcc/m68k-elf/11/libgcc.a(_floatdidf.o)
 .debug_info    0x0000000000026a3a      0x5bf /usr/local/lib/gcc/m68k-elf/11/libgcc.a(fpgnulib.o)
 .debug_info    0x0000000000026ff9      0x7d0 /usr/local/lib/gcc/m68k-elf/11/libgcc.a(xfgnulib.o)
 .debug_info    0x00000000000277c9       0x25 /usr/local/lib/gcc/m68k-elf/11/libgcc.a(_float.o)
 .debug_info    0x00000000000277ee       0x24 /usr/local/lib/gcc/m68k-elf/11/libgcc.a(_gedf2.o)
 .debug_info    0x0000000000027812       0x5e /usr/local/m68k-elf/lib/libidp.a(close.o)
 .debug_info    0x0000000000027870      0x2b9 /usr/local/m68k-elf/lib/libidp.a(fstat.o)
 .debug_info    0x0000000000027b29       0x4b /usr/local/m68k-elf/lib/libidp.a(getpid.o)
 .debug_info    0x0000000000027b74       0x5e /usr/local/m68k-elf/lib/libidp.a(isatty.o)
 .debug_info    0x0000000000027bd2       0x9b /usr/local/m68k-elf/lib/libidp.a(kill.o)
 .debug_info    0x0000000000027c6d       0xfb /usr/local/m68k-elf/lib/libidp.a(lseek.o)
 .debug_info    0x0000000000027d68       0xe4 /usr/local/m68k-elf/lib/libidp.a(sbrk.o)
 .debug_info    0x0000000000027e4c       0xc8 /usr/local/m68k-elf/lib/libidp.a(mc68ec.o)

.debug_abbrev   0x0000000000000000     0xa007
 .debug_abbrev  0x0000000000000000       0xf3 csys68k.o
 .debug_abbrev  0x00000000000000f3       0xd9 test1.o
 .debug_abbrev  0x00000000000001cc      0x1fd /usr/local/m68k-elf/lib/libc.a(libc_a-putchar.o)
 .debug_abbrev  0x00000000000003c9      0x23c /usr/local/m68k-elf/lib/libc.a(libc_a-scanf.o)
 .debug_abbrev  0x0000000000000605      0x185 /usr/local/m68k-elf/lib/libc.a(libc_a-impure.o)
 .debug_abbrev  0x000000000000078a      0x44c /usr/local/m68k-elf/lib/libc.a(libc_a-vfscanf.o)
 .debug_abbrev  0x0000000000000bd6      0x425 /usr/local/m68k-elf/lib/libc.a(libc_a-findfp.o)
 .debug_abbrev  0x0000000000000ffb      0x299 /usr/local/m68k-elf/lib/libc.a(libc_a-fread.o)
 .debug_abbrev  0x0000000000001294      0x1d6 /usr/local/m68k-elf/lib/libc.a(libc_a-fwalk.o)
 .debug_abbrev  0x000000000000146a      0x28f /usr/local/m68k-elf/lib/libc.a(libc_a-putc.o)
 .debug_abbrev  0x00000000000016f9      0x2a7 /usr/local/m68k-elf/lib/libc.a(libc_a-refill.o)
 .debug_abbrev  0x00000000000019a0       0xaa /usr/local/m68k-elf/lib/libc.a(libc_a-sccl.o)
 .debug_abbrev  0x0000000000001a4a      0x23b /usr/local/m68k-elf/lib/libc.a(libc_a-sprintf.o)
 .debug_abbrev  0x0000000000001c85      0x243 /usr/local/m68k-elf/lib/libc.a(libc_a-stdio.o)
 .debug_abbrev  0x0000000000001ec8      0x297 /usr/local/m68k-elf/lib/libc.a(libc_a-ungetc.o)
 .debug_abbrev  0x000000000000215f      0x25a /usr/local/m68k-elf/lib/libc.a(libc_a-wbuf.o)
 .debug_abbrev  0x00000000000023b9      0x1fe /usr/local/m68k-elf/lib/libc.a(libc_a-wsetup.o)
 .debug_abbrev  0x00000000000025b7      0x2e5 /usr/local/m68k-elf/lib/libc.a(libc_a-locale.o)
 .debug_abbrev  0x000000000000289c      0x264 /usr/local/m68k-elf/lib/libc.a(libc_a-localeconv.o)
 .debug_abbrev  0x0000000000002b00      0x1e0 /usr/local/m68k-elf/lib/libc.a(libc_a-closer.o)
 .debug_abbrev  0x0000000000002ce0      0x208 /usr/local/m68k-elf/lib/libc.a(libc_a-reent.o)
 .debug_abbrev  0x0000000000002ee8      0x1f1 /usr/local/m68k-elf/lib/libc.a(libc_a-lseekr.o)
 .debug_abbrev  0x00000000000030d9      0x1e0 /usr/local/m68k-elf/lib/libc.a(libc_a-readr.o)
 .debug_abbrev  0x00000000000032b9      0x1e5 /usr/local/m68k-elf/lib/libc.a(libc_a-writer.o)
 .debug_abbrev  0x000000000000349e       0x14 /usr/local/m68k-elf/lib/libc.a(libc_a-memcpy.o)
 .debug_abbrev  0x00000000000034b2       0x14 /usr/local/m68k-elf/lib/libc.a(libc_a-memset.o)
 .debug_abbrev  0x00000000000034c6       0x77 /usr/local/m68k-elf/lib/libc.a(libm_a-sf_nan.o)
 .debug_abbrev  0x000000000000353d      0x274 /usr/local/m68k-elf/lib/libc.a(libc_a-freer.o)
 .debug_abbrev  0x00000000000037b1      0x2b7 /usr/local/m68k-elf/lib/libc.a(libc_a-mallocr.o)
 .debug_abbrev  0x0000000000003a68      0x252 /usr/local/m68k-elf/lib/libc.a(libc_a-mbtowc_r.o)
 .debug_abbrev  0x0000000000003cba      0x1ce /usr/local/m68k-elf/lib/libc.a(libc_a-mlock.o)
 .debug_abbrev  0x0000000000003e88      0x256 /usr/local/m68k-elf/lib/libc.a(libc_a-reallocr.o)
 .debug_abbrev  0x00000000000040de      0x52e /usr/local/m68k-elf/lib/libc.a(libc_a-strtod.o)
 .debug_abbrev  0x000000000000460c      0x330 /usr/local/m68k-elf/lib/libc.a(libc_a-strtol.o)
 .debug_abbrev  0x000000000000493c      0x2f3 /usr/local/m68k-elf/lib/libc.a(libc_a-strtoul.o)
 .debug_abbrev  0x0000000000004c2f      0x226 /usr/local/m68k-elf/lib/libc.a(libc_a-wctomb_r.o)
 .debug_abbrev  0x0000000000004e55      0x21d /usr/local/m68k-elf/lib/libc.a(libc_a-mbrtowc.o)
 .debug_abbrev  0x0000000000005072       0x62 /usr/local/m68k-elf/lib/libc.a(libc_a-ctype_.o)
 .debug_abbrev  0x00000000000050d4       0xad /usr/local/m68k-elf/lib/libc.a(libc_a-iswspace.o)
 .debug_abbrev  0x0000000000005181      0x1db /usr/local/m68k-elf/lib/libc.a(libc_a-iswspace_l.o)
 .debug_abbrev  0x000000000000535c      0x3de /usr/local/m68k-elf/lib/libc.a(libc_a-svfprintf.o)
 .debug_abbrev  0x000000000000573a      0x2c1 /usr/local/m68k-elf/lib/libc.a(libc_a-fclose.o)
 .debug_abbrev  0x00000000000059fb      0x311 /usr/local/m68k-elf/lib/libc.a(libc_a-fflush.o)
 .debug_abbrev  0x0000000000005d0c      0x2ad /usr/local/m68k-elf/lib/libc.a(libc_a-makebuf.o)
 .debug_abbrev  0x0000000000005fb9       0xd4 /usr/local/m68k-elf/lib/libc.a(libc_a-memchr.o)
 .debug_abbrev  0x000000000000608d       0xc3 /usr/local/m68k-elf/lib/libc.a(libc_a-memmove.o)
 .debug_abbrev  0x0000000000006150       0x83 /usr/local/m68k-elf/lib/libc.a(libc_a-strcmp.o)
 .debug_abbrev  0x00000000000061d3       0x92 /usr/local/m68k-elf/lib/libc.a(libc_a-strncmp.o)
 .debug_abbrev  0x0000000000006265      0x1f0 /usr/local/m68k-elf/lib/libc.a(libc_a-fstatr.o)
 .debug_abbrev  0x0000000000006455      0x1e0 /usr/local/m68k-elf/lib/libc.a(libc_a-isattyr.o)
 .debug_abbrev  0x0000000000006635      0x1f3 /usr/local/m68k-elf/lib/libc.a(libc_a-sbrkr.o)
 .debug_abbrev  0x0000000000006828      0x19a /usr/local/m68k-elf/lib/libc.a(libc_a-errno.o)
 .debug_abbrev  0x00000000000069c2       0x8a /usr/local/m68k-elf/lib/libc.a(libc_a-strlen.o)
 .debug_abbrev  0x0000000000006a4c       0x77 /usr/local/m68k-elf/lib/libc.a(libm_a-s_nan.o)
 .debug_abbrev  0x0000000000006ac3      0x365 /usr/local/m68k-elf/lib/libc.a(libc_a-dtoa.o)
 .debug_abbrev  0x0000000000006e28      0x3e8 /usr/local/m68k-elf/lib/libc.a(libc_a-gdtoa-gethex.o)
 .debug_abbrev  0x0000000000007210      0x1c8 /usr/local/m68k-elf/lib/libc.a(libc_a-gdtoa-hexnan.o)
 .debug_abbrev  0x00000000000073d8      0x527 /usr/local/m68k-elf/lib/libc.a(libc_a-mprec.o)
 .debug_abbrev  0x00000000000078ff      0x311 /usr/local/m68k-elf/lib/libc.a(libc_a-svfiprintf.o)
 .debug_abbrev  0x0000000000007c10      0x206 /usr/local/m68k-elf/lib/libc.a(libc_a-assert.o)
 .debug_abbrev  0x0000000000007e16      0x238 /usr/local/m68k-elf/lib/libc.a(libc_a-callocr.o)
 .debug_abbrev  0x000000000000804e      0x221 /usr/local/m68k-elf/lib/libc.a(libc_a-fiprintf.o)
 .debug_abbrev  0x000000000000826f      0x46c /usr/local/m68k-elf/lib/libc.a(libc_a-vfiprintf.o)
 .debug_abbrev  0x00000000000086db      0x241 /usr/local/m68k-elf/lib/libc.a(libc_a-fvwrite.o)
 .debug_abbrev  0x000000000000891c      0x34a /usr/local/m68k-elf/lib/libc.a(libc_a-fputwc.o)
 .debug_abbrev  0x0000000000008c66       0x85 /usr/local/m68k-elf/lib/libc.a(libc_a-abort.o)
 .debug_abbrev  0x0000000000008ceb      0x233 /usr/local/m68k-elf/lib/libc.a(libc_a-wcrtomb.o)
 .debug_abbrev  0x0000000000008f1e      0x2f9 /usr/local/m68k-elf/lib/libc.a(libc_a-signal.o)
 .debug_abbrev  0x0000000000009217      0x22d /usr/local/m68k-elf/lib/libc.a(libc_a-signalr.o)
 .debug_abbrev  0x0000000000009444       0x14 /usr/local/lib/gcc/m68k-elf/11/libgcc.a(_mulsi3.o)
 .debug_abbrev  0x0000000000009458       0x14 /usr/local/lib/gcc/m68k-elf/11/libgcc.a(_udivsi3.o)
 .debug_abbrev  0x000000000000946c       0x14 /usr/local/lib/gcc/m68k-elf/11/libgcc.a(_divsi3.o)
 .debug_abbrev  0x0000000000009480       0x14 /usr/local/lib/gcc/m68k-elf/11/libgcc.a(_umodsi3.o)
 .debug_abbrev  0x0000000000009494       0x14 /usr/local/lib/gcc/m68k-elf/11/libgcc.a(_modsi3.o)
 .debug_abbrev  0x00000000000094a8       0x14 /usr/local/lib/gcc/m68k-elf/11/libgcc.a(_double.o)
 .debug_abbrev  0x00000000000094bc       0x14 /usr/local/lib/gcc/m68k-elf/11/libgcc.a(_floatex.o)
 .debug_abbrev  0x00000000000094d0       0x14 /usr/local/lib/gcc/m68k-elf/11/libgcc.a(_eqdf2.o)
 .debug_abbrev  0x00000000000094e4       0x14 /usr/local/lib/gcc/m68k-elf/11/libgcc.a(_nedf2.o)
 .debug_abbrev  0x00000000000094f8       0x14 /usr/local/lib/gcc/m68k-elf/11/libgcc.a(_gtdf2.o)
 .debug_abbrev  0x000000000000950c       0x14 /usr/local/lib/gcc/m68k-elf/11/libgcc.a(_ltdf2.o)
 .debug_abbrev  0x0000000000009520       0x14 /usr/local/lib/gcc/m68k-elf/11/libgcc.a(_ledf2.o)
 .debug_abbrev  0x0000000000009534       0x14 /usr/local/lib/gcc/m68k-elf/11/libgcc.a(_lesf2.o)
 .debug_abbrev  0x0000000000009548       0x7e /usr/local/lib/gcc/m68k-elf/11/libgcc.a(_fixunsdfsi.o)
 .debug_abbrev  0x00000000000095c6       0xa8 /usr/local/lib/gcc/m68k-elf/11/libgcc.a(_fixdfdi.o)
 .debug_abbrev  0x000000000000966e       0xa5 /usr/local/lib/gcc/m68k-elf/11/libgcc.a(_fixunsdfdi.o)
 .debug_abbrev  0x0000000000009713       0x92 /usr/local/lib/gcc/m68k-elf/11/libgcc.a(_floatdidf.o)
 .debug_abbrev  0x00000000000097a5      0x25f /usr/local/lib/gcc/m68k-elf/11/libgcc.a(fpgnulib.o)
 .debug_abbrev  0x0000000000009a04      0x1e3 /usr/local/lib/gcc/m68k-elf/11/libgcc.a(xfgnulib.o)
 .debug_abbrev  0x0000000000009be7       0x14 /usr/local/lib/gcc/m68k-elf/11/libgcc.a(_float.o)
 .debug_abbrev  0x0000000000009bfb       0x14 /usr/local/lib/gcc/m68k-elf/11/libgcc.a(_gedf2.o)
 .debug_abbrev  0x0000000000009c0f       0x58 /usr/local/m68k-elf/lib/libidp.a(close.o)
 .debug_abbrev  0x0000000000009c67       0xa6 /usr/local/m68k-elf/lib/libidp.a(fstat.o)
 .debug_abbrev  0x0000000000009d0d       0x45 /usr/local/m68k-elf/lib/libidp.a(getpid.o)
 .debug_abbrev  0x0000000000009d52       0x58 /usr/local/m68k-elf/lib/libidp.a(isatty.o)
 .debug_abbrev  0x0000000000009daa       0x99 /usr/local/m68k-elf/lib/libidp.a(kill.o)
 .debug_abbrev  0x0000000000009e43       0x9e /usr/local/m68k-elf/lib/libidp.a(lseek.o)
 .debug_abbrev  0x0000000000009ee1       0xa5 /usr/local/m68k-elf/lib/libidp.a(sbrk.o)
 .debug_abbrev  0x0000000000009f86       0x81 /usr/local/m68k-elf/lib/libidp.a(mc68ec.o)

.debug_loclists
                0x0000000000000000    0x13b3f
 .debug_loclists
                0x0000000000000000       0xe7 csys68k.o
 .debug_loclists
                0x00000000000000e7       0x18 test1.o
 .debug_loclists
                0x00000000000000ff       0x14 /usr/local/m68k-elf/lib/libc.a(libc_a-putchar.o)
 .debug_loclists
                0x0000000000000113       0x87 /usr/local/m68k-elf/lib/libc.a(libc_a-scanf.o)
 .debug_loclists
                0x000000000000019a     0x1ed3 /usr/local/m68k-elf/lib/libc.a(libc_a-vfscanf.o)
 .debug_loclists
                0x000000000000206d      0x19a /usr/local/m68k-elf/lib/libc.a(libc_a-findfp.o)
 .debug_loclists
                0x0000000000002207      0x1b8 /usr/local/m68k-elf/lib/libc.a(libc_a-fread.o)
 .debug_loclists
                0x00000000000023bf       0x62 /usr/local/m68k-elf/lib/libc.a(libc_a-fwalk.o)
 .debug_loclists
                0x0000000000002421      0x10c /usr/local/m68k-elf/lib/libc.a(libc_a-putc.o)
 .debug_loclists
                0x000000000000252d       0x90 /usr/local/m68k-elf/lib/libc.a(libc_a-refill.o)
 .debug_loclists
                0x00000000000025bd      0x19e /usr/local/m68k-elf/lib/libc.a(libc_a-sccl.o)
 .debug_loclists
                0x000000000000275b       0xa1 /usr/local/m68k-elf/lib/libc.a(libc_a-sprintf.o)
 .debug_loclists
                0x00000000000027fc       0x92 /usr/local/m68k-elf/lib/libc.a(libc_a-stdio.o)
 .debug_loclists
                0x000000000000288e      0x119 /usr/local/m68k-elf/lib/libc.a(libc_a-ungetc.o)
 .debug_loclists
                0x00000000000029a7       0x7b /usr/local/m68k-elf/lib/libc.a(libc_a-wbuf.o)
 .debug_loclists
                0x0000000000002a22       0x1d /usr/local/m68k-elf/lib/libc.a(libc_a-wsetup.o)
 .debug_loclists
                0x0000000000002a3f       0x56 /usr/local/m68k-elf/lib/libc.a(libc_a-locale.o)
 .debug_loclists
                0x0000000000002a95       0x21 /usr/local/m68k-elf/lib/libc.a(libc_a-localeconv.o)
 .debug_loclists
                0x0000000000002ab6       0x14 /usr/local/m68k-elf/lib/libc.a(libc_a-closer.o)
 .debug_loclists
                0x0000000000002aca       0x23 /usr/local/m68k-elf/lib/libc.a(libc_a-reent.o)
 .debug_loclists
                0x0000000000002aed       0x14 /usr/local/m68k-elf/lib/libc.a(libc_a-lseekr.o)
 .debug_loclists
                0x0000000000002b01       0x14 /usr/local/m68k-elf/lib/libc.a(libc_a-readr.o)
 .debug_loclists
                0x0000000000002b15       0x14 /usr/local/m68k-elf/lib/libc.a(libc_a-writer.o)
 .debug_loclists
                0x0000000000002b29      0x3eb /usr/local/m68k-elf/lib/libc.a(libc_a-freer.o)
 .debug_loclists
                0x0000000000002f14      0x9b7 /usr/local/m68k-elf/lib/libc.a(libc_a-mallocr.o)
 .debug_loclists
                0x00000000000038cb       0x33 /usr/local/m68k-elf/lib/libc.a(libc_a-mbtowc_r.o)
 .debug_loclists
                0x00000000000038fe     0x131f /usr/local/m68k-elf/lib/libc.a(libc_a-reallocr.o)
 .debug_loclists
                0x0000000000004c1d     0x1efd /usr/local/m68k-elf/lib/libc.a(libc_a-strtod.o)
 .debug_loclists
                0x0000000000006b1a      0x3d4 /usr/local/m68k-elf/lib/libc.a(libc_a-strtol.o)
 .debug_loclists
                0x0000000000006eee      0x375 /usr/local/m68k-elf/lib/libc.a(libc_a-strtoul.o)
 .debug_loclists
                0x0000000000007263       0x3a /usr/local/m68k-elf/lib/libc.a(libc_a-wctomb_r.o)
 .debug_loclists
                0x000000000000729d       0x6c /usr/local/m68k-elf/lib/libc.a(libc_a-mbrtowc.o)
 .debug_loclists
                0x0000000000007309     0x265f /usr/local/m68k-elf/lib/libc.a(libc_a-svfprintf.o)
 .debug_loclists
                0x0000000000009968       0x6c /usr/local/m68k-elf/lib/libc.a(libc_a-fclose.o)
 .debug_loclists
                0x00000000000099d4      0x17d /usr/local/m68k-elf/lib/libc.a(libc_a-fflush.o)
 .debug_loclists
                0x0000000000009b51      0x32e /usr/local/m68k-elf/lib/libc.a(libc_a-makebuf.o)
 .debug_loclists
                0x0000000000009e7f       0xe3 /usr/local/m68k-elf/lib/libc.a(libc_a-memchr.o)
 .debug_loclists
                0x0000000000009f62      0x2be /usr/local/m68k-elf/lib/libc.a(libc_a-memmove.o)
 .debug_loclists
                0x000000000000a220       0x5a /usr/local/m68k-elf/lib/libc.a(libc_a-strcmp.o)
 .debug_loclists
                0x000000000000a27a       0xe9 /usr/local/m68k-elf/lib/libc.a(libc_a-strncmp.o)
 .debug_loclists
                0x000000000000a363       0x14 /usr/local/m68k-elf/lib/libc.a(libc_a-fstatr.o)
 .debug_loclists
                0x000000000000a377       0x14 /usr/local/m68k-elf/lib/libc.a(libc_a-isattyr.o)
 .debug_loclists
                0x000000000000a38b       0x14 /usr/local/m68k-elf/lib/libc.a(libc_a-sbrkr.o)
 .debug_loclists
                0x000000000000a39f       0x25 /usr/local/m68k-elf/lib/libc.a(libc_a-strlen.o)
 .debug_loclists
                0x000000000000a3c4     0x270b /usr/local/m68k-elf/lib/libc.a(libc_a-dtoa.o)
 .debug_loclists
                0x000000000000cacf      0xece /usr/local/m68k-elf/lib/libc.a(libc_a-gdtoa-gethex.o)
 .debug_loclists
                0x000000000000d99d      0x536 /usr/local/m68k-elf/lib/libc.a(libc_a-gdtoa-hexnan.o)
 .debug_loclists
                0x000000000000ded3     0x18c8 /usr/local/m68k-elf/lib/libc.a(libc_a-mprec.o)
 .debug_loclists
                0x000000000000f79b     0x1313 /usr/local/m68k-elf/lib/libc.a(libc_a-svfiprintf.o)
 .debug_loclists
                0x0000000000010aae      0x1c1 /usr/local/m68k-elf/lib/libc.a(libc_a-callocr.o)
 .debug_loclists
                0x0000000000010c6f       0xc1 /usr/local/m68k-elf/lib/libc.a(libc_a-fiprintf.o)
 .debug_loclists
                0x0000000000010d30     0x1c2f /usr/local/m68k-elf/lib/libc.a(libc_a-vfiprintf.o)
 .debug_loclists
                0x000000000001295f      0x3e1 /usr/local/m68k-elf/lib/libc.a(libc_a-fvwrite.o)
 .debug_loclists
                0x0000000000012d40      0x198 /usr/local/m68k-elf/lib/libc.a(libc_a-fputwc.o)
 .debug_loclists
                0x0000000000012ed8      0x1de /usr/local/m68k-elf/lib/libc.a(libc_a-wcrtomb.o)
 .debug_loclists
                0x00000000000130b6      0x245 /usr/local/m68k-elf/lib/libc.a(libc_a-signal.o)
 .debug_loclists
                0x00000000000132fb       0x14 /usr/local/m68k-elf/lib/libc.a(libc_a-signalr.o)
 .debug_loclists
                0x000000000001330f       0x82 /usr/local/lib/gcc/m68k-elf/11/libgcc.a(_fixunsdfdi.o)
 .debug_loclists
                0x0000000000013391       0x37 /usr/local/lib/gcc/m68k-elf/11/libgcc.a(_floatdidf.o)
 .debug_loclists
                0x00000000000133c8      0x536 /usr/local/lib/gcc/m68k-elf/11/libgcc.a(fpgnulib.o)
 .debug_loclists
                0x00000000000138fe      0x1eb /usr/local/lib/gcc/m68k-elf/11/libgcc.a(xfgnulib.o)
 .debug_loclists
                0x0000000000013ae9       0x1f /usr/local/m68k-elf/lib/libidp.a(sbrk.o)
 .debug_loclists
                0x0000000000013b08       0x37 /usr/local/m68k-elf/lib/libidp.a(mc68ec.o)

.debug_aranges  0x0000000000000000      0xc38
 .debug_aranges
                0x0000000000000000       0x20 csys68k.o
 .debug_aranges
                0x0000000000000020       0x28 test1.o
 .debug_aranges
                0x0000000000000048       0x20 /usr/local/m68k-elf/lib/libc.a(libc_a-putchar.o)
 .debug_aranges
                0x0000000000000068       0x20 /usr/local/m68k-elf/lib/libc.a(libc_a-scanf.o)
 .debug_aranges
                0x0000000000000088       0x18 /usr/local/m68k-elf/lib/libc.a(libc_a-impure.o)
 .debug_aranges
                0x00000000000000a0       0x20 /usr/local/m68k-elf/lib/libc.a(libc_a-vfscanf.o)
 .debug_aranges
                0x00000000000000c0       0x20 /usr/local/m68k-elf/lib/libc.a(libc_a-findfp.o)
 .debug_aranges
                0x00000000000000e0       0x20 /usr/local/m68k-elf/lib/libc.a(libc_a-fread.o)
 .debug_aranges
                0x0000000000000100       0x20 /usr/local/m68k-elf/lib/libc.a(libc_a-fwalk.o)
 .debug_aranges
                0x0000000000000120       0x20 /usr/local/m68k-elf/lib/libc.a(libc_a-putc.o)
 .debug_aranges
                0x0000000000000140       0x20 /usr/local/m68k-elf/lib/libc.a(libc_a-refill.o)
 .debug_aranges
                0x0000000000000160       0x20 /usr/local/m68k-elf/lib/libc.a(libc_a-sccl.o)
 .debug_aranges
                0x0000000000000180       0x20 /usr/local/m68k-elf/lib/libc.a(libc_a-sprintf.o)
 .debug_aranges
                0x00000000000001a0       0x20 /usr/local/m68k-elf/lib/libc.a(libc_a-stdio.o)
 .debug_aranges
                0x00000000000001c0       0x20 /usr/local/m68k-elf/lib/libc.a(libc_a-ungetc.o)
 .debug_aranges
                0x00000000000001e0       0x20 /usr/local/m68k-elf/lib/libc.a(libc_a-wbuf.o)
 .debug_aranges
                0x0000000000000200       0x20 /usr/local/m68k-elf/lib/libc.a(libc_a-wsetup.o)
 .debug_aranges
                0x0000000000000220       0x20 /usr/local/m68k-elf/lib/libc.a(libc_a-locale.o)
 .debug_aranges
                0x0000000000000240       0x20 /usr/local/m68k-elf/lib/libc.a(libc_a-localeconv.o)
 .debug_aranges
                0x0000000000000260       0x20 /usr/local/m68k-elf/lib/libc.a(libc_a-closer.o)
 .debug_aranges
                0x0000000000000280       0x20 /usr/local/m68k-elf/lib/libc.a(libc_a-reent.o)
 .debug_aranges
                0x00000000000002a0       0x20 /usr/local/m68k-elf/lib/libc.a(libc_a-lseekr.o)
 .debug_aranges
                0x00000000000002c0       0x20 /usr/local/m68k-elf/lib/libc.a(libc_a-readr.o)
 .debug_aranges
                0x00000000000002e0       0x20 /usr/local/m68k-elf/lib/libc.a(libc_a-writer.o)
 .debug_aranges
                0x0000000000000300       0x20 /usr/local/m68k-elf/lib/libc.a(libc_a-memcpy.o)
 .debug_aranges
                0x0000000000000320       0x20 /usr/local/m68k-elf/lib/libc.a(libc_a-memset.o)
 .debug_aranges
                0x0000000000000340       0x20 /usr/local/m68k-elf/lib/libc.a(libm_a-sf_nan.o)
 .debug_aranges
                0x0000000000000360       0x20 /usr/local/m68k-elf/lib/libc.a(libc_a-freer.o)
 .debug_aranges
                0x0000000000000380       0x20 /usr/local/m68k-elf/lib/libc.a(libc_a-mallocr.o)
 .debug_aranges
                0x00000000000003a0       0x20 /usr/local/m68k-elf/lib/libc.a(libc_a-mbtowc_r.o)
 .debug_aranges
                0x00000000000003c0       0x20 /usr/local/m68k-elf/lib/libc.a(libc_a-mlock.o)
 .debug_aranges
                0x00000000000003e0       0x20 /usr/local/m68k-elf/lib/libc.a(libc_a-reallocr.o)
 .debug_aranges
                0x0000000000000400       0x20 /usr/local/m68k-elf/lib/libc.a(libc_a-strtod.o)
 .debug_aranges
                0x0000000000000420       0x20 /usr/local/m68k-elf/lib/libc.a(libc_a-strtol.o)
 .debug_aranges
                0x0000000000000440       0x20 /usr/local/m68k-elf/lib/libc.a(libc_a-strtoul.o)
 .debug_aranges
                0x0000000000000460       0x20 /usr/local/m68k-elf/lib/libc.a(libc_a-wctomb_r.o)
 .debug_aranges
                0x0000000000000480       0x20 /usr/local/m68k-elf/lib/libc.a(libc_a-mbrtowc.o)
 .debug_aranges
                0x00000000000004a0       0x18 /usr/local/m68k-elf/lib/libc.a(libc_a-ctype_.o)
 .debug_aranges
                0x00000000000004b8       0x20 /usr/local/m68k-elf/lib/libc.a(libc_a-iswspace.o)
 .debug_aranges
                0x00000000000004d8       0x20 /usr/local/m68k-elf/lib/libc.a(libc_a-iswspace_l.o)
 .debug_aranges
                0x00000000000004f8       0x20 /usr/local/m68k-elf/lib/libc.a(libc_a-svfprintf.o)
 .debug_aranges
                0x0000000000000518       0x20 /usr/local/m68k-elf/lib/libc.a(libc_a-fclose.o)
 .debug_aranges
                0x0000000000000538       0x20 /usr/local/m68k-elf/lib/libc.a(libc_a-fflush.o)
 .debug_aranges
                0x0000000000000558       0x20 /usr/local/m68k-elf/lib/libc.a(libc_a-makebuf.o)
 .debug_aranges
                0x0000000000000578       0x20 /usr/local/m68k-elf/lib/libc.a(libc_a-memchr.o)
 .debug_aranges
                0x0000000000000598       0x20 /usr/local/m68k-elf/lib/libc.a(libc_a-memmove.o)
 .debug_aranges
                0x00000000000005b8       0x20 /usr/local/m68k-elf/lib/libc.a(libc_a-strcmp.o)
 .debug_aranges
                0x00000000000005d8       0x20 /usr/local/m68k-elf/lib/libc.a(libc_a-strncmp.o)
 .debug_aranges
                0x00000000000005f8       0x20 /usr/local/m68k-elf/lib/libc.a(libc_a-fstatr.o)
 .debug_aranges
                0x0000000000000618       0x20 /usr/local/m68k-elf/lib/libc.a(libc_a-isattyr.o)
 .debug_aranges
                0x0000000000000638       0x20 /usr/local/m68k-elf/lib/libc.a(libc_a-sbrkr.o)
 .debug_aranges
                0x0000000000000658       0x20 /usr/local/m68k-elf/lib/libc.a(libc_a-errno.o)
 .debug_aranges
                0x0000000000000678       0x20 /usr/local/m68k-elf/lib/libc.a(libc_a-strlen.o)
 .debug_aranges
                0x0000000000000698       0x20 /usr/local/m68k-elf/lib/libc.a(libm_a-s_nan.o)
 .debug_aranges
                0x00000000000006b8       0x20 /usr/local/m68k-elf/lib/libc.a(libc_a-dtoa.o)
 .debug_aranges
                0x00000000000006d8       0x20 /usr/local/m68k-elf/lib/libc.a(libc_a-gdtoa-gethex.o)
 .debug_aranges
                0x00000000000006f8       0x20 /usr/local/m68k-elf/lib/libc.a(libc_a-gdtoa-hexnan.o)
 .debug_aranges
                0x0000000000000718       0x20 /usr/local/m68k-elf/lib/libc.a(libc_a-mprec.o)
 .debug_aranges
                0x0000000000000738       0x20 /usr/local/m68k-elf/lib/libc.a(libc_a-svfiprintf.o)
 .debug_aranges
                0x0000000000000758       0x20 /usr/local/m68k-elf/lib/libc.a(libc_a-assert.o)
 .debug_aranges
                0x0000000000000778       0x20 /usr/local/m68k-elf/lib/libc.a(libc_a-callocr.o)
 .debug_aranges
                0x0000000000000798       0x20 /usr/local/m68k-elf/lib/libc.a(libc_a-fiprintf.o)
 .debug_aranges
                0x00000000000007b8       0x20 /usr/local/m68k-elf/lib/libc.a(libc_a-vfiprintf.o)
 .debug_aranges
                0x00000000000007d8       0x20 /usr/local/m68k-elf/lib/libc.a(libc_a-fvwrite.o)
 .debug_aranges
                0x00000000000007f8       0x20 /usr/local/m68k-elf/lib/libc.a(libc_a-fputwc.o)
 .debug_aranges
                0x0000000000000818       0x20 /usr/local/m68k-elf/lib/libc.a(libc_a-abort.o)
 .debug_aranges
                0x0000000000000838       0x20 /usr/local/m68k-elf/lib/libc.a(libc_a-wcrtomb.o)
 .debug_aranges
                0x0000000000000858       0x20 /usr/local/m68k-elf/lib/libc.a(libc_a-signal.o)
 .debug_aranges
                0x0000000000000878       0x20 /usr/local/m68k-elf/lib/libc.a(libc_a-signalr.o)
 .debug_aranges
                0x0000000000000898       0x20 /usr/local/lib/gcc/m68k-elf/11/libgcc.a(_mulsi3.o)
 .debug_aranges
                0x00000000000008b8       0x20 /usr/local/lib/gcc/m68k-elf/11/libgcc.a(_udivsi3.o)
 .debug_aranges
                0x00000000000008d8       0x20 /usr/local/lib/gcc/m68k-elf/11/libgcc.a(_divsi3.o)
 .debug_aranges
                0x00000000000008f8       0x20 /usr/local/lib/gcc/m68k-elf/11/libgcc.a(_umodsi3.o)
 .debug_aranges
                0x0000000000000918       0x20 /usr/local/lib/gcc/m68k-elf/11/libgcc.a(_modsi3.o)
 .debug_aranges
                0x0000000000000938       0x20 /usr/local/lib/gcc/m68k-elf/11/libgcc.a(_double.o)
 .debug_aranges
                0x0000000000000958       0x20 /usr/local/lib/gcc/m68k-elf/11/libgcc.a(_floatex.o)
 .debug_aranges
                0x0000000000000978       0x20 /usr/local/lib/gcc/m68k-elf/11/libgcc.a(_eqdf2.o)
 .debug_aranges
                0x0000000000000998       0x20 /usr/local/lib/gcc/m68k-elf/11/libgcc.a(_nedf2.o)
 .debug_aranges
                0x00000000000009b8       0x20 /usr/local/lib/gcc/m68k-elf/11/libgcc.a(_gtdf2.o)
 .debug_aranges
                0x00000000000009d8       0x20 /usr/local/lib/gcc/m68k-elf/11/libgcc.a(_ltdf2.o)
 .debug_aranges
                0x00000000000009f8       0x20 /usr/local/lib/gcc/m68k-elf/11/libgcc.a(_ledf2.o)
 .debug_aranges
                0x0000000000000a18       0x20 /usr/local/lib/gcc/m68k-elf/11/libgcc.a(_lesf2.o)
 .debug_aranges
                0x0000000000000a38       0x20 /usr/local/lib/gcc/m68k-elf/11/libgcc.a(_fixunsdfsi.o)
 .debug_aranges
                0x0000000000000a58       0x20 /usr/local/lib/gcc/m68k-elf/11/libgcc.a(_fixdfdi.o)
 .debug_aranges
                0x0000000000000a78       0x20 /usr/local/lib/gcc/m68k-elf/11/libgcc.a(_fixunsdfdi.o)
 .debug_aranges
                0x0000000000000a98       0x20 /usr/local/lib/gcc/m68k-elf/11/libgcc.a(_floatdidf.o)
 .debug_aranges
                0x0000000000000ab8       0x20 /usr/local/lib/gcc/m68k-elf/11/libgcc.a(fpgnulib.o)
 .debug_aranges
                0x0000000000000ad8       0x20 /usr/local/lib/gcc/m68k-elf/11/libgcc.a(xfgnulib.o)
 .debug_aranges
                0x0000000000000af8       0x20 /usr/local/lib/gcc/m68k-elf/11/libgcc.a(_float.o)
 .debug_aranges
                0x0000000000000b18       0x20 /usr/local/lib/gcc/m68k-elf/11/libgcc.a(_gedf2.o)
 .debug_aranges
                0x0000000000000b38       0x20 /usr/local/m68k-elf/lib/libidp.a(close.o)
 .debug_aranges
                0x0000000000000b58       0x20 /usr/local/m68k-elf/lib/libidp.a(fstat.o)
 .debug_aranges
                0x0000000000000b78       0x20 /usr/local/m68k-elf/lib/libidp.a(getpid.o)
 .debug_aranges
                0x0000000000000b98       0x20 /usr/local/m68k-elf/lib/libidp.a(isatty.o)
 .debug_aranges
                0x0000000000000bb8       0x20 /usr/local/m68k-elf/lib/libidp.a(kill.o)
 .debug_aranges
                0x0000000000000bd8       0x20 /usr/local/m68k-elf/lib/libidp.a(lseek.o)
 .debug_aranges
                0x0000000000000bf8       0x20 /usr/local/m68k-elf/lib/libidp.a(sbrk.o)
 .debug_aranges
                0x0000000000000c18       0x20 /usr/local/m68k-elf/lib/libidp.a(mc68ec.o)

.debug_line     0x0000000000000000    0x14ebe
 .debug_line    0x0000000000000000      0x118 csys68k.o
 .debug_line    0x0000000000000118       0xea test1.o
 .debug_line    0x0000000000000202      0x162 /usr/local/m68k-elf/lib/libc.a(libc_a-putchar.o)
 .debug_line    0x0000000000000364      0x18f /usr/local/m68k-elf/lib/libc.a(libc_a-scanf.o)
 .debug_line    0x00000000000004f3       0xac /usr/local/m68k-elf/lib/libc.a(libc_a-impure.o)
 .debug_line    0x000000000000059f     0x1951 /usr/local/m68k-elf/lib/libc.a(libc_a-vfscanf.o)
 .debug_line    0x0000000000001ef0      0x52f /usr/local/m68k-elf/lib/libc.a(libc_a-findfp.o)
 .debug_line    0x000000000000241f      0x3c5 /usr/local/m68k-elf/lib/libc.a(libc_a-fread.o)
 .debug_line    0x00000000000027e4      0x199 /usr/local/m68k-elf/lib/libc.a(libc_a-fwalk.o)
 .debug_line    0x000000000000297d      0x279 /usr/local/m68k-elf/lib/libc.a(libc_a-putc.o)
 .debug_line    0x0000000000002bf6      0x37f /usr/local/m68k-elf/lib/libc.a(libc_a-refill.o)
 .debug_line    0x0000000000002f75      0x1b5 /usr/local/m68k-elf/lib/libc.a(libc_a-sccl.o)
 .debug_line    0x000000000000312a      0x1ef /usr/local/m68k-elf/lib/libc.a(libc_a-sprintf.o)
 .debug_line    0x0000000000003319      0x21e /usr/local/m68k-elf/lib/libc.a(libc_a-stdio.o)
 .debug_line    0x0000000000003537      0x3e1 /usr/local/m68k-elf/lib/libc.a(libc_a-ungetc.o)
 .debug_line    0x0000000000003918      0x29f /usr/local/m68k-elf/lib/libc.a(libc_a-wbuf.o)
 .debug_line    0x0000000000003bb7      0x2db /usr/local/m68k-elf/lib/libc.a(libc_a-wsetup.o)
 .debug_line    0x0000000000003e92      0x26f /usr/local/m68k-elf/lib/libc.a(libc_a-locale.o)
 .debug_line    0x0000000000004101      0x173 /usr/local/m68k-elf/lib/libc.a(libc_a-localeconv.o)
 .debug_line    0x0000000000004274      0x178 /usr/local/m68k-elf/lib/libc.a(libc_a-closer.o)
 .debug_line    0x00000000000043ec      0x1c1 /usr/local/m68k-elf/lib/libc.a(libc_a-reent.o)
 .debug_line    0x00000000000045ad      0x183 /usr/local/m68k-elf/lib/libc.a(libc_a-lseekr.o)
 .debug_line    0x0000000000004730      0x177 /usr/local/m68k-elf/lib/libc.a(libc_a-readr.o)
 .debug_line    0x00000000000048a7      0x178 /usr/local/m68k-elf/lib/libc.a(libc_a-writer.o)
 .debug_line    0x0000000000004a1f       0x69 /usr/local/m68k-elf/lib/libc.a(libc_a-memcpy.o)
 .debug_line    0x0000000000004a88       0x6d /usr/local/m68k-elf/lib/libc.a(libc_a-memset.o)
 .debug_line    0x0000000000004af5       0xb0 /usr/local/m68k-elf/lib/libc.a(libm_a-sf_nan.o)
 .debug_line    0x0000000000004ba5      0x500 /usr/local/m68k-elf/lib/libc.a(libc_a-freer.o)
 .debug_line    0x00000000000050a5      0x99b /usr/local/m68k-elf/lib/libc.a(libc_a-mallocr.o)
 .debug_line    0x0000000000005a40      0x201 /usr/local/m68k-elf/lib/libc.a(libc_a-mbtowc_r.o)
 .debug_line    0x0000000000005c41      0x140 /usr/local/m68k-elf/lib/libc.a(libc_a-mlock.o)
 .debug_line    0x0000000000005d81      0x864 /usr/local/m68k-elf/lib/libc.a(libc_a-reallocr.o)
 .debug_line    0x00000000000065e5     0x14c4 /usr/local/m68k-elf/lib/libc.a(libc_a-strtod.o)
 .debug_line    0x0000000000007aa9      0x483 /usr/local/m68k-elf/lib/libc.a(libc_a-strtol.o)
 .debug_line    0x0000000000007f2c      0x402 /usr/local/m68k-elf/lib/libc.a(libc_a-strtoul.o)
 .debug_line    0x000000000000832e      0x1f4 /usr/local/m68k-elf/lib/libc.a(libc_a-wctomb_r.o)
 .debug_line    0x0000000000008522      0x24b /usr/local/m68k-elf/lib/libc.a(libc_a-mbrtowc.o)
 .debug_line    0x000000000000876d       0x5b /usr/local/m68k-elf/lib/libc.a(libc_a-ctype_.o)
 .debug_line    0x00000000000087c8      0x132 /usr/local/m68k-elf/lib/libc.a(libc_a-iswspace.o)
 .debug_line    0x00000000000088fa      0x1c7 /usr/local/m68k-elf/lib/libc.a(libc_a-iswspace_l.o)
 .debug_line    0x0000000000008ac1     0x1967 /usr/local/m68k-elf/lib/libc.a(libc_a-svfprintf.o)
 .debug_line    0x000000000000a428      0x24c /usr/local/m68k-elf/lib/libc.a(libc_a-fclose.o)
 .debug_line    0x000000000000a674      0x484 /usr/local/m68k-elf/lib/libc.a(libc_a-fflush.o)
 .debug_line    0x000000000000aaf8      0x36d /usr/local/m68k-elf/lib/libc.a(libc_a-makebuf.o)
 .debug_line    0x000000000000ae65      0x19f /usr/local/m68k-elf/lib/libc.a(libc_a-memchr.o)
 .debug_line    0x000000000000b004      0x1da /usr/local/m68k-elf/lib/libc.a(libc_a-memmove.o)
 .debug_line    0x000000000000b1de      0x144 /usr/local/m68k-elf/lib/libc.a(libc_a-strcmp.o)
 .debug_line    0x000000000000b322      0x1bf /usr/local/m68k-elf/lib/libc.a(libc_a-strncmp.o)
 .debug_line    0x000000000000b4e1      0x1ed /usr/local/m68k-elf/lib/libc.a(libc_a-fstatr.o)
 .debug_line    0x000000000000b6ce      0x179 /usr/local/m68k-elf/lib/libc.a(libc_a-isattyr.o)
 .debug_line    0x000000000000b847      0x16c /usr/local/m68k-elf/lib/libc.a(libc_a-sbrkr.o)
 .debug_line    0x000000000000b9b3      0x10b /usr/local/m68k-elf/lib/libc.a(libc_a-errno.o)
 .debug_line    0x000000000000babe       0xfa /usr/local/m68k-elf/lib/libc.a(libc_a-strlen.o)
 .debug_line    0x000000000000bbb8       0xb1 /usr/local/m68k-elf/lib/libc.a(libm_a-s_nan.o)
 .debug_line    0x000000000000bc69     0x1617 /usr/local/m68k-elf/lib/libc.a(libc_a-dtoa.o)
 .debug_line    0x000000000000d280      0xb05 /usr/local/m68k-elf/lib/libc.a(libc_a-gdtoa-gethex.o)
 .debug_line    0x000000000000dd85      0x3ea /usr/local/m68k-elf/lib/libc.a(libc_a-gdtoa-hexnan.o)
 .debug_line    0x000000000000e16f     0x1599 /usr/local/m68k-elf/lib/libc.a(libc_a-mprec.o)
 .debug_line    0x000000000000f708     0x1007 /usr/local/m68k-elf/lib/libc.a(libc_a-svfiprintf.o)
 .debug_line    0x000000000001070f      0x183 /usr/local/m68k-elf/lib/libc.a(libc_a-assert.o)
 .debug_line    0x0000000000010892      0x226 /usr/local/m68k-elf/lib/libc.a(libc_a-callocr.o)
 .debug_line    0x0000000000010ab8      0x180 /usr/local/m68k-elf/lib/libc.a(libc_a-fiprintf.o)
 .debug_line    0x0000000000010c38     0x12da /usr/local/m68k-elf/lib/libc.a(libc_a-vfiprintf.o)
 .debug_line    0x0000000000011f12      0x610 /usr/local/m68k-elf/lib/libc.a(libc_a-fvwrite.o)
 .debug_line    0x0000000000012522      0x30b /usr/local/m68k-elf/lib/libc.a(libc_a-fputwc.o)
 .debug_line    0x000000000001282d      0x100 /usr/local/m68k-elf/lib/libc.a(libc_a-abort.o)
 .debug_line    0x000000000001292d      0x253 /usr/local/m68k-elf/lib/libc.a(libc_a-wcrtomb.o)
 .debug_line    0x0000000000012b80      0x618 /usr/local/m68k-elf/lib/libc.a(libc_a-signal.o)
 .debug_line    0x0000000000013198      0x19f /usr/local/m68k-elf/lib/libc.a(libc_a-signalr.o)
 .debug_line    0x0000000000013337       0x54 /usr/local/lib/gcc/m68k-elf/11/libgcc.a(_mulsi3.o)
 .debug_line    0x000000000001338b       0x6d /usr/local/lib/gcc/m68k-elf/11/libgcc.a(_udivsi3.o)
 .debug_line    0x00000000000133f8       0x5c /usr/local/lib/gcc/m68k-elf/11/libgcc.a(_divsi3.o)
 .debug_line    0x0000000000013454       0x58 /usr/local/lib/gcc/m68k-elf/11/libgcc.a(_umodsi3.o)
 .debug_line    0x00000000000134ac       0x58 /usr/local/lib/gcc/m68k-elf/11/libgcc.a(_modsi3.o)
 .debug_line    0x0000000000013504      0x3cb /usr/local/lib/gcc/m68k-elf/11/libgcc.a(_double.o)
 .debug_line    0x00000000000138cf       0x63 /usr/local/lib/gcc/m68k-elf/11/libgcc.a(_floatex.o)
 .debug_line    0x0000000000013932       0x52 /usr/local/lib/gcc/m68k-elf/11/libgcc.a(_eqdf2.o)
 .debug_line    0x0000000000013984       0x52 /usr/local/lib/gcc/m68k-elf/11/libgcc.a(_nedf2.o)
 .debug_line    0x00000000000139d6       0x52 /usr/local/lib/gcc/m68k-elf/11/libgcc.a(_gtdf2.o)
 .debug_line    0x0000000000013a28       0x52 /usr/local/lib/gcc/m68k-elf/11/libgcc.a(_ltdf2.o)